ERROR:xstate_statemachine.interpreter:💥 Service 'place_order' (ID: 'place') failed: timeout
Traceback (most recent call last):
  File "<workspace>\_ref\xstate-statemachine\src\xstate_statemachine\interpreter.py", line 2592, in _invoke_service_task
    await produced if inspect.isawaitable(produced) else produced
    ^^^^^^^^^^^^^^
  File "<workspace>\CandleViewer\docs\research\xstate\battle-f28719c\contracts\cvf28.py", line 159, in s
    v = resolve(n, interp, ctx, evt)
  File "<workspace>\CandleViewer\docs\research\xstate\battle-f28719c\contracts\cvf28.py", line 154, in resolve
    raise v
RuntimeError: timeout
ERROR:xstate_statemachine.interpreter:💥 Service 'place_order' (ID: 'place') failed: t
Traceback (most recent call last):
  File "<workspace>\_ref\xstate-statemachine\src\xstate_statemachine\interpreter.py", line 2592, in _invoke_service_task
    await produced if inspect.isawaitable(produced) else produced
    ^^^^^^^^^^^^^^
  File "<workspace>\CandleViewer\docs\research\xstate\battle-f28719c\contracts\cvf28.py", line 159, in s
    v = resolve(n, interp, ctx, evt)
  File "<workspace>\CandleViewer\docs\research\xstate\battle-f28719c\contracts\cvf28.py", line 154, in resolve
    raise v
RuntimeError: t
ERROR:xstate_statemachine.interpreter:💥 Service 'attach_native_sl' (ID: 'attach_sl') failed: no sl
Traceback (most recent call last):
  File "<workspace>\_ref\xstate-statemachine\src\xstate_statemachine\interpreter.py", line 2592, in _invoke_service_task
    await produced if inspect.isawaitable(produced) else produced
    ^^^^^^^^^^^^^^
  File "<workspace>\CandleViewer\docs\research\xstate\battle-f28719c\contracts\cvf28.py", line 159, in s
    v = resolve(n, interp, ctx, evt)
  File "<workspace>\CandleViewer\docs\research\xstate\battle-f28719c\contracts\cvf28.py", line 154, in resolve
    raise v
RuntimeError: no sl
ERROR:xstate_statemachine.interpreter:💥 Service 'amend_order' (ID: 'amend') failed: Future() takes at most 1 argument (3 given)
Traceback (most recent call last):
  File "<workspace>\_ref\xstate-statemachine\src\xstate_statemachine\interpreter.py", line 2592, in _invoke_service_task
    await produced if inspect.isawaitable(produced) else produced
    ^^^^^^^^^^^^^^
  File "<workspace>\CandleViewer\docs\research\xstate\battle-f28719c\contracts\cvf28.py", line 159, in s
    v = resolve(n, interp, ctx, evt)
  File "<workspace>\CandleViewer\docs\research\xstate\battle-f28719c\contracts\cvf28.py", line 152, in resolve
    v = v(interp, ctx, evt)
TypeError: Future() takes at most 1 argument (3 given)
ERROR:xstate_statemachine.base_interpreter:🔥 Action 'adopt_ack' raised while handling event 'done.invoke.place'; skipping remaining actions in this list.
Traceback (most recent call last):
  File "<workspace>\_ref\xstate-statemachine\src\xstate_statemachine\base_interpreter.py", line 3264, in _execute_actions
    await self._run_user_action(impl, action_def, event)
  File "<workspace>\_ref\xstate-statemachine\src\xstate_statemachine\interpreter.py", line 2054, in _run_user_action
    impl(self, self.context, event, action_def)
    ~~~~^^^^^^^^^^^^^^^^^^^^^^^^^^^^^^^^^^^^^^^
  File "<workspace>\CandleViewer\docs\research\xstate\battle-f28719c\contracts\cvf28.py", line 131, in f
    raise RuntimeError("boom:" + n)
RuntimeError: boom:adopt_ack
WARNING:xstate_statemachine.base_interpreter:💥 Transition on 'order.lifecycle.submitting' failed; rolling back to the pre-transition configuration.
ERROR:xstate_statemachine.base_interpreter:🔥 Action 'adopt_ack' raised while handling event 'done.invoke.place'; skipping remaining actions in this list.
Traceback (most recent call last):
  File "<workspace>\_ref\xstate-statemachine\src\xstate_statemachine\base_interpreter.py", line 3264, in _execute_actions
    await self._run_user_action(impl, action_def, event)
  File "<workspace>\_ref\xstate-statemachine\src\xstate_statemachine\interpreter.py", line 2054, in _run_user_action
    impl(self, self.context, event, action_def)
    ~~~~^^^^^^^^^^^^^^^^^^^^^^^^^^^^^^^^^^^^^^^
  File "<workspace>\CandleViewer\docs\research\xstate\battle-f28719c\contracts\cvf28.py", line 131, in f
    raise RuntimeError("boom:" + n)
RuntimeError: boom:adopt_ack
WARNING:xstate_statemachine.base_interpreter:💥 Transition on 'order.lifecycle.submitting' failed; rolling back to the pre-transition configuration.
ERROR:xstate_statemachine.base_interpreter:🔥 Action 'adopt_ack' raised while handling event 'done.invoke.place'; skipping remaining actions in this list.
Traceback (most recent call last):
  File "<workspace>\_ref\xstate-statemachine\src\xstate_statemachine\base_interpreter.py", line 3264, in _execute_actions
    await self._run_user_action(impl, action_def, event)
  File "<workspace>\_ref\xstate-statemachine\src\xstate_statemachine\interpreter.py", line 2054, in _run_user_action
    impl(self, self.context, event, action_def)
    ~~~~^^^^^^^^^^^^^^^^^^^^^^^^^^^^^^^^^^^^^^^
  File "<workspace>\CandleViewer\docs\research\xstate\battle-f28719c\contracts\cvf28.py", line 131, in f
    raise RuntimeError("boom:" + n)
RuntimeError: boom:adopt_ack
WARNING:xstate_statemachine.base_interpreter:💥 Transition on 'order.lifecycle.submitting' failed; rolling back to the pre-transition configuration.
ERROR:xstate_statemachine.base_interpreter:🔥 Action 'adopt_ack' raised while handling event 'done.invoke.place'; skipping remaining actions in this list.
Traceback (most recent call last):
  File "<workspace>\_ref\xstate-statemachine\src\xstate_statemachine\base_interpreter.py", line 3264, in _execute_actions
    await self._run_user_action(impl, action_def, event)
  File "<workspace>\_ref\xstate-statemachine\src\xstate_statemachine\interpreter.py", line 2054, in _run_user_action
    impl(self, self.context, event, action_def)
    ~~~~^^^^^^^^^^^^^^^^^^^^^^^^^^^^^^^^^^^^^^^
  File "<workspace>\CandleViewer\docs\research\xstate\battle-f28719c\contracts\cvf28.py", line 131, in f
    raise RuntimeError("boom:" + n)
RuntimeError: boom:adopt_ack
WARNING:xstate_statemachine.base_interpreter:💥 Transition on 'order.lifecycle.submitting' failed; rolling back to the pre-transition configuration.
ERROR:xstate_statemachine.base_interpreter:🔥 Action 'adopt_ack' raised while handling event 'done.invoke.place'; skipping remaining actions in this list.
Traceback (most recent call last):
  File "<workspace>\_ref\xstate-statemachine\src\xstate_statemachine\base_interpreter.py", line 3264, in _execute_actions
    await self._run_user_action(impl, action_def, event)
  File "<workspace>\_ref\xstate-statemachine\src\xstate_statemachine\interpreter.py", line 2054, in _run_user_action
    impl(self, self.context, event, action_def)
    ~~~~^^^^^^^^^^^^^^^^^^^^^^^^^^^^^^^^^^^^^^^
  File "<workspace>\CandleViewer\docs\research\xstate\battle-f28719c\contracts\cvf28.py", line 131, in f
    raise RuntimeError("boom:" + n)
RuntimeError: boom:adopt_ack
WARNING:xstate_statemachine.base_interpreter:💥 Transition on 'order.lifecycle.submitting' failed; rolling back to the pre-transition configuration.
ERROR:xstate_statemachine.base_interpreter:🔥 Action 'adopt_ack' raised while handling event 'done.invoke.place'; skipping remaining actions in this list.
Traceback (most recent call last):
  File "<workspace>\_ref\xstate-statemachine\src\xstate_statemachine\base_interpreter.py", line 3264, in _execute_actions
    await self._run_user_action(impl, action_def, event)
  File "<workspace>\_ref\xstate-statemachine\src\xstate_statemachine\interpreter.py", line 2054, in _run_user_action
    impl(self, self.context, event, action_def)
    ~~~~^^^^^^^^^^^^^^^^^^^^^^^^^^^^^^^^^^^^^^^
  File "<workspace>\CandleViewer\docs\research\xstate\battle-f28719c\contracts\cvf28.py", line 131, in f
    raise RuntimeError("boom:" + n)
RuntimeError: boom:adopt_ack
WARNING:xstate_statemachine.base_interpreter:💥 Transition on 'order.lifecycle.submitting' failed; rolling back to the pre-transition configuration.
ERROR:xstate_statemachine.base_interpreter:🔥 Action 'adopt_ack' raised while handling event 'done.invoke.place'; skipping remaining actions in this list.
Traceback (most recent call last):
  File "<workspace>\_ref\xstate-statemachine\src\xstate_statemachine\base_interpreter.py", line 3264, in _execute_actions
    await self._run_user_action(impl, action_def, event)
  File "<workspace>\_ref\xstate-statemachine\src\xstate_statemachine\interpreter.py", line 2054, in _run_user_action
    impl(self, self.context, event, action_def)
    ~~~~^^^^^^^^^^^^^^^^^^^^^^^^^^^^^^^^^^^^^^^
  File "<workspace>\CandleViewer\docs\research\xstate\battle-f28719c\contracts\cvf28.py", line 131, in f
    raise RuntimeError("boom:" + n)
RuntimeError: boom:adopt_ack
WARNING:xstate_statemachine.base_interpreter:💥 Transition on 'order.lifecycle.submitting' failed; rolling back to the pre-transition configuration.
ERROR:xstate_statemachine.base_interpreter:🔥 Action 'adopt_ack' raised while handling event 'done.invoke.place'; skipping remaining actions in this list.
Traceback (most recent call last):
  File "<workspace>\_ref\xstate-statemachine\src\xstate_statemachine\base_interpreter.py", line 3264, in _execute_actions
    await self._run_user_action(impl, action_def, event)
  File "<workspace>\_ref\xstate-statemachine\src\xstate_statemachine\interpreter.py", line 2054, in _run_user_action
    impl(self, self.context, event, action_def)
    ~~~~^^^^^^^^^^^^^^^^^^^^^^^^^^^^^^^^^^^^^^^
  File "<workspace>\CandleViewer\docs\research\xstate\battle-f28719c\contracts\cvf28.py", line 131, in f
    raise RuntimeError("boom:" + n)
RuntimeError: boom:adopt_ack
WARNING:xstate_statemachine.base_interpreter:💥 Transition on 'order.lifecycle.submitting' failed; rolling back to the pre-transition configuration.
ERROR:xstate_statemachine.base_interpreter:🔥 Action 'adopt_ack' raised while handling event 'done.invoke.place'; skipping remaining actions in this list.
Traceback (most recent call last):
  File "<workspace>\_ref\xstate-statemachine\src\xstate_statemachine\base_interpreter.py", line 3264, in _execute_actions
    await self._run_user_action(impl, action_def, event)
  File "<workspace>\_ref\xstate-statemachine\src\xstate_statemachine\interpreter.py", line 2054, in _run_user_action
    impl(self, self.context, event, action_def)
    ~~~~^^^^^^^^^^^^^^^^^^^^^^^^^^^^^^^^^^^^^^^
  File "<workspace>\CandleViewer\docs\research\xstate\battle-f28719c\contracts\cvf28.py", line 131, in f
    raise RuntimeError("boom:" + n)
RuntimeError: boom:adopt_ack
WARNING:xstate_statemachine.base_interpreter:💥 Transition on 'order.lifecycle.submitting' failed; rolling back to the pre-transition configuration.
ERROR:xstate_statemachine.base_interpreter:🔥 Action 'adopt_ack' raised while handling event 'done.invoke.place'; skipping remaining actions in this list.
Traceback (most recent call last):
  File "<workspace>\_ref\xstate-statemachine\src\xstate_statemachine\base_interpreter.py", line 3264, in _execute_actions
    await self._run_user_action(impl, action_def, event)
  File "<workspace>\_ref\xstate-statemachine\src\xstate_statemachine\interpreter.py", line 2054, in _run_user_action
    impl(self, self.context, event, action_def)
    ~~~~^^^^^^^^^^^^^^^^^^^^^^^^^^^^^^^^^^^^^^^
  File "<workspace>\CandleViewer\docs\research\xstate\battle-f28719c\contracts\cvf28.py", line 131, in f
    raise RuntimeError("boom:" + n)
RuntimeError: boom:adopt_ack
WARNING:xstate_statemachine.base_interpreter:💥 Transition on 'order.lifecycle.submitting' failed; rolling back to the pre-transition configuration.
ERROR:xstate_statemachine.base_interpreter:🔥 Action 'adopt_ack' raised while handling event 'done.invoke.place'; skipping remaining actions in this list.
Traceback (most recent call last):
  File "<workspace>\_ref\xstate-statemachine\src\xstate_statemachine\base_interpreter.py", line 3264, in _execute_actions
    await self._run_user_action(impl, action_def, event)
  File "<workspace>\_ref\xstate-statemachine\src\xstate_statemachine\interpreter.py", line 2054, in _run_user_action
    impl(self, self.context, event, action_def)
    ~~~~^^^^^^^^^^^^^^^^^^^^^^^^^^^^^^^^^^^^^^^
  File "<workspace>\CandleViewer\docs\research\xstate\battle-f28719c\contracts\cvf28.py", line 131, in f
    raise RuntimeError("boom:" + n)
RuntimeError: boom:adopt_ack
WARNING:xstate_statemachine.base_interpreter:💥 Transition on 'order.lifecycle.submitting' failed; rolling back to the pre-transition configuration.
ERROR:xstate_statemachine.base_interpreter:🔥 Action 'adopt_ack' raised while handling event 'done.invoke.place'; skipping remaining actions in this list.
Traceback (most recent call last):
  File "<workspace>\_ref\xstate-statemachine\src\xstate_statemachine\base_interpreter.py", line 3264, in _execute_actions
    await self._run_user_action(impl, action_def, event)
  File "<workspace>\_ref\xstate-statemachine\src\xstate_statemachine\interpreter.py", line 2054, in _run_user_action
    impl(self, self.context, event, action_def)
    ~~~~^^^^^^^^^^^^^^^^^^^^^^^^^^^^^^^^^^^^^^^
  File "<workspace>\CandleViewer\docs\research\xstate\battle-f28719c\contracts\cvf28.py", line 131, in f
    raise RuntimeError("boom:" + n)
RuntimeError: boom:adopt_ack
WARNING:xstate_statemachine.base_interpreter:💥 Transition on 'order.lifecycle.submitting' failed; rolling back to the pre-transition configuration.
ERROR:xstate_statemachine.base_interpreter:🔥 Action 'adopt_ack' raised while handling event 'done.invoke.place'; skipping remaining actions in this list.
Traceback (most recent call last):
  File "<workspace>\_ref\xstate-statemachine\src\xstate_statemachine\base_interpreter.py", line 3264, in _execute_actions
    await self._run_user_action(impl, action_def, event)
  File "<workspace>\_ref\xstate-statemachine\src\xstate_statemachine\interpreter.py", line 2054, in _run_user_action
    impl(self, self.context, event, action_def)
    ~~~~^^^^^^^^^^^^^^^^^^^^^^^^^^^^^^^^^^^^^^^
  File "<workspace>\CandleViewer\docs\research\xstate\battle-f28719c\contracts\cvf28.py", line 131, in f
    raise RuntimeError("boom:" + n)
RuntimeError: boom:adopt_ack
WARNING:xstate_statemachine.base_interpreter:💥 Transition on 'order.lifecycle.submitting' failed; rolling back to the pre-transition configuration.
ERROR:xstate_statemachine.base_interpreter:🔥 Action 'adopt_ack' raised while handling event 'done.invoke.place'; skipping remaining actions in this list.
Traceback (most recent call last):
  File "<workspace>\_ref\xstate-statemachine\src\xstate_statemachine\base_interpreter.py", line 3264, in _execute_actions
    await self._run_user_action(impl, action_def, event)
  File "<workspace>\_ref\xstate-statemachine\src\xstate_statemachine\interpreter.py", line 2054, in _run_user_action
    impl(self, self.context, event, action_def)
    ~~~~^^^^^^^^^^^^^^^^^^^^^^^^^^^^^^^^^^^^^^^
  File "<workspace>\CandleViewer\docs\research\xstate\battle-f28719c\contracts\cvf28.py", line 131, in f
    raise RuntimeError("boom:" + n)
RuntimeError: boom:adopt_ack
WARNING:xstate_statemachine.base_interpreter:💥 Transition on 'order.lifecycle.submitting' failed; rolling back to the pre-transition configuration.
ERROR:xstate_statemachine.base_interpreter:🔥 Action 'adopt_ack' raised while handling event 'done.invoke.place'; skipping remaining actions in this list.
Traceback (most recent call last):
  File "<workspace>\_ref\xstate-statemachine\src\xstate_statemachine\base_interpreter.py", line 3264, in _execute_actions
    await self._run_user_action(impl, action_def, event)
  File "<workspace>\_ref\xstate-statemachine\src\xstate_statemachine\interpreter.py", line 2054, in _run_user_action
    impl(self, self.context, event, action_def)
    ~~~~^^^^^^^^^^^^^^^^^^^^^^^^^^^^^^^^^^^^^^^
  File "<workspace>\CandleViewer\docs\research\xstate\battle-f28719c\contracts\cvf28.py", line 131, in f
    raise RuntimeError("boom:" + n)
RuntimeError: boom:adopt_ack
WARNING:xstate_statemachine.base_interpreter:💥 Transition on 'order.lifecycle.submitting' failed; rolling back to the pre-transition configuration.
ERROR:xstate_statemachine.base_interpreter:🔥 Action 'adopt_ack' raised while handling event 'done.invoke.place'; skipping remaining actions in this list.
Traceback (most recent call last):
  File "<workspace>\_ref\xstate-statemachine\src\xstate_statemachine\base_interpreter.py", line 3264, in _execute_actions
    await self._run_user_action(impl, action_def, event)
  File "<workspace>\_ref\xstate-statemachine\src\xstate_statemachine\interpreter.py", line 2054, in _run_user_action
    impl(self, self.context, event, action_def)
    ~~~~^^^^^^^^^^^^^^^^^^^^^^^^^^^^^^^^^^^^^^^
  File "<workspace>\CandleViewer\docs\research\xstate\battle-f28719c\contracts\cvf28.py", line 131, in f
    raise RuntimeError("boom:" + n)
RuntimeError: boom:adopt_ack
WARNING:xstate_statemachine.base_interpreter:💥 Transition on 'order.lifecycle.submitting' failed; rolling back to the pre-transition configuration.
ERROR:xstate_statemachine.base_interpreter:🔥 Action 'adopt_ack' raised while handling event 'done.invoke.place'; skipping remaining actions in this list.
Traceback (most recent call last):
  File "<workspace>\_ref\xstate-statemachine\src\xstate_statemachine\base_interpreter.py", line 3264, in _execute_actions
    await self._run_user_action(impl, action_def, event)
  File "<workspace>\_ref\xstate-statemachine\src\xstate_statemachine\interpreter.py", line 2054, in _run_user_action
    impl(self, self.context, event, action_def)
    ~~~~^^^^^^^^^^^^^^^^^^^^^^^^^^^^^^^^^^^^^^^
  File "<workspace>\CandleViewer\docs\research\xstate\battle-f28719c\contracts\cvf28.py", line 131, in f
    raise RuntimeError("boom:" + n)
RuntimeError: boom:adopt_ack
WARNING:xstate_statemachine.base_interpreter:💥 Transition on 'order.lifecycle.submitting' failed; rolling back to the pre-transition configuration.
ERROR:xstate_statemachine.base_interpreter:🔥 Action 'adopt_ack' raised while handling event 'done.invoke.place'; skipping remaining actions in this list.
Traceback (most recent call last):
  File "<workspace>\_ref\xstate-statemachine\src\xstate_statemachine\base_interpreter.py", line 3264, in _execute_actions
    await self._run_user_action(impl, action_def, event)
  File "<workspace>\_ref\xstate-statemachine\src\xstate_statemachine\interpreter.py", line 2054, in _run_user_action
    impl(self, self.context, event, action_def)
    ~~~~^^^^^^^^^^^^^^^^^^^^^^^^^^^^^^^^^^^^^^^
  File "<workspace>\CandleViewer\docs\research\xstate\battle-f28719c\contracts\cvf28.py", line 131, in f
    raise RuntimeError("boom:" + n)
RuntimeError: boom:adopt_ack
WARNING:xstate_statemachine.base_interpreter:💥 Transition on 'order.lifecycle.submitting' failed; rolling back to the pre-transition configuration.
ERROR:xstate_statemachine.base_interpreter:🔥 Action 'adopt_ack' raised while handling event 'done.invoke.place'; skipping remaining actions in this list.
Traceback (most recent call last):
  File "<workspace>\_ref\xstate-statemachine\src\xstate_statemachine\base_interpreter.py", line 3264, in _execute_actions
    await self._run_user_action(impl, action_def, event)
  File "<workspace>\_ref\xstate-statemachine\src\xstate_statemachine\interpreter.py", line 2054, in _run_user_action
    impl(self, self.context, event, action_def)
    ~~~~^^^^^^^^^^^^^^^^^^^^^^^^^^^^^^^^^^^^^^^
  File "<workspace>\CandleViewer\docs\research\xstate\battle-f28719c\contracts\cvf28.py", line 131, in f
    raise RuntimeError("boom:" + n)
RuntimeError: boom:adopt_ack
WARNING:xstate_statemachine.base_interpreter:💥 Transition on 'order.lifecycle.submitting' failed; rolling back to the pre-transition configuration.
ERROR:xstate_statemachine.base_interpreter:🔥 Action 'adopt_ack' raised while handling event 'done.invoke.place'; skipping remaining actions in this list.
Traceback (most recent call last):
  File "<workspace>\_ref\xstate-statemachine\src\xstate_statemachine\base_interpreter.py", line 3264, in _execute_actions
    await self._run_user_action(impl, action_def, event)
  File "<workspace>\_ref\xstate-statemachine\src\xstate_statemachine\interpreter.py", line 2054, in _run_user_action
    impl(self, self.context, event, action_def)
    ~~~~^^^^^^^^^^^^^^^^^^^^^^^^^^^^^^^^^^^^^^^
  File "<workspace>\CandleViewer\docs\research\xstate\battle-f28719c\contracts\cvf28.py", line 131, in f
    raise RuntimeError("boom:" + n)
RuntimeError: boom:adopt_ack
WARNING:xstate_statemachine.base_interpreter:💥 Transition on 'order.lifecycle.submitting' failed; rolling back to the pre-transition configuration.
ERROR:xstate_statemachine.base_interpreter:🔥 Action 'adopt_ack' raised while handling event 'done.invoke.place'; skipping remaining actions in this list.
Traceback (most recent call last):
  File "<workspace>\_ref\xstate-statemachine\src\xstate_statemachine\base_interpreter.py", line 3264, in _execute_actions
    await self._run_user_action(impl, action_def, event)
  File "<workspace>\_ref\xstate-statemachine\src\xstate_statemachine\interpreter.py", line 2054, in _run_user_action
    impl(self, self.context, event, action_def)
    ~~~~^^^^^^^^^^^^^^^^^^^^^^^^^^^^^^^^^^^^^^^
  File "<workspace>\CandleViewer\docs\research\xstate\battle-f28719c\contracts\cvf28.py", line 131, in f
    raise RuntimeError("boom:" + n)
RuntimeError: boom:adopt_ack
WARNING:xstate_statemachine.base_interpreter:💥 Transition on 'order.lifecycle.submitting' failed; rolling back to the pre-transition configuration.
ERROR:xstate_statemachine.base_interpreter:🔥 Action 'adopt_ack' raised while handling event 'done.invoke.place'; skipping remaining actions in this list.
Traceback (most recent call last):
  File "<workspace>\_ref\xstate-statemachine\src\xstate_statemachine\base_interpreter.py", line 3264, in _execute_actions
    await self._run_user_action(impl, action_def, event)
  File "<workspace>\_ref\xstate-statemachine\src\xstate_statemachine\interpreter.py", line 2054, in _run_user_action
    impl(self, self.context, event, action_def)
    ~~~~^^^^^^^^^^^^^^^^^^^^^^^^^^^^^^^^^^^^^^^
  File "<workspace>\CandleViewer\docs\research\xstate\battle-f28719c\contracts\cvf28.py", line 131, in f
    raise RuntimeError("boom:" + n)
RuntimeError: boom:adopt_ack
WARNING:xstate_statemachine.base_interpreter:💥 Transition on 'order.lifecycle.submitting' failed; rolling back to the pre-transition configuration.
ERROR:xstate_statemachine.base_interpreter:🔥 Action 'adopt_ack' raised while handling event 'done.invoke.place'; skipping remaining actions in this list.
Traceback (most recent call last):
  File "<workspace>\_ref\xstate-statemachine\src\xstate_statemachine\base_interpreter.py", line 3264, in _execute_actions
    await self._run_user_action(impl, action_def, event)
  File "<workspace>\_ref\xstate-statemachine\src\xstate_statemachine\interpreter.py", line 2054, in _run_user_action
    impl(self, self.context, event, action_def)
    ~~~~^^^^^^^^^^^^^^^^^^^^^^^^^^^^^^^^^^^^^^^
  File "<workspace>\CandleViewer\docs\research\xstate\battle-f28719c\contracts\cvf28.py", line 131, in f
    raise RuntimeError("boom:" + n)
RuntimeError: boom:adopt_ack
WARNING:xstate_statemachine.base_interpreter:💥 Transition on 'order.lifecycle.submitting' failed; rolling back to the pre-transition configuration.
ERROR:xstate_statemachine.base_interpreter:🔥 Action 'adopt_ack' raised while handling event 'done.invoke.place'; skipping remaining actions in this list.
Traceback (most recent call last):
  File "<workspace>\_ref\xstate-statemachine\src\xstate_statemachine\base_interpreter.py", line 3264, in _execute_actions
    await self._run_user_action(impl, action_def, event)
  File "<workspace>\_ref\xstate-statemachine\src\xstate_statemachine\interpreter.py", line 2054, in _run_user_action
    impl(self, self.context, event, action_def)
    ~~~~^^^^^^^^^^^^^^^^^^^^^^^^^^^^^^^^^^^^^^^
  File "<workspace>\CandleViewer\docs\research\xstate\battle-f28719c\contracts\cvf28.py", line 131, in f
    raise RuntimeError("boom:" + n)
RuntimeError: boom:adopt_ack
WARNING:xstate_statemachine.base_interpreter:💥 Transition on 'order.lifecycle.submitting' failed; rolling back to the pre-transition configuration.
ERROR:xstate_statemachine.base_interpreter:🔥 Action 'adopt_ack' raised while handling event 'done.invoke.place'; skipping remaining actions in this list.
Traceback (most recent call last):
  File "<workspace>\_ref\xstate-statemachine\src\xstate_statemachine\base_interpreter.py", line 3264, in _execute_actions
    await self._run_user_action(impl, action_def, event)
  File "<workspace>\_ref\xstate-statemachine\src\xstate_statemachine\interpreter.py", line 2054, in _run_user_action
    impl(self, self.context, event, action_def)
    ~~~~^^^^^^^^^^^^^^^^^^^^^^^^^^^^^^^^^^^^^^^
  File "<workspace>\CandleViewer\docs\research\xstate\battle-f28719c\contracts\cvf28.py", line 131, in f
    raise RuntimeError("boom:" + n)
RuntimeError: boom:adopt_ack
WARNING:xstate_statemachine.base_interpreter:💥 Transition on 'order.lifecycle.submitting' failed; rolling back to the pre-transition configuration.
ERROR:xstate_statemachine.base_interpreter:🔥 Action 'adopt_ack' raised while handling event 'done.invoke.place'; skipping remaining actions in this list.
Traceback (most recent call last):
  File "<workspace>\_ref\xstate-statemachine\src\xstate_statemachine\base_interpreter.py", line 3264, in _execute_actions
    await self._run_user_action(impl, action_def, event)
  File "<workspace>\_ref\xstate-statemachine\src\xstate_statemachine\interpreter.py", line 2054, in _run_user_action
    impl(self, self.context, event, action_def)
    ~~~~^^^^^^^^^^^^^^^^^^^^^^^^^^^^^^^^^^^^^^^
  File "<workspace>\CandleViewer\docs\research\xstate\battle-f28719c\contracts\cvf28.py", line 131, in f
    raise RuntimeError("boom:" + n)
RuntimeError: boom:adopt_ack
WARNING:xstate_statemachine.base_interpreter:💥 Transition on 'order.lifecycle.submitting' failed; rolling back to the pre-transition configuration.
ERROR:xstate_statemachine.base_interpreter:🔥 Action 'adopt_ack' raised while handling event 'done.invoke.place'; skipping remaining actions in this list.
Traceback (most recent call last):
  File "<workspace>\_ref\xstate-statemachine\src\xstate_statemachine\base_interpreter.py", line 3264, in _execute_actions
    await self._run_user_action(impl, action_def, event)
  File "<workspace>\_ref\xstate-statemachine\src\xstate_statemachine\interpreter.py", line 2054, in _run_user_action
    impl(self, self.context, event, action_def)
    ~~~~^^^^^^^^^^^^^^^^^^^^^^^^^^^^^^^^^^^^^^^
  File "<workspace>\CandleViewer\docs\research\xstate\battle-f28719c\contracts\cvf28.py", line 131, in f
    raise RuntimeError("boom:" + n)
RuntimeError: boom:adopt_ack
WARNING:xstate_statemachine.base_interpreter:💥 Transition on 'order.lifecycle.submitting' failed; rolling back to the pre-transition configuration.
ERROR:xstate_statemachine.base_interpreter:🔥 Action 'adopt_ack' raised while handling event 'done.invoke.place'; skipping remaining actions in this list.
Traceback (most recent call last):
  File "<workspace>\_ref\xstate-statemachine\src\xstate_statemachine\base_interpreter.py", line 3264, in _execute_actions
    await self._run_user_action(impl, action_def, event)
  File "<workspace>\_ref\xstate-statemachine\src\xstate_statemachine\interpreter.py", line 2054, in _run_user_action
    impl(self, self.context, event, action_def)
    ~~~~^^^^^^^^^^^^^^^^^^^^^^^^^^^^^^^^^^^^^^^
  File "<workspace>\CandleViewer\docs\research\xstate\battle-f28719c\contracts\cvf28.py", line 131, in f
    raise RuntimeError("boom:" + n)
RuntimeError: boom:adopt_ack
WARNING:xstate_statemachine.base_interpreter:💥 Transition on 'order.lifecycle.submitting' failed; rolling back to the pre-transition configuration.
ERROR:xstate_statemachine.base_interpreter:🔥 Action 'adopt_ack' raised while handling event 'done.invoke.place'; skipping remaining actions in this list.
Traceback (most recent call last):
  File "<workspace>\_ref\xstate-statemachine\src\xstate_statemachine\base_interpreter.py", line 3264, in _execute_actions
    await self._run_user_action(impl, action_def, event)
  File "<workspace>\_ref\xstate-statemachine\src\xstate_statemachine\interpreter.py", line 2054, in _run_user_action
    impl(self, self.context, event, action_def)
    ~~~~^^^^^^^^^^^^^^^^^^^^^^^^^^^^^^^^^^^^^^^
  File "<workspace>\CandleViewer\docs\research\xstate\battle-f28719c\contracts\cvf28.py", line 131, in f
    raise RuntimeError("boom:" + n)
RuntimeError: boom:adopt_ack
WARNING:xstate_statemachine.base_interpreter:💥 Transition on 'order.lifecycle.submitting' failed; rolling back to the pre-transition configuration.
ERROR:xstate_statemachine.base_interpreter:🔥 Action 'adopt_ack' raised while handling event 'done.invoke.place'; skipping remaining actions in this list.
Traceback (most recent call last):
  File "<workspace>\_ref\xstate-statemachine\src\xstate_statemachine\base_interpreter.py", line 3264, in _execute_actions
    await self._run_user_action(impl, action_def, event)
  File "<workspace>\_ref\xstate-statemachine\src\xstate_statemachine\interpreter.py", line 2054, in _run_user_action
    impl(self, self.context, event, action_def)
    ~~~~^^^^^^^^^^^^^^^^^^^^^^^^^^^^^^^^^^^^^^^
  File "<workspace>\CandleViewer\docs\research\xstate\battle-f28719c\contracts\cvf28.py", line 131, in f
    raise RuntimeError("boom:" + n)
RuntimeError: boom:adopt_ack
WARNING:xstate_statemachine.base_interpreter:💥 Transition on 'order.lifecycle.submitting' failed; rolling back to the pre-transition configuration.
ERROR:xstate_statemachine.base_interpreter:🔥 Action 'adopt_ack' raised while handling event 'done.invoke.place'; skipping remaining actions in this list.
Traceback (most recent call last):
  File "<workspace>\_ref\xstate-statemachine\src\xstate_statemachine\base_interpreter.py", line 3264, in _execute_actions
    await self._run_user_action(impl, action_def, event)
  File "<workspace>\_ref\xstate-statemachine\src\xstate_statemachine\interpreter.py", line 2054, in _run_user_action
    impl(self, self.context, event, action_def)
    ~~~~^^^^^^^^^^^^^^^^^^^^^^^^^^^^^^^^^^^^^^^
  File "<workspace>\CandleViewer\docs\research\xstate\battle-f28719c\contracts\cvf28.py", line 131, in f
    raise RuntimeError("boom:" + n)
RuntimeError: boom:adopt_ack
WARNING:xstate_statemachine.base_interpreter:💥 Transition on 'order.lifecycle.submitting' failed; rolling back to the pre-transition configuration.
ERROR:xstate_statemachine.base_interpreter:🔥 Action 'adopt_ack' raised while handling event 'done.invoke.place'; skipping remaining actions in this list.
Traceback (most recent call last):
  File "<workspace>\_ref\xstate-statemachine\src\xstate_statemachine\base_interpreter.py", line 3264, in _execute_actions
    await self._run_user_action(impl, action_def, event)
  File "<workspace>\_ref\xstate-statemachine\src\xstate_statemachine\interpreter.py", line 2054, in _run_user_action
    impl(self, self.context, event, action_def)
    ~~~~^^^^^^^^^^^^^^^^^^^^^^^^^^^^^^^^^^^^^^^
  File "<workspace>\CandleViewer\docs\research\xstate\battle-f28719c\contracts\cvf28.py", line 131, in f
    raise RuntimeError("boom:" + n)
RuntimeError: boom:adopt_ack
WARNING:xstate_statemachine.base_interpreter:💥 Transition on 'order.lifecycle.submitting' failed; rolling back to the pre-transition configuration.
ERROR:xstate_statemachine.base_interpreter:🔥 Action 'adopt_ack' raised while handling event 'done.invoke.place'; skipping remaining actions in this list.
Traceback (most recent call last):
  File "<workspace>\_ref\xstate-statemachine\src\xstate_statemachine\base_interpreter.py", line 3264, in _execute_actions
    await self._run_user_action(impl, action_def, event)
  File "<workspace>\_ref\xstate-statemachine\src\xstate_statemachine\interpreter.py", line 2054, in _run_user_action
    impl(self, self.context, event, action_def)
    ~~~~^^^^^^^^^^^^^^^^^^^^^^^^^^^^^^^^^^^^^^^
  File "<workspace>\CandleViewer\docs\research\xstate\battle-f28719c\contracts\cvf28.py", line 131, in f
    raise RuntimeError("boom:" + n)
RuntimeError: boom:adopt_ack
WARNING:xstate_statemachine.base_interpreter:💥 Transition on 'order.lifecycle.submitting' failed; rolling back to the pre-transition configuration.
ERROR:xstate_statemachine.base_interpreter:🔥 Action 'adopt_ack' raised while handling event 'done.invoke.place'; skipping remaining actions in this list.
Traceback (most recent call last):
  File "<workspace>\_ref\xstate-statemachine\src\xstate_statemachine\base_interpreter.py", line 3264, in _execute_actions
    await self._run_user_action(impl, action_def, event)
  File "<workspace>\_ref\xstate-statemachine\src\xstate_statemachine\interpreter.py", line 2054, in _run_user_action
    impl(self, self.context, event, action_def)
    ~~~~^^^^^^^^^^^^^^^^^^^^^^^^^^^^^^^^^^^^^^^
  File "<workspace>\CandleViewer\docs\research\xstate\battle-f28719c\contracts\cvf28.py", line 131, in f
    raise RuntimeError("boom:" + n)
RuntimeError: boom:adopt_ack
WARNING:xstate_statemachine.base_interpreter:💥 Transition on 'order.lifecycle.submitting' failed; rolling back to the pre-transition configuration.
ERROR:xstate_statemachine.base_interpreter:🔥 Action 'adopt_ack' raised while handling event 'done.invoke.place'; skipping remaining actions in this list.
Traceback (most recent call last):
  File "<workspace>\_ref\xstate-statemachine\src\xstate_statemachine\base_interpreter.py", line 3264, in _execute_actions
    await self._run_user_action(impl, action_def, event)
  File "<workspace>\_ref\xstate-statemachine\src\xstate_statemachine\interpreter.py", line 2054, in _run_user_action
    impl(self, self.context, event, action_def)
    ~~~~^^^^^^^^^^^^^^^^^^^^^^^^^^^^^^^^^^^^^^^
  File "<workspace>\CandleViewer\docs\research\xstate\battle-f28719c\contracts\cvf28.py", line 131, in f
    raise RuntimeError("boom:" + n)
RuntimeError: boom:adopt_ack
WARNING:xstate_statemachine.base_interpreter:💥 Transition on 'order.lifecycle.submitting' failed; rolling back to the pre-transition configuration.
ERROR:xstate_statemachine.base_interpreter:🔥 Action 'adopt_ack' raised while handling event 'done.invoke.place'; skipping remaining actions in this list.
Traceback (most recent call last):
  File "<workspace>\_ref\xstate-statemachine\src\xstate_statemachine\base_interpreter.py", line 3264, in _execute_actions
    await self._run_user_action(impl, action_def, event)
  File "<workspace>\_ref\xstate-statemachine\src\xstate_statemachine\interpreter.py", line 2054, in _run_user_action
    impl(self, self.context, event, action_def)
    ~~~~^^^^^^^^^^^^^^^^^^^^^^^^^^^^^^^^^^^^^^^
  File "<workspace>\CandleViewer\docs\research\xstate\battle-f28719c\contracts\cvf28.py", line 131, in f
    raise RuntimeError("boom:" + n)
RuntimeError: boom:adopt_ack
WARNING:xstate_statemachine.base_interpreter:💥 Transition on 'order.lifecycle.submitting' failed; rolling back to the pre-transition configuration.
ERROR:xstate_statemachine.base_interpreter:🔥 Action 'adopt_ack' raised while handling event 'done.invoke.place'; skipping remaining actions in this list.
Traceback (most recent call last):
  File "<workspace>\_ref\xstate-statemachine\src\xstate_statemachine\base_interpreter.py", line 3264, in _execute_actions
    await self._run_user_action(impl, action_def, event)
  File "<workspace>\_ref\xstate-statemachine\src\xstate_statemachine\interpreter.py", line 2054, in _run_user_action
    impl(self, self.context, event, action_def)
    ~~~~^^^^^^^^^^^^^^^^^^^^^^^^^^^^^^^^^^^^^^^
  File "<workspace>\CandleViewer\docs\research\xstate\battle-f28719c\contracts\cvf28.py", line 131, in f
    raise RuntimeError("boom:" + n)
RuntimeError: boom:adopt_ack
WARNING:xstate_statemachine.base_interpreter:💥 Transition on 'order.lifecycle.submitting' failed; rolling back to the pre-transition configuration.
ERROR:xstate_statemachine.base_interpreter:🔥 Action 'adopt_ack' raised while handling event 'done.invoke.place'; skipping remaining actions in this list.
Traceback (most recent call last):
  File "<workspace>\_ref\xstate-statemachine\src\xstate_statemachine\base_interpreter.py", line 3264, in _execute_actions
    await self._run_user_action(impl, action_def, event)
  File "<workspace>\_ref\xstate-statemachine\src\xstate_statemachine\interpreter.py", line 2054, in _run_user_action
    impl(self, self.context, event, action_def)
    ~~~~^^^^^^^^^^^^^^^^^^^^^^^^^^^^^^^^^^^^^^^
  File "<workspace>\CandleViewer\docs\research\xstate\battle-f28719c\contracts\cvf28.py", line 131, in f
    raise RuntimeError("boom:" + n)
RuntimeError: boom:adopt_ack
WARNING:xstate_statemachine.base_interpreter:💥 Transition on 'order.lifecycle.submitting' failed; rolling back to the pre-transition configuration.
ERROR:xstate_statemachine.base_interpreter:🔥 Guard 'ret_code_ok' raised an exception while evaluating event 'done.invoke.place'; guardErrorPolicy='raise'.
Traceback (most recent call last):
  File "<workspace>\_ref\xstate-statemachine\src\xstate_statemachine\base_interpreter.py", line 4996, in _is_guard_satisfied
    self._call_with_optional_params(
    ~~~~~~~~~~~~~~~~~~~~~~~~~~~~~~~^
        guard_callable, self.context, event, params
        ^^^^^^^^^^^^^^^^^^^^^^^^^^^^^^^^^^^^^^^^^^^
    )
    ^
  File "<workspace>\_ref\xstate-statemachine\src\xstate_statemachine\base_interpreter.py", line 5145, in _call_with_optional_params
    return fn(context, event)
  File "<workspace>\CandleViewer\docs\research\xstate\battle-f28719c\contracts\cvf28.py", line 142, in g
    raise RuntimeError("guard:" + n)
RuntimeError: guard:ret_code_ok
