PASS [async]B1.happy.parallel_leaves  | ['order.lifecycle.partially_filled', 'order.protection.sl_missing']
PASS [async]B1.happy.lifecycle  | ['order.lifecycle.partially_filled', 'order.protection.sl_missing']
PASS [async]B1.happy.protection_naked  | ['order.lifecycle.partially_filled', 'order.protection.sl_missing']
PASS [async]B1.happy.naked_alert
PASS [async]B1.happy.snapshot  | ['t0:v=3:sched=0', 't1:v=3:sched=0', 't2:v=3:sched=0', 't3:v=3:sched=0', 't4:v=3:sched=0', 't5:v=3:sched=0', 't6:v=3:sched=0']
PASS [async]B1.happy.no_error  | None
PASS [async]B1.filled.terminal  | ['order.lifecycle.filled', 'order.protection.sl_present']
PASS [async]B1.filled.emit_terminal
PASS [async]B1.filled.two_regions  | ['order.lifecycle.filled', 'order.protection.sl_present']
PASS [async]B1.filled.snapshot  | ['t0:v=3:sched=0', 't1:v=3:sched=0', 't2:v=3:sched=0', 't3:v=3:sched=0', 't4:v=3:sched=0']
PASS [async]B1.reject.local  | ['order.lifecycle.rejected', 'order.protection.not_required']
PASS [async]B1.reject.set_local
ERROR:xstate_statemachine.interpreter:💥 Service 'place_order' (ID: 'place') failed: timeout
Traceback (most recent call last):
  File "<workspace>\_ref\xstate-statemachine\src\xstate_statemachine\interpreter.py", line 2857, in _invoke_service_task
    await produced if inspect.isawaitable(produced) else produced
    ^^^^^^^^^^^^^^
  File "<workspace>\CandleViewer\docs\research\xstate\battle-de2da4e\contracts\cvf.py", line 170, in s
    v = resolve(n, interp, ctx, evt)
  File "<workspace>\CandleViewer\docs\research\xstate\battle-de2da4e\contracts\cvf.py", line 165, in resolve
    raise v
RuntimeError: timeout
PASS [async]B1.unknown.entered  | ['order.lifecycle.unknown', 'order.protection.not_required']
PASS [async]B1.unknown.alert
PASS [async]B1.unknown.fault_recorded
ERROR:xstate_statemachine.interpreter:💥 Service 'place_order' (ID: 'place') failed: t
Traceback (most recent call last):
  File "<workspace>\_ref\xstate-statemachine\src\xstate_statemachine\interpreter.py", line 2857, in _invoke_service_task
    await produced if inspect.isawaitable(produced) else produced
    ^^^^^^^^^^^^^^
  File "<workspace>\CandleViewer\docs\research\xstate\battle-de2da4e\contracts\cvf.py", line 170, in s
    v = resolve(n, interp, ctx, evt)
  File "<workspace>\CandleViewer\docs\research\xstate\battle-de2da4e\contracts\cvf.py", line 165, in resolve
    raise v
RuntimeError: t
PASS [async]B1.recon.second_miss_rejects  | states=['order.lifecycle.rejected', 'order.protection.not_required'] misses=1
PASS [async]B1.recon.reenter_bumped  | 1
PASS [async]B1.recon.snapshot  | ['t0:v=3:sched=0', 't1:v=3:sched=0', 't2:v=3:sched=0', 't3:v=3:sched=0', 't4:v=3:sched=0']
PASS [async]B1.dup.needs_lookup  | ['order.lifecycle.submitted', 'order.protection.not_required']
PASS [async]B1.quarantine.recovers  | ['order.lifecycle.submitted', 'order.protection.not_required']
PASS [async]B1.quarantine.critical_alert
ERROR:xstate_statemachine.interpreter:💥 Service 'attach_native_sl' (ID: 'attach_sl') failed: no sl
Traceback (most recent call last):
  File "<workspace>\_ref\xstate-statemachine\src\xstate_statemachine\interpreter.py", line 2857, in _invoke_service_task
    await produced if inspect.isawaitable(produced) else produced
    ^^^^^^^^^^^^^^
  File "<workspace>\CandleViewer\docs\research\xstate\battle-de2da4e\contracts\cvf.py", line 170, in s
    v = resolve(n, interp, ctx, evt)
  File "<workspace>\CandleViewer\docs\research\xstate\battle-de2da4e\contracts\cvf.py", line 165, in resolve
    raise v
RuntimeError: no sl
PASS [async]B1.sl.onError_naked  | ['order.lifecycle.submitted', 'order.protection.sl_missing']
PASS [async]B1.sl.fallback_requested
PASS [async]B1.cancel.cancelled  | ['order.lifecycle.cancelled', 'order.protection.not_required']
PASS [async]B1.cancel.ack_adopted
ERROR:xstate_statemachine.interpreter:💥 Service 'amend_order' (ID: 'amend') failed: Future() takes at most 1 argument (3 given)
Traceback (most recent call last):
  File "<workspace>\_ref\xstate-statemachine\src\xstate_statemachine\interpreter.py", line 2857, in _invoke_service_task
    await produced if inspect.isawaitable(produced) else produced
    ^^^^^^^^^^^^^^
  File "<workspace>\CandleViewer\docs\research\xstate\battle-de2da4e\contracts\cvf.py", line 170, in s
    v = resolve(n, interp, ctx, evt)
  File "<workspace>\CandleViewer\docs\research\xstate\battle-de2da4e\contracts\cvf.py", line 163, in resolve
    v = v(interp, ctx, evt)
TypeError: Future() takes at most 1 argument (3 given)
PASS [async]B1.amend.observed  | states=['order.lifecycle.unknown', 'order.protection.not_required'] actions_tail=['persist_event', 'raise_unknown_alert', 'arm_recon_deadline']
ERROR:xstate_statemachine.base_interpreter:🔥 Action 'adopt_ack' raised while handling event 'done.invoke.place'; skipping remaining actions in this list.
Traceback (most recent call last):
  File "<workspace>\_ref\xstate-statemachine\src\xstate_statemachine\base_interpreter.py", line 3542, in _execute_actions
    await self._run_user_action(impl, action_def, event)
  File "<workspace>\_ref\xstate-statemachine\src\xstate_statemachine\interpreter.py", line 2261, in _run_user_action
    impl(self, self.context, event, action_def)
    ~~~~^^^^^^^^^^^^^^^^^^^^^^^^^^^^^^^^^^^^^^^
  File "<workspace>\CandleViewer\docs\research\xstate\battle-de2da4e\contracts\cvf.py", line 142, in f
    raise RuntimeError("boom:" + n)
RuntimeError: boom:adopt_ack
WARNING:xstate_statemachine.base_interpreter:💥 Transition on 'order.lifecycle.submitting' failed; rolling back to the pre-transition configuration.
ERROR:xstate_statemachine.base_interpreter:🔥 Action 'adopt_ack' raised while handling event 'done.invoke.place'; skipping remaining actions in this list.
Traceback (most recent call last):
  File "<workspace>\_ref\xstate-statemachine\src\xstate_statemachine\base_interpreter.py", line 3542, in _execute_actions
    await self._run_user_action(impl, action_def, event)
  File "<workspace>\_ref\xstate-statemachine\src\xstate_statemachine\interpreter.py", line 2261, in _run_user_action
    impl(self, self.context, event, action_def)
    ~~~~^^^^^^^^^^^^^^^^^^^^^^^^^^^^^^^^^^^^^^^
  File "<workspace>\CandleViewer\docs\research\xstate\battle-de2da4e\contracts\cvf.py", line 142, in f
    raise RuntimeError("boom:" + n)
RuntimeError: boom:adopt_ack
WARNING:xstate_statemachine.base_interpreter:💥 Transition on 'order.lifecycle.submitting' failed; rolling back to the pre-transition configuration.
ERROR:xstate_statemachine.base_interpreter:🔥 Action 'adopt_ack' raised while handling event 'done.invoke.place'; skipping remaining actions in this list.
Traceback (most recent call last):
  File "<workspace>\_ref\xstate-statemachine\src\xstate_statemachine\base_interpreter.py", line 3542, in _execute_actions
    await self._run_user_action(impl, action_def, event)
  File "<workspace>\_ref\xstate-statemachine\src\xstate_statemachine\interpreter.py", line 2261, in _run_user_action
    impl(self, self.context, event, action_def)
    ~~~~^^^^^^^^^^^^^^^^^^^^^^^^^^^^^^^^^^^^^^^
  File "<workspace>\CandleViewer\docs\research\xstate\battle-de2da4e\contracts\cvf.py", line 142, in f
    raise RuntimeError("boom:" + n)
RuntimeError: boom:adopt_ack
WARNING:xstate_statemachine.base_interpreter:💥 Transition on 'order.lifecycle.submitting' failed; rolling back to the pre-transition configuration.
ERROR:xstate_statemachine.base_interpreter:🔥 Action 'adopt_ack' raised while handling event 'done.invoke.place'; skipping remaining actions in this list.
Traceback (most recent call last):
  File "<workspace>\_ref\xstate-statemachine\src\xstate_statemachine\base_interpreter.py", line 3542, in _execute_actions
    await self._run_user_action(impl, action_def, event)
  File "<workspace>\_ref\xstate-statemachine\src\xstate_statemachine\interpreter.py", line 2261, in _run_user_action
    impl(self, self.context, event, action_def)
    ~~~~^^^^^^^^^^^^^^^^^^^^^^^^^^^^^^^^^^^^^^^
  File "<workspace>\CandleViewer\docs\research\xstate\battle-de2da4e\contracts\cvf.py", line 142, in f
    raise RuntimeError("boom:" + n)
RuntimeError: boom:adopt_ack
WARNING:xstate_statemachine.base_interpreter:💥 Transition on 'order.lifecycle.submitting' failed; rolling back to the pre-transition configuration.
ERROR:xstate_statemachine.base_interpreter:🔥 Action 'adopt_ack' raised while handling event 'done.invoke.place'; skipping remaining actions in this list.
Traceback (most recent call last):
  File "<workspace>\_ref\xstate-statemachine\src\xstate_statemachine\base_interpreter.py", line 3542, in _execute_actions
    await self._run_user_action(impl, action_def, event)
  File "<workspace>\_ref\xstate-statemachine\src\xstate_statemachine\interpreter.py", line 2261, in _run_user_action
    impl(self, self.context, event, action_def)
    ~~~~^^^^^^^^^^^^^^^^^^^^^^^^^^^^^^^^^^^^^^^
  File "<workspace>\CandleViewer\docs\research\xstate\battle-de2da4e\contracts\cvf.py", line 142, in f
    raise RuntimeError("boom:" + n)
RuntimeError: boom:adopt_ack
WARNING:xstate_statemachine.base_interpreter:💥 Transition on 'order.lifecycle.submitting' failed; rolling back to the pre-transition configuration.
ERROR:xstate_statemachine.base_interpreter:🔥 Action 'adopt_ack' raised while handling event 'done.invoke.place'; skipping remaining actions in this list.
Traceback (most recent call last):
  File "<workspace>\_ref\xstate-statemachine\src\xstate_statemachine\base_interpreter.py", line 3542, in _execute_actions
    await self._run_user_action(impl, action_def, event)
  File "<workspace>\_ref\xstate-statemachine\src\xstate_statemachine\interpreter.py", line 2261, in _run_user_action
    impl(self, self.context, event, action_def)
    ~~~~^^^^^^^^^^^^^^^^^^^^^^^^^^^^^^^^^^^^^^^
  File "<workspace>\CandleViewer\docs\research\xstate\battle-de2da4e\contracts\cvf.py", line 142, in f
    raise RuntimeError("boom:" + n)
RuntimeError: boom:adopt_ack
WARNING:xstate_statemachine.base_interpreter:💥 Transition on 'order.lifecycle.submitting' failed; rolling back to the pre-transition configuration.
ERROR:xstate_statemachine.base_interpreter:🔥 Action 'adopt_ack' raised while handling event 'done.invoke.place'; skipping remaining actions in this list.
Traceback (most recent call last):
  File "<workspace>\_ref\xstate-statemachine\src\xstate_statemachine\base_interpreter.py", line 3542, in _execute_actions
    await self._run_user_action(impl, action_def, event)
  File "<workspace>\_ref\xstate-statemachine\src\xstate_statemachine\interpreter.py", line 2261, in _run_user_action
    impl(self, self.context, event, action_def)
    ~~~~^^^^^^^^^^^^^^^^^^^^^^^^^^^^^^^^^^^^^^^
  File "<workspace>\CandleViewer\docs\research\xstate\battle-de2da4e\contracts\cvf.py", line 142, in f
    raise RuntimeError("boom:" + n)
RuntimeError: boom:adopt_ack
WARNING:xstate_statemachine.base_interpreter:💥 Transition on 'order.lifecycle.submitting' failed; rolling back to the pre-transition configuration.
ERROR:xstate_statemachine.base_interpreter:🔥 Action 'adopt_ack' raised while handling event 'done.invoke.place'; skipping remaining actions in this list.
Traceback (most recent call last):
  File "<workspace>\_ref\xstate-statemachine\src\xstate_statemachine\base_interpreter.py", line 3542, in _execute_actions
    await self._run_user_action(impl, action_def, event)
  File "<workspace>\_ref\xstate-statemachine\src\xstate_statemachine\interpreter.py", line 2261, in _run_user_action
    impl(self, self.context, event, action_def)
    ~~~~^^^^^^^^^^^^^^^^^^^^^^^^^^^^^^^^^^^^^^^
  File "<workspace>\CandleViewer\docs\research\xstate\battle-de2da4e\contracts\cvf.py", line 142, in f
    raise RuntimeError("boom:" + n)
RuntimeError: boom:adopt_ack
WARNING:xstate_statemachine.base_interpreter:💥 Transition on 'order.lifecycle.submitting' failed; rolling back to the pre-transition configuration.
ERROR:xstate_statemachine.base_interpreter:🔥 Action 'adopt_ack' raised while handling event 'done.invoke.place'; skipping remaining actions in this list.
Traceback (most recent call last):
  File "<workspace>\_ref\xstate-statemachine\src\xstate_statemachine\base_interpreter.py", line 3542, in _execute_actions
    await self._run_user_action(impl, action_def, event)
  File "<workspace>\_ref\xstate-statemachine\src\xstate_statemachine\interpreter.py", line 2261, in _run_user_action
    impl(self, self.context, event, action_def)
    ~~~~^^^^^^^^^^^^^^^^^^^^^^^^^^^^^^^^^^^^^^^
  File "<workspace>\CandleViewer\docs\research\xstate\battle-de2da4e\contracts\cvf.py", line 142, in f
    raise RuntimeError("boom:" + n)
RuntimeError: boom:adopt_ack
WARNING:xstate_statemachine.base_interpreter:💥 Transition on 'order.lifecycle.submitting' failed; rolling back to the pre-transition configuration.
ERROR:xstate_statemachine.base_interpreter:🔥 Action 'adopt_ack' raised while handling event 'done.invoke.place'; skipping remaining actions in this list.
Traceback (most recent call last):
  File "<workspace>\_ref\xstate-statemachine\src\xstate_statemachine\base_interpreter.py", line 3542, in _execute_actions
    await self._run_user_action(impl, action_def, event)
  File "<workspace>\_ref\xstate-statemachine\src\xstate_statemachine\interpreter.py", line 2261, in _run_user_action
    impl(self, self.context, event, action_def)
    ~~~~^^^^^^^^^^^^^^^^^^^^^^^^^^^^^^^^^^^^^^^
  File "<workspace>\CandleViewer\docs\research\xstate\battle-de2da4e\contracts\cvf.py", line 142, in f
    raise RuntimeError("boom:" + n)
RuntimeError: boom:adopt_ack
WARNING:xstate_statemachine.base_interpreter:💥 Transition on 'order.lifecycle.submitting' failed; rolling back to the pre-transition configuration.
ERROR:xstate_statemachine.base_interpreter:🔥 Action 'adopt_ack' raised while handling event 'done.invoke.place'; skipping remaining actions in this list.
Traceback (most recent call last):
  File "<workspace>\_ref\xstate-statemachine\src\xstate_statemachine\base_interpreter.py", line 3542, in _execute_actions
    await self._run_user_action(impl, action_def, event)
  File "<workspace>\_ref\xstate-statemachine\src\xstate_statemachine\interpreter.py", line 2261, in _run_user_action
    impl(self, self.context, event, action_def)
    ~~~~^^^^^^^^^^^^^^^^^^^^^^^^^^^^^^^^^^^^^^^
  File "<workspace>\CandleViewer\docs\research\xstate\battle-de2da4e\contracts\cvf.py", line 142, in f
    raise RuntimeError("boom:" + n)
RuntimeError: boom:adopt_ack
WARNING:xstate_statemachine.base_interpreter:💥 Transition on 'order.lifecycle.submitting' failed; rolling back to the pre-transition configuration.
ERROR:xstate_statemachine.base_interpreter:🔥 Action 'adopt_ack' raised while handling event 'done.invoke.place'; skipping remaining actions in this list.
Traceback (most recent call last):
  File "<workspace>\_ref\xstate-statemachine\src\xstate_statemachine\base_interpreter.py", line 3542, in _execute_actions
    await self._run_user_action(impl, action_def, event)
  File "<workspace>\_ref\xstate-statemachine\src\xstate_statemachine\interpreter.py", line 2261, in _run_user_action
    impl(self, self.context, event, action_def)
    ~~~~^^^^^^^^^^^^^^^^^^^^^^^^^^^^^^^^^^^^^^^
  File "<workspace>\CandleViewer\docs\research\xstate\battle-de2da4e\contracts\cvf.py", line 142, in f
    raise RuntimeError("boom:" + n)
RuntimeError: boom:adopt_ack
WARNING:xstate_statemachine.base_interpreter:💥 Transition on 'order.lifecycle.submitting' failed; rolling back to the pre-transition configuration.
ERROR:xstate_statemachine.base_interpreter:🔥 Action 'adopt_ack' raised while handling event 'done.invoke.place'; skipping remaining actions in this list.
Traceback (most recent call last):
  File "<workspace>\_ref\xstate-statemachine\src\xstate_statemachine\base_interpreter.py", line 3542, in _execute_actions
    await self._run_user_action(impl, action_def, event)
  File "<workspace>\_ref\xstate-statemachine\src\xstate_statemachine\interpreter.py", line 2261, in _run_user_action
    impl(self, self.context, event, action_def)
    ~~~~^^^^^^^^^^^^^^^^^^^^^^^^^^^^^^^^^^^^^^^
  File "<workspace>\CandleViewer\docs\research\xstate\battle-de2da4e\contracts\cvf.py", line 142, in f
    raise RuntimeError("boom:" + n)
RuntimeError: boom:adopt_ack
WARNING:xstate_statemachine.base_interpreter:💥 Transition on 'order.lifecycle.submitting' failed; rolling back to the pre-transition configuration.
ERROR:xstate_statemachine.base_interpreter:🔥 Action 'adopt_ack' raised while handling event 'done.invoke.place'; skipping remaining actions in this list.
Traceback (most recent call last):
  File "<workspace>\_ref\xstate-statemachine\src\xstate_statemachine\base_interpreter.py", line 3542, in _execute_actions
    await self._run_user_action(impl, action_def, event)
  File "<workspace>\_ref\xstate-statemachine\src\xstate_statemachine\interpreter.py", line 2261, in _run_user_action
    impl(self, self.context, event, action_def)
    ~~~~^^^^^^^^^^^^^^^^^^^^^^^^^^^^^^^^^^^^^^^
  File "<workspace>\CandleViewer\docs\research\xstate\battle-de2da4e\contracts\cvf.py", line 142, in f
    raise RuntimeError("boom:" + n)
RuntimeError: boom:adopt_ack
WARNING:xstate_statemachine.base_interpreter:💥 Transition on 'order.lifecycle.submitting' failed; rolling back to the pre-transition configuration.
ERROR:xstate_statemachine.base_interpreter:🔥 Action 'adopt_ack' raised while handling event 'done.invoke.place'; skipping remaining actions in this list.
Traceback (most recent call last):
  File "<workspace>\_ref\xstate-statemachine\src\xstate_statemachine\base_interpreter.py", line 3542, in _execute_actions
    await self._run_user_action(impl, action_def, event)
  File "<workspace>\_ref\xstate-statemachine\src\xstate_statemachine\interpreter.py", line 2261, in _run_user_action
    impl(self, self.context, event, action_def)
    ~~~~^^^^^^^^^^^^^^^^^^^^^^^^^^^^^^^^^^^^^^^
  File "<workspace>\CandleViewer\docs\research\xstate\battle-de2da4e\contracts\cvf.py", line 142, in f
    raise RuntimeError("boom:" + n)
RuntimeError: boom:adopt_ack
WARNING:xstate_statemachine.base_interpreter:💥 Transition on 'order.lifecycle.submitting' failed; rolling back to the pre-transition configuration.
ERROR:xstate_statemachine.base_interpreter:🔥 Action 'adopt_ack' raised while handling event 'done.invoke.place'; skipping remaining actions in this list.
Traceback (most recent call last):
  File "<workspace>\_ref\xstate-statemachine\src\xstate_statemachine\base_interpreter.py", line 3542, in _execute_actions
    await self._run_user_action(impl, action_def, event)
  File "<workspace>\_ref\xstate-statemachine\src\xstate_statemachine\interpreter.py", line 2261, in _run_user_action
    impl(self, self.context, event, action_def)
    ~~~~^^^^^^^^^^^^^^^^^^^^^^^^^^^^^^^^^^^^^^^
  File "<workspace>\CandleViewer\docs\research\xstate\battle-de2da4e\contracts\cvf.py", line 142, in f
    raise RuntimeError("boom:" + n)
RuntimeError: boom:adopt_ack
WARNING:xstate_statemachine.base_interpreter:💥 Transition on 'order.lifecycle.submitting' failed; rolling back to the pre-transition configuration.
ERROR:xstate_statemachine.base_interpreter:🔥 Action 'adopt_ack' raised while handling event 'done.invoke.place'; skipping remaining actions in this list.
Traceback (most recent call last):
  File "<workspace>\_ref\xstate-statemachine\src\xstate_statemachine\base_interpreter.py", line 3542, in _execute_actions
    await self._run_user_action(impl, action_def, event)
  File "<workspace>\_ref\xstate-statemachine\src\xstate_statemachine\interpreter.py", line 2261, in _run_user_action
    impl(self, self.context, event, action_def)
    ~~~~^^^^^^^^^^^^^^^^^^^^^^^^^^^^^^^^^^^^^^^
  File "<workspace>\CandleViewer\docs\research\xstate\battle-de2da4e\contracts\cvf.py", line 142, in f
    raise RuntimeError("boom:" + n)
RuntimeError: boom:adopt_ack
WARNING:xstate_statemachine.base_interpreter:💥 Transition on 'order.lifecycle.submitting' failed; rolling back to the pre-transition configuration.
ERROR:xstate_statemachine.base_interpreter:🔥 Action 'adopt_ack' raised while handling event 'done.invoke.place'; skipping remaining actions in this list.
Traceback (most recent call last):
  File "<workspace>\_ref\xstate-statemachine\src\xstate_statemachine\base_interpreter.py", line 3542, in _execute_actions
    await self._run_user_action(impl, action_def, event)
  File "<workspace>\_ref\xstate-statemachine\src\xstate_statemachine\interpreter.py", line 2261, in _run_user_action
    impl(self, self.context, event, action_def)
    ~~~~^^^^^^^^^^^^^^^^^^^^^^^^^^^^^^^^^^^^^^^
  File "<workspace>\CandleViewer\docs\research\xstate\battle-de2da4e\contracts\cvf.py", line 142, in f
    raise RuntimeError("boom:" + n)
RuntimeError: boom:adopt_ack
WARNING:xstate_statemachine.base_interpreter:💥 Transition on 'order.lifecycle.submitting' failed; rolling back to the pre-transition configuration.
ERROR:xstate_statemachine.base_interpreter:🔥 Action 'adopt_ack' raised while handling event 'done.invoke.place'; skipping remaining actions in this list.
Traceback (most recent call last):
  File "<workspace>\_ref\xstate-statemachine\src\xstate_statemachine\base_interpreter.py", line 3542, in _execute_actions
    await self._run_user_action(impl, action_def, event)
  File "<workspace>\_ref\xstate-statemachine\src\xstate_statemachine\interpreter.py", line 2261, in _run_user_action
    impl(self, self.context, event, action_def)
    ~~~~^^^^^^^^^^^^^^^^^^^^^^^^^^^^^^^^^^^^^^^
  File "<workspace>\CandleViewer\docs\research\xstate\battle-de2da4e\contracts\cvf.py", line 142, in f
    raise RuntimeError("boom:" + n)
RuntimeError: boom:adopt_ack
WARNING:xstate_statemachine.base_interpreter:💥 Transition on 'order.lifecycle.submitting' failed; rolling back to the pre-transition configuration.
ERROR:xstate_statemachine.base_interpreter:🔥 Action 'adopt_ack' raised while handling event 'done.invoke.place'; skipping remaining actions in this list.
Traceback (most recent call last):
  File "<workspace>\_ref\xstate-statemachine\src\xstate_statemachine\base_interpreter.py", line 3542, in _execute_actions
    await self._run_user_action(impl, action_def, event)
  File "<workspace>\_ref\xstate-statemachine\src\xstate_statemachine\interpreter.py", line 2261, in _run_user_action
    impl(self, self.context, event, action_def)
    ~~~~^^^^^^^^^^^^^^^^^^^^^^^^^^^^^^^^^^^^^^^
  File "<workspace>\CandleViewer\docs\research\xstate\battle-de2da4e\contracts\cvf.py", line 142, in f
    raise RuntimeError("boom:" + n)
RuntimeError: boom:adopt_ack
WARNING:xstate_statemachine.base_interpreter:💥 Transition on 'order.lifecycle.submitting' failed; rolling back to the pre-transition configuration.
ERROR:xstate_statemachine.base_interpreter:🔥 Action 'adopt_ack' raised while handling event 'done.invoke.place'; skipping remaining actions in this list.
Traceback (most recent call last):
  File "<workspace>\_ref\xstate-statemachine\src\xstate_statemachine\base_interpreter.py", line 3542, in _execute_actions
    await self._run_user_action(impl, action_def, event)
  File "<workspace>\_ref\xstate-statemachine\src\xstate_statemachine\interpreter.py", line 2261, in _run_user_action
    impl(self, self.context, event, action_def)
    ~~~~^^^^^^^^^^^^^^^^^^^^^^^^^^^^^^^^^^^^^^^
  File "<workspace>\CandleViewer\docs\research\xstate\battle-de2da4e\contracts\cvf.py", line 142, in f
    raise RuntimeError("boom:" + n)
RuntimeError: boom:adopt_ack
WARNING:xstate_statemachine.base_interpreter:💥 Transition on 'order.lifecycle.submitting' failed; rolling back to the pre-transition configuration.
ERROR:xstate_statemachine.base_interpreter:🔥 Action 'adopt_ack' raised while handling event 'done.invoke.place'; skipping remaining actions in this list.
Traceback (most recent call last):
  File "<workspace>\_ref\xstate-statemachine\src\xstate_statemachine\base_interpreter.py", line 3542, in _execute_actions
    await self._run_user_action(impl, action_def, event)
  File "<workspace>\_ref\xstate-statemachine\src\xstate_statemachine\interpreter.py", line 2261, in _run_user_action
    impl(self, self.context, event, action_def)
    ~~~~^^^^^^^^^^^^^^^^^^^^^^^^^^^^^^^^^^^^^^^
  File "<workspace>\CandleViewer\docs\research\xstate\battle-de2da4e\contracts\cvf.py", line 142, in f
    raise RuntimeError("boom:" + n)
RuntimeError: boom:adopt_ack
WARNING:xstate_statemachine.base_interpreter:💥 Transition on 'order.lifecycle.submitting' failed; rolling back to the pre-transition configuration.
ERROR:xstate_statemachine.base_interpreter:🔥 Action 'adopt_ack' raised while handling event 'done.invoke.place'; skipping remaining actions in this list.
Traceback (most recent call last):
  File "<workspace>\_ref\xstate-statemachine\src\xstate_statemachine\base_interpreter.py", line 3542, in _execute_actions
    await self._run_user_action(impl, action_def, event)
  File "<workspace>\_ref\xstate-statemachine\src\xstate_statemachine\interpreter.py", line 2261, in _run_user_action
    impl(self, self.context, event, action_def)
    ~~~~^^^^^^^^^^^^^^^^^^^^^^^^^^^^^^^^^^^^^^^
  File "<workspace>\CandleViewer\docs\research\xstate\battle-de2da4e\contracts\cvf.py", line 142, in f
    raise RuntimeError("boom:" + n)
RuntimeError: boom:adopt_ack
WARNING:xstate_statemachine.base_interpreter:💥 Transition on 'order.lifecycle.submitting' failed; rolling back to the pre-transition configuration.
ERROR:xstate_statemachine.base_interpreter:🔥 Action 'adopt_ack' raised while handling event 'done.invoke.place'; skipping remaining actions in this list.
Traceback (most recent call last):
  File "<workspace>\_ref\xstate-statemachine\src\xstate_statemachine\base_interpreter.py", line 3542, in _execute_actions
    await self._run_user_action(impl, action_def, event)
  File "<workspace>\_ref\xstate-statemachine\src\xstate_statemachine\interpreter.py", line 2261, in _run_user_action
    impl(self, self.context, event, action_def)
    ~~~~^^^^^^^^^^^^^^^^^^^^^^^^^^^^^^^^^^^^^^^
  File "<workspace>\CandleViewer\docs\research\xstate\battle-de2da4e\contracts\cvf.py", line 142, in f
    raise RuntimeError("boom:" + n)
RuntimeError: boom:adopt_ack
WARNING:xstate_statemachine.base_interpreter:💥 Transition on 'order.lifecycle.submitting' failed; rolling back to the pre-transition configuration.
ERROR:xstate_statemachine.base_interpreter:🔥 Action 'adopt_ack' raised while handling event 'done.invoke.place'; skipping remaining actions in this list.
Traceback (most recent call last):
  File "<workspace>\_ref\xstate-statemachine\src\xstate_statemachine\base_interpreter.py", line 3542, in _execute_actions
    await self._run_user_action(impl, action_def, event)
  File "<workspace>\_ref\xstate-statemachine\src\xstate_statemachine\interpreter.py", line 2261, in _run_user_action
    impl(self, self.context, event, action_def)
    ~~~~^^^^^^^^^^^^^^^^^^^^^^^^^^^^^^^^^^^^^^^
  File "<workspace>\CandleViewer\docs\research\xstate\battle-de2da4e\contracts\cvf.py", line 142, in f
    raise RuntimeError("boom:" + n)
RuntimeError: boom:adopt_ack
WARNING:xstate_statemachine.base_interpreter:💥 Transition on 'order.lifecycle.submitting' failed; rolling back to the pre-transition configuration.
ERROR:xstate_statemachine.base_interpreter:🔥 Action 'adopt_ack' raised while handling event 'done.invoke.place'; skipping remaining actions in this list.
Traceback (most recent call last):
  File "<workspace>\_ref\xstate-statemachine\src\xstate_statemachine\base_interpreter.py", line 3542, in _execute_actions
    await self._run_user_action(impl, action_def, event)
  File "<workspace>\_ref\xstate-statemachine\src\xstate_statemachine\interpreter.py", line 2261, in _run_user_action
    impl(self, self.context, event, action_def)
    ~~~~^^^^^^^^^^^^^^^^^^^^^^^^^^^^^^^^^^^^^^^
  File "<workspace>\CandleViewer\docs\research\xstate\battle-de2da4e\contracts\cvf.py", line 142, in f
    raise RuntimeError("boom:" + n)
RuntimeError: boom:adopt_ack
WARNING:xstate_statemachine.base_interpreter:💥 Transition on 'order.lifecycle.submitting' failed; rolling back to the pre-transition configuration.
ERROR:xstate_statemachine.base_interpreter:🔥 Action 'adopt_ack' raised while handling event 'done.invoke.place'; skipping remaining actions in this list.
Traceback (most recent call last):
  File "<workspace>\_ref\xstate-statemachine\src\xstate_statemachine\base_interpreter.py", line 3542, in _execute_actions
    await self._run_user_action(impl, action_def, event)
  File "<workspace>\_ref\xstate-statemachine\src\xstate_statemachine\interpreter.py", line 2261, in _run_user_action
    impl(self, self.context, event, action_def)
    ~~~~^^^^^^^^^^^^^^^^^^^^^^^^^^^^^^^^^^^^^^^
  File "<workspace>\CandleViewer\docs\research\xstate\battle-de2da4e\contracts\cvf.py", line 142, in f
    raise RuntimeError("boom:" + n)
RuntimeError: boom:adopt_ack
WARNING:xstate_statemachine.base_interpreter:💥 Transition on 'order.lifecycle.submitting' failed; rolling back to the pre-transition configuration.
ERROR:xstate_statemachine.base_interpreter:🔥 Action 'adopt_ack' raised while handling event 'done.invoke.place'; skipping remaining actions in this list.
Traceback (most recent call last):
  File "<workspace>\_ref\xstate-statemachine\src\xstate_statemachine\base_interpreter.py", line 3542, in _execute_actions
    await self._run_user_action(impl, action_def, event)
  File "<workspace>\_ref\xstate-statemachine\src\xstate_statemachine\interpreter.py", line 2261, in _run_user_action
    impl(self, self.context, event, action_def)
    ~~~~^^^^^^^^^^^^^^^^^^^^^^^^^^^^^^^^^^^^^^^
  File "<workspace>\CandleViewer\docs\research\xstate\battle-de2da4e\contracts\cvf.py", line 142, in f
    raise RuntimeError("boom:" + n)
RuntimeError: boom:adopt_ack
WARNING:xstate_statemachine.base_interpreter:💥 Transition on 'order.lifecycle.submitting' failed; rolling back to the pre-transition configuration.
ERROR:xstate_statemachine.base_interpreter:🔥 Action 'adopt_ack' raised while handling event 'done.invoke.place'; skipping remaining actions in this list.
Traceback (most recent call last):
  File "<workspace>\_ref\xstate-statemachine\src\xstate_statemachine\base_interpreter.py", line 3542, in _execute_actions
    await self._run_user_action(impl, action_def, event)
  File "<workspace>\_ref\xstate-statemachine\src\xstate_statemachine\interpreter.py", line 2261, in _run_user_action
    impl(self, self.context, event, action_def)
    ~~~~^^^^^^^^^^^^^^^^^^^^^^^^^^^^^^^^^^^^^^^
  File "<workspace>\CandleViewer\docs\research\xstate\battle-de2da4e\contracts\cvf.py", line 142, in f
    raise RuntimeError("boom:" + n)
RuntimeError: boom:adopt_ack
WARNING:xstate_statemachine.base_interpreter:💥 Transition on 'order.lifecycle.submitting' failed; rolling back to the pre-transition configuration.
ERROR:xstate_statemachine.base_interpreter:🔥 Action 'adopt_ack' raised while handling event 'done.invoke.place'; skipping remaining actions in this list.
Traceback (most recent call last):
  File "<workspace>\_ref\xstate-statemachine\src\xstate_statemachine\base_interpreter.py", line 3542, in _execute_actions
    await self._run_user_action(impl, action_def, event)
  File "<workspace>\_ref\xstate-statemachine\src\xstate_statemachine\interpreter.py", line 2261, in _run_user_action
    impl(self, self.context, event, action_def)
    ~~~~^^^^^^^^^^^^^^^^^^^^^^^^^^^^^^^^^^^^^^^
  File "<workspace>\CandleViewer\docs\research\xstate\battle-de2da4e\contracts\cvf.py", line 142, in f
    raise RuntimeError("boom:" + n)
RuntimeError: boom:adopt_ack
WARNING:xstate_statemachine.base_interpreter:💥 Transition on 'order.lifecycle.submitting' failed; rolling back to the pre-transition configuration.
ERROR:xstate_statemachine.base_interpreter:🔥 Action 'adopt_ack' raised while handling event 'done.invoke.place'; skipping remaining actions in this list.
Traceback (most recent call last):
  File "<workspace>\_ref\xstate-statemachine\src\xstate_statemachine\base_interpreter.py", line 3542, in _execute_actions
    await self._run_user_action(impl, action_def, event)
  File "<workspace>\_ref\xstate-statemachine\src\xstate_statemachine\interpreter.py", line 2261, in _run_user_action
    impl(self, self.context, event, action_def)
    ~~~~^^^^^^^^^^^^^^^^^^^^^^^^^^^^^^^^^^^^^^^
  File "<workspace>\CandleViewer\docs\research\xstate\battle-de2da4e\contracts\cvf.py", line 142, in f
    raise RuntimeError("boom:" + n)
RuntimeError: boom:adopt_ack
WARNING:xstate_statemachine.base_interpreter:💥 Transition on 'order.lifecycle.submitting' failed; rolling back to the pre-transition configuration.
ERROR:xstate_statemachine.base_interpreter:🔥 Action 'adopt_ack' raised while handling event 'done.invoke.place'; skipping remaining actions in this list.
Traceback (most recent call last):
  File "<workspace>\_ref\xstate-statemachine\src\xstate_statemachine\base_interpreter.py", line 3542, in _execute_actions
    await self._run_user_action(impl, action_def, event)
  File "<workspace>\_ref\xstate-statemachine\src\xstate_statemachine\interpreter.py", line 2261, in _run_user_action
    impl(self, self.context, event, action_def)
    ~~~~^^^^^^^^^^^^^^^^^^^^^^^^^^^^^^^^^^^^^^^
  File "<workspace>\CandleViewer\docs\research\xstate\battle-de2da4e\contracts\cvf.py", line 142, in f
    raise RuntimeError("boom:" + n)
RuntimeError: boom:adopt_ack
WARNING:xstate_statemachine.base_interpreter:💥 Transition on 'order.lifecycle.submitting' failed; rolling back to the pre-transition configuration.
ERROR:xstate_statemachine.base_interpreter:🔥 Action 'adopt_ack' raised while handling event 'done.invoke.place'; skipping remaining actions in this list.
Traceback (most recent call last):
  File "<workspace>\_ref\xstate-statemachine\src\xstate_statemachine\base_interpreter.py", line 3542, in _execute_actions
    await self._run_user_action(impl, action_def, event)
  File "<workspace>\_ref\xstate-statemachine\src\xstate_statemachine\interpreter.py", line 2261, in _run_user_action
    impl(self, self.context, event, action_def)
    ~~~~^^^^^^^^^^^^^^^^^^^^^^^^^^^^^^^^^^^^^^^
  File "<workspace>\CandleViewer\docs\research\xstate\battle-de2da4e\contracts\cvf.py", line 142, in f
    raise RuntimeError("boom:" + n)
RuntimeError: boom:adopt_ack
WARNING:xstate_statemachine.base_interpreter:💥 Transition on 'order.lifecycle.submitting' failed; rolling back to the pre-transition configuration.
ERROR:xstate_statemachine.base_interpreter:🔥 Action 'adopt_ack' raised while handling event 'done.invoke.place'; skipping remaining actions in this list.
Traceback (most recent call last):
  File "<workspace>\_ref\xstate-statemachine\src\xstate_statemachine\base_interpreter.py", line 3542, in _execute_actions
    await self._run_user_action(impl, action_def, event)
  File "<workspace>\_ref\xstate-statemachine\src\xstate_statemachine\interpreter.py", line 2261, in _run_user_action
    impl(self, self.context, event, action_def)
    ~~~~^^^^^^^^^^^^^^^^^^^^^^^^^^^^^^^^^^^^^^^
  File "<workspace>\CandleViewer\docs\research\xstate\battle-de2da4e\contracts\cvf.py", line 142, in f
    raise RuntimeError("boom:" + n)
RuntimeError: boom:adopt_ack
WARNING:xstate_statemachine.base_interpreter:💥 Transition on 'order.lifecycle.submitting' failed; rolling back to the pre-transition configuration.
ERROR:xstate_statemachine.base_interpreter:🔥 Action 'adopt_ack' raised while handling event 'done.invoke.place'; skipping remaining actions in this list.
Traceback (most recent call last):
  File "<workspace>\_ref\xstate-statemachine\src\xstate_statemachine\base_interpreter.py", line 3542, in _execute_actions
    await self._run_user_action(impl, action_def, event)
  File "<workspace>\_ref\xstate-statemachine\src\xstate_statemachine\interpreter.py", line 2261, in _run_user_action
    impl(self, self.context, event, action_def)
    ~~~~^^^^^^^^^^^^^^^^^^^^^^^^^^^^^^^^^^^^^^^
  File "<workspace>\CandleViewer\docs\research\xstate\battle-de2da4e\contracts\cvf.py", line 142, in f
    raise RuntimeError("boom:" + n)
RuntimeError: boom:adopt_ack
WARNING:xstate_statemachine.base_interpreter:💥 Transition on 'order.lifecycle.submitting' failed; rolling back to the pre-transition configuration.
ERROR:xstate_statemachine.base_interpreter:🔥 Action 'adopt_ack' raised while handling event 'done.invoke.place'; skipping remaining actions in this list.
Traceback (most recent call last):
  File "<workspace>\_ref\xstate-statemachine\src\xstate_statemachine\base_interpreter.py", line 3542, in _execute_actions
    await self._run_user_action(impl, action_def, event)
  File "<workspace>\_ref\xstate-statemachine\src\xstate_statemachine\interpreter.py", line 2261, in _run_user_action
    impl(self, self.context, event, action_def)
    ~~~~^^^^^^^^^^^^^^^^^^^^^^^^^^^^^^^^^^^^^^^
  File "<workspace>\CandleViewer\docs\research\xstate\battle-de2da4e\contracts\cvf.py", line 142, in f
    raise RuntimeError("boom:" + n)
RuntimeError: boom:adopt_ack
WARNING:xstate_statemachine.base_interpreter:💥 Transition on 'order.lifecycle.submitting' failed; rolling back to the pre-transition configuration.
ERROR:xstate_statemachine.base_interpreter:🔥 Action 'adopt_ack' raised while handling event 'done.invoke.place'; skipping remaining actions in this list.
Traceback (most recent call last):
  File "<workspace>\_ref\xstate-statemachine\src\xstate_statemachine\base_interpreter.py", line 3542, in _execute_actions
    await self._run_user_action(impl, action_def, event)
  File "<workspace>\_ref\xstate-statemachine\src\xstate_statemachine\interpreter.py", line 2261, in _run_user_action
    impl(self, self.context, event, action_def)
    ~~~~^^^^^^^^^^^^^^^^^^^^^^^^^^^^^^^^^^^^^^^
  File "<workspace>\CandleViewer\docs\research\xstate\battle-de2da4e\contracts\cvf.py", line 142, in f
    raise RuntimeError("boom:" + n)
RuntimeError: boom:adopt_ack
WARNING:xstate_statemachine.base_interpreter:💥 Transition on 'order.lifecycle.submitting' failed; rolling back to the pre-transition configuration.
ERROR:xstate_statemachine.base_interpreter:🔥 Action 'adopt_ack' raised while handling event 'done.invoke.place'; skipping remaining actions in this list.
Traceback (most recent call last):
  File "<workspace>\_ref\xstate-statemachine\src\xstate_statemachine\base_interpreter.py", line 3542, in _execute_actions
    await self._run_user_action(impl, action_def, event)
  File "<workspace>\_ref\xstate-statemachine\src\xstate_statemachine\interpreter.py", line 2261, in _run_user_action
    impl(self, self.context, event, action_def)
    ~~~~^^^^^^^^^^^^^^^^^^^^^^^^^^^^^^^^^^^^^^^
  File "<workspace>\CandleViewer\docs\research\xstate\battle-de2da4e\contracts\cvf.py", line 142, in f
    raise RuntimeError("boom:" + n)
RuntimeError: boom:adopt_ack
WARNING:xstate_statemachine.base_interpreter:💥 Transition on 'order.lifecycle.submitting' failed; rolling back to the pre-transition configuration.
ERROR:xstate_statemachine.base_interpreter:🔥 Action 'adopt_ack' raised while handling event 'done.invoke.place'; skipping remaining actions in this list.
Traceback (most recent call last):
  File "<workspace>\_ref\xstate-statemachine\src\xstate_statemachine\base_interpreter.py", line 3542, in _execute_actions
    await self._run_user_action(impl, action_def, event)
  File "<workspace>\_ref\xstate-statemachine\src\xstate_statemachine\interpreter.py", line 2261, in _run_user_action
    impl(self, self.context, event, action_def)
    ~~~~^^^^^^^^^^^^^^^^^^^^^^^^^^^^^^^^^^^^^^^
  File "<workspace>\CandleViewer\docs\research\xstate\battle-de2da4e\contracts\cvf.py", line 142, in f
    raise RuntimeError("boom:" + n)
RuntimeError: boom:adopt_ack
WARNING:xstate_statemachine.base_interpreter:💥 Transition on 'order.lifecycle.submitting' failed; rolling back to the pre-transition configuration.
ERROR:xstate_statemachine.base_interpreter:🔥 Action 'adopt_ack' raised while handling event 'done.invoke.place'; skipping remaining actions in this list.
Traceback (most recent call last):
  File "<workspace>\_ref\xstate-statemachine\src\xstate_statemachine\base_interpreter.py", line 3542, in _execute_actions
    await self._run_user_action(impl, action_def, event)
  File "<workspace>\_ref\xstate-statemachine\src\xstate_statemachine\interpreter.py", line 2261, in _run_user_action
    impl(self, self.context, event, action_def)
    ~~~~^^^^^^^^^^^^^^^^^^^^^^^^^^^^^^^^^^^^^^^
  File "<workspace>\CandleViewer\docs\research\xstate\battle-de2da4e\contracts\cvf.py", line 142, in f
    raise RuntimeError("boom:" + n)
RuntimeError: boom:adopt_ack
WARNING:xstate_statemachine.base_interpreter:💥 Transition on 'order.lifecycle.submitting' failed; rolling back to the pre-transition configuration.
ERROR:xstate_statemachine.base_interpreter:🔥 Action 'adopt_ack' raised while handling event 'done.invoke.place'; skipping remaining actions in this list.
Traceback (most recent call last):
  File "<workspace>\_ref\xstate-statemachine\src\xstate_statemachine\base_interpreter.py", line 3542, in _execute_actions
    await self._run_user_action(impl, action_def, event)
  File "<workspace>\_ref\xstate-statemachine\src\xstate_statemachine\interpreter.py", line 2261, in _run_user_action
    impl(self, self.context, event, action_def)
    ~~~~^^^^^^^^^^^^^^^^^^^^^^^^^^^^^^^^^^^^^^^
  File "<workspace>\CandleViewer\docs\research\xstate\battle-de2da4e\contracts\cvf.py", line 142, in f
    raise RuntimeError("boom:" + n)
RuntimeError: boom:adopt_ack
WARNING:xstate_statemachine.base_interpreter:💥 Transition on 'order.lifecycle.submitting' failed; rolling back to the pre-transition configuration.
ERROR:xstate_statemachine.base_interpreter:🔥 Action 'adopt_ack' raised while handling event 'done.invoke.place'; skipping remaining actions in this list.
Traceback (most recent call last):
  File "<workspace>\_ref\xstate-statemachine\src\xstate_statemachine\base_interpreter.py", line 3542, in _execute_actions
    await self._run_user_action(impl, action_def, event)
  File "<workspace>\_ref\xstate-statemachine\src\xstate_statemachine\interpreter.py", line 2261, in _run_user_action
    impl(self, self.context, event, action_def)
    ~~~~^^^^^^^^^^^^^^^^^^^^^^^^^^^^^^^^^^^^^^^
  File "<workspace>\CandleViewer\docs\research\xstate\battle-de2da4e\contracts\cvf.py", line 142, in f
    raise RuntimeError("boom:" + n)
RuntimeError: boom:adopt_ack
WARNING:xstate_statemachine.base_interpreter:💥 Transition on 'order.lifecycle.submitting' failed; rolling back to the pre-transition configuration.
ERROR:xstate_statemachine.base_interpreter:🔥 Action 'adopt_ack' raised while handling event 'done.invoke.place'; skipping remaining actions in this list.
Traceback (most recent call last):
  File "<workspace>\_ref\xstate-statemachine\src\xstate_statemachine\base_interpreter.py", line 3542, in _execute_actions
    await self._run_user_action(impl, action_def, event)
  File "<workspace>\_ref\xstate-statemachine\src\xstate_statemachine\interpreter.py", line 2261, in _run_user_action
    impl(self, self.context, event, action_def)
    ~~~~^^^^^^^^^^^^^^^^^^^^^^^^^^^^^^^^^^^^^^^
  File "<workspace>\CandleViewer\docs\research\xstate\battle-de2da4e\contracts\cvf.py", line 142, in f
    raise RuntimeError("boom:" + n)
RuntimeError: boom:adopt_ack
WARNING:xstate_statemachine.base_interpreter:💥 Transition on 'order.lifecycle.submitting' failed; rolling back to the pre-transition configuration.
ERROR:xstate_statemachine.base_interpreter:🔥 Action 'adopt_ack' raised while handling event 'done.invoke.place'; skipping remaining actions in this list.
Traceback (most recent call last):
  File "<workspace>\_ref\xstate-statemachine\src\xstate_statemachine\base_interpreter.py", line 3542, in _execute_actions
    await self._run_user_action(impl, action_def, event)
  File "<workspace>\_ref\xstate-statemachine\src\xstate_statemachine\interpreter.py", line 2261, in _run_user_action
    impl(self, self.context, event, action_def)
    ~~~~^^^^^^^^^^^^^^^^^^^^^^^^^^^^^^^^^^^^^^^
  File "<workspace>\CandleViewer\docs\research\xstate\battle-de2da4e\contracts\cvf.py", line 142, in f
    raise RuntimeError("boom:" + n)
RuntimeError: boom:adopt_ack
WARNING:xstate_statemachine.base_interpreter:💥 Transition on 'order.lifecycle.submitting' failed; rolling back to the pre-transition configuration.
ERROR:xstate_statemachine.base_interpreter:🔥 Action 'adopt_ack' raised while handling event 'done.invoke.place'; skipping remaining actions in this list.
Traceback (most recent call last):
  File "<workspace>\_ref\xstate-statemachine\src\xstate_statemachine\base_interpreter.py", line 3542, in _execute_actions
    await self._run_user_action(impl, action_def, event)
  File "<workspace>\_ref\xstate-statemachine\src\xstate_statemachine\interpreter.py", line 2261, in _run_user_action
    impl(self, self.context, event, action_def)
    ~~~~^^^^^^^^^^^^^^^^^^^^^^^^^^^^^^^^^^^^^^^
  File "<workspace>\CandleViewer\docs\research\xstate\battle-de2da4e\contracts\cvf.py", line 142, in f
    raise RuntimeError("boom:" + n)
RuntimeError: boom:adopt_ack
WARNING:xstate_statemachine.base_interpreter:💥 Transition on 'order.lifecycle.submitting' failed; rolling back to the pre-transition configuration.
ERROR:xstate_statemachine.base_interpreter:🔥 Action 'adopt_ack' raised while handling event 'done.invoke.place'; skipping remaining actions in this list.
Traceback (most recent call last):
  File "<workspace>\_ref\xstate-statemachine\src\xstate_statemachine\base_interpreter.py", line 3542, in _execute_actions
    await self._run_user_action(impl, action_def, event)
  File "<workspace>\_ref\xstate-statemachine\src\xstate_statemachine\interpreter.py", line 2261, in _run_user_action
    impl(self, self.context, event, action_def)
    ~~~~^^^^^^^^^^^^^^^^^^^^^^^^^^^^^^^^^^^^^^^
  File "<workspace>\CandleViewer\docs\research\xstate\battle-de2da4e\contracts\cvf.py", line 142, in f
    raise RuntimeError("boom:" + n)
RuntimeError: boom:adopt_ack
WARNING:xstate_statemachine.base_interpreter:💥 Transition on 'order.lifecycle.submitting' failed; rolling back to the pre-transition configuration.
ERROR:xstate_statemachine.base_interpreter:🔥 Action 'adopt_ack' raised while handling event 'done.invoke.place'; skipping remaining actions in this list.
Traceback (most recent call last):
  File "<workspace>\_ref\xstate-statemachine\src\xstate_statemachine\base_interpreter.py", line 3542, in _execute_actions
    await self._run_user_action(impl, action_def, event)
  File "<workspace>\_ref\xstate-statemachine\src\xstate_statemachine\interpreter.py", line 2261, in _run_user_action
    impl(self, self.context, event, action_def)
    ~~~~^^^^^^^^^^^^^^^^^^^^^^^^^^^^^^^^^^^^^^^
  File "<workspace>\CandleViewer\docs\research\xstate\battle-de2da4e\contracts\cvf.py", line 142, in f
    raise RuntimeError("boom:" + n)
RuntimeError: boom:adopt_ack
WARNING:xstate_statemachine.base_interpreter:💥 Transition on 'order.lifecycle.submitting' failed; rolling back to the pre-transition configuration.
ERROR:xstate_statemachine.base_interpreter:🔥 Action 'adopt_ack' raised while handling event 'done.invoke.place'; skipping remaining actions in this list.
Traceback (most recent call last):
  File "<workspace>\_ref\xstate-statemachine\src\xstate_statemachine\base_interpreter.py", line 3542, in _execute_actions
    await self._run_user_action(impl, action_def, event)
  File "<workspace>\_ref\xstate-statemachine\src\xstate_statemachine\interpreter.py", line 2261, in _run_user_action
    impl(self, self.context, event, action_def)
    ~~~~^^^^^^^^^^^^^^^^^^^^^^^^^^^^^^^^^^^^^^^
  File "<workspace>\CandleViewer\docs\research\xstate\battle-de2da4e\contracts\cvf.py", line 142, in f
    raise RuntimeError("boom:" + n)
RuntimeError: boom:adopt_ack
WARNING:xstate_statemachine.base_interpreter:💥 Transition on 'order.lifecycle.submitting' failed; rolling back to the pre-transition configuration.
ERROR:xstate_statemachine.base_interpreter:🔥 Action 'adopt_ack' raised while handling event 'done.invoke.place'; skipping remaining actions in this list.
Traceback (most recent call last):
  File "<workspace>\_ref\xstate-statemachine\src\xstate_statemachine\base_interpreter.py", line 3542, in _execute_actions
    await self._run_user_action(impl, action_def, event)
  File "<workspace>\_ref\xstate-statemachine\src\xstate_statemachine\interpreter.py", line 2261, in _run_user_action
    impl(self, self.context, event, action_def)
    ~~~~^^^^^^^^^^^^^^^^^^^^^^^^^^^^^^^^^^^^^^^
  File "<workspace>\CandleViewer\docs\research\xstate\battle-de2da4e\contracts\cvf.py", line 142, in f
    raise RuntimeError("boom:" + n)
RuntimeError: boom:adopt_ack
WARNING:xstate_statemachine.base_interpreter:💥 Transition on 'order.lifecycle.submitting' failed; rolling back to the pre-transition configuration.
ERROR:xstate_statemachine.base_interpreter:🔥 Action 'adopt_ack' raised while handling event 'done.invoke.place'; skipping remaining actions in this list.
Traceback (most recent call last):
  File "<workspace>\_ref\xstate-statemachine\src\xstate_statemachine\base_interpreter.py", line 3542, in _execute_actions
    await self._run_user_action(impl, action_def, event)
  File "<workspace>\_ref\xstate-statemachine\src\xstate_statemachine\interpreter.py", line 2261, in _run_user_action
    impl(self, self.context, event, action_def)
    ~~~~^^^^^^^^^^^^^^^^^^^^^^^^^^^^^^^^^^^^^^^
  File "<workspace>\CandleViewer\docs\research\xstate\battle-de2da4e\contracts\cvf.py", line 142, in f
    raise RuntimeError("boom:" + n)
RuntimeError: boom:adopt_ack
WARNING:xstate_statemachine.base_interpreter:💥 Transition on 'order.lifecycle.submitting' failed; rolling back to the pre-transition configuration.
ERROR:xstate_statemachine.base_interpreter:🔥 Action 'adopt_ack' raised while handling event 'done.invoke.place'; skipping remaining actions in this list.
Traceback (most recent call last):
  File "<workspace>\_ref\xstate-statemachine\src\xstate_statemachine\base_interpreter.py", line 3542, in _execute_actions
    await self._run_user_action(impl, action_def, event)
  File "<workspace>\_ref\xstate-statemachine\src\xstate_statemachine\interpreter.py", line 2261, in _run_user_action
    impl(self, self.context, event, action_def)
    ~~~~^^^^^^^^^^^^^^^^^^^^^^^^^^^^^^^^^^^^^^^
  File "<workspace>\CandleViewer\docs\research\xstate\battle-de2da4e\contracts\cvf.py", line 142, in f
    raise RuntimeError("boom:" + n)
RuntimeError: boom:adopt_ack
WARNING:xstate_statemachine.base_interpreter:💥 Transition on 'order.lifecycle.submitting' failed; rolling back to the pre-transition configuration.
ERROR:xstate_statemachine.base_interpreter:🔥 Action 'adopt_ack' raised while handling event 'done.invoke.place'; skipping remaining actions in this list.
Traceback (most recent call last):
  File "<workspace>\_ref\xstate-statemachine\src\xstate_statemachine\base_interpreter.py", line 3542, in _execute_actions
    await self._run_user_action(impl, action_def, event)
  File "<workspace>\_ref\xstate-statemachine\src\xstate_statemachine\interpreter.py", line 2261, in _run_user_action
    impl(self, self.context, event, action_def)
    ~~~~^^^^^^^^^^^^^^^^^^^^^^^^^^^^^^^^^^^^^^^
  File "<workspace>\CandleViewer\docs\research\xstate\battle-de2da4e\contracts\cvf.py", line 142, in f
    raise RuntimeError("boom:" + n)
RuntimeError: boom:adopt_ack
WARNING:xstate_statemachine.base_interpreter:💥 Transition on 'order.lifecycle.submitting' failed; rolling back to the pre-transition configuration.
ERROR:xstate_statemachine.base_interpreter:🔥 Action 'adopt_ack' raised while handling event 'done.invoke.place'; skipping remaining actions in this list.
Traceback (most recent call last):
  File "<workspace>\_ref\xstate-statemachine\src\xstate_statemachine\base_interpreter.py", line 3542, in _execute_actions
    await self._run_user_action(impl, action_def, event)
  File "<workspace>\_ref\xstate-statemachine\src\xstate_statemachine\interpreter.py", line 2261, in _run_user_action
    impl(self, self.context, event, action_def)
    ~~~~^^^^^^^^^^^^^^^^^^^^^^^^^^^^^^^^^^^^^^^
  File "<workspace>\CandleViewer\docs\research\xstate\battle-de2da4e\contracts\cvf.py", line 142, in f
    raise RuntimeError("boom:" + n)
RuntimeError: boom:adopt_ack
WARNING:xstate_statemachine.base_interpreter:💥 Transition on 'order.lifecycle.submitting' failed; rolling back to the pre-transition configuration.
ERROR:xstate_statemachine.base_interpreter:🔥 Action 'adopt_ack' raised while handling event 'done.invoke.place'; skipping remaining actions in this list.
Traceback (most recent call last):
  File "<workspace>\_ref\xstate-statemachine\src\xstate_statemachine\base_interpreter.py", line 3542, in _execute_actions
    await self._run_user_action(impl, action_def, event)
  File "<workspace>\_ref\xstate-statemachine\src\xstate_statemachine\interpreter.py", line 2261, in _run_user_action
    impl(self, self.context, event, action_def)
    ~~~~^^^^^^^^^^^^^^^^^^^^^^^^^^^^^^^^^^^^^^^
  File "<workspace>\CandleViewer\docs\research\xstate\battle-de2da4e\contracts\cvf.py", line 142, in f
    raise RuntimeError("boom:" + n)
RuntimeError: boom:adopt_ack
WARNING:xstate_statemachine.base_interpreter:💥 Transition on 'order.lifecycle.submitting' failed; rolling back to the pre-transition configuration.
ERROR:xstate_statemachine.base_interpreter:🔥 Action 'adopt_ack' raised while handling event 'done.invoke.place'; skipping remaining actions in this list.
Traceback (most recent call last):
  File "<workspace>\_ref\xstate-statemachine\src\xstate_statemachine\base_interpreter.py", line 3542, in _execute_actions
    await self._run_user_action(impl, action_def, event)
  File "<workspace>\_ref\xstate-statemachine\src\xstate_statemachine\interpreter.py", line 2261, in _run_user_action
    impl(self, self.context, event, action_def)
    ~~~~^^^^^^^^^^^^^^^^^^^^^^^^^^^^^^^^^^^^^^^
  File "<workspace>\CandleViewer\docs\research\xstate\battle-de2da4e\contracts\cvf.py", line 142, in f
    raise RuntimeError("boom:" + n)
RuntimeError: boom:adopt_ack
WARNING:xstate_statemachine.base_interpreter:💥 Transition on 'order.lifecycle.submitting' failed; rolling back to the pre-transition configuration.
ERROR:xstate_statemachine.base_interpreter:🔥 Action 'adopt_ack' raised while handling event 'done.invoke.place'; skipping remaining actions in this list.
Traceback (most recent call last):
  File "<workspace>\_ref\xstate-statemachine\src\xstate_statemachine\base_interpreter.py", line 3542, in _execute_actions
    await self._run_user_action(impl, action_def, event)
  File "<workspace>\_ref\xstate-statemachine\src\xstate_statemachine\interpreter.py", line 2261, in _run_user_action
    impl(self, self.context, event, action_def)
    ~~~~^^^^^^^^^^^^^^^^^^^^^^^^^^^^^^^^^^^^^^^
  File "<workspace>\CandleViewer\docs\research\xstate\battle-de2da4e\contracts\cvf.py", line 142, in f
    raise RuntimeError("boom:" + n)
RuntimeError: boom:adopt_ack
WARNING:xstate_statemachine.base_interpreter:💥 Transition on 'order.lifecycle.submitting' failed; rolling back to the pre-transition configuration.
ERROR:xstate_statemachine.base_interpreter:🔥 Action 'adopt_ack' raised while handling event 'done.invoke.place'; skipping remaining actions in this list.
Traceback (most recent call last):
  File "<workspace>\_ref\xstate-statemachine\src\xstate_statemachine\base_interpreter.py", line 3542, in _execute_actions
    await self._run_user_action(impl, action_def, event)
  File "<workspace>\_ref\xstate-statemachine\src\xstate_statemachine\interpreter.py", line 2261, in _run_user_action
    impl(self, self.context, event, action_def)
    ~~~~^^^^^^^^^^^^^^^^^^^^^^^^^^^^^^^^^^^^^^^
  File "<workspace>\CandleViewer\docs\research\xstate\battle-de2da4e\contracts\cvf.py", line 142, in f
    raise RuntimeError("boom:" + n)
RuntimeError: boom:adopt_ack
WARNING:xstate_statemachine.base_interpreter:💥 Transition on 'order.lifecycle.submitting' failed; rolling back to the pre-transition configuration.
ERROR:xstate_statemachine.base_interpreter:🔥 Action 'adopt_ack' raised while handling event 'done.invoke.place'; skipping remaining actions in this list.
Traceback (most recent call last):
  File "<workspace>\_ref\xstate-statemachine\src\xstate_statemachine\base_interpreter.py", line 3542, in _execute_actions
    await self._run_user_action(impl, action_def, event)
  File "<workspace>\_ref\xstate-statemachine\src\xstate_statemachine\interpreter.py", line 2261, in _run_user_action
    impl(self, self.context, event, action_def)
    ~~~~^^^^^^^^^^^^^^^^^^^^^^^^^^^^^^^^^^^^^^^
  File "<workspace>\CandleViewer\docs\research\xstate\battle-de2da4e\contracts\cvf.py", line 142, in f
    raise RuntimeError("boom:" + n)
RuntimeError: boom:adopt_ack
WARNING:xstate_statemachine.base_interpreter:💥 Transition on 'order.lifecycle.submitting' failed; rolling back to the pre-transition configuration.
ERROR:xstate_statemachine.base_interpreter:🔥 Action 'adopt_ack' raised while handling event 'done.invoke.place'; skipping remaining actions in this list.
Traceback (most recent call last):
  File "<workspace>\_ref\xstate-statemachine\src\xstate_statemachine\base_interpreter.py", line 3542, in _execute_actions
    await self._run_user_action(impl, action_def, event)
  File "<workspace>\_ref\xstate-statemachine\src\xstate_statemachine\interpreter.py", line 2261, in _run_user_action
    impl(self, self.context, event, action_def)
    ~~~~^^^^^^^^^^^^^^^^^^^^^^^^^^^^^^^^^^^^^^^
  File "<workspace>\CandleViewer\docs\research\xstate\battle-de2da4e\contracts\cvf.py", line 142, in f
    raise RuntimeError("boom:" + n)
RuntimeError: boom:adopt_ack
WARNING:xstate_statemachine.base_interpreter:💥 Transition on 'order.lifecycle.submitting' failed; rolling back to the pre-transition configuration.
ERROR:xstate_statemachine.base_interpreter:🔥 Action 'adopt_ack' raised while handling event 'done.invoke.place'; skipping remaining actions in this list.
Traceback (most recent call last):
  File "<workspace>\_ref\xstate-statemachine\src\xstate_statemachine\base_interpreter.py", line 3542, in _execute_actions
    await self._run_user_action(impl, action_def, event)
  File "<workspace>\_ref\xstate-statemachine\src\xstate_statemachine\interpreter.py", line 2261, in _run_user_action
    impl(self, self.context, event, action_def)
    ~~~~^^^^^^^^^^^^^^^^^^^^^^^^^^^^^^^^^^^^^^^
  File "<workspace>\CandleViewer\docs\research\xstate\battle-de2da4e\contracts\cvf.py", line 142, in f
    raise RuntimeError("boom:" + n)
RuntimeError: boom:adopt_ack
WARNING:xstate_statemachine.base_interpreter:💥 Transition on 'order.lifecycle.submitting' failed; rolling back to the pre-transition configuration.
ERROR:xstate_statemachine.base_interpreter:🔥 Action 'adopt_ack' raised while handling event 'done.invoke.place'; skipping remaining actions in this list.
Traceback (most recent call last):
  File "<workspace>\_ref\xstate-statemachine\src\xstate_statemachine\base_interpreter.py", line 3542, in _execute_actions
    await self._run_user_action(impl, action_def, event)
  File "<workspace>\_ref\xstate-statemachine\src\xstate_statemachine\interpreter.py", line 2261, in _run_user_action
    impl(self, self.context, event, action_def)
    ~~~~^^^^^^^^^^^^^^^^^^^^^^^^^^^^^^^^^^^^^^^
  File "<workspace>\CandleViewer\docs\research\xstate\battle-de2da4e\contracts\cvf.py", line 142, in f
    raise RuntimeError("boom:" + n)
RuntimeError: boom:adopt_ack
WARNING:xstate_statemachine.base_interpreter:💥 Transition on 'order.lifecycle.submitting' failed; rolling back to the pre-transition configuration.
ERROR:xstate_statemachine.base_interpreter:🔥 Action 'adopt_ack' raised while handling event 'done.invoke.place'; skipping remaining actions in this list.
Traceback (most recent call last):
  File "<workspace>\_ref\xstate-statemachine\src\xstate_statemachine\base_interpreter.py", line 3542, in _execute_actions
    await self._run_user_action(impl, action_def, event)
  File "<workspace>\_ref\xstate-statemachine\src\xstate_statemachine\interpreter.py", line 2261, in _run_user_action
    impl(self, self.context, event, action_def)
    ~~~~^^^^^^^^^^^^^^^^^^^^^^^^^^^^^^^^^^^^^^^
  File "<workspace>\CandleViewer\docs\research\xstate\battle-de2da4e\contracts\cvf.py", line 142, in f
    raise RuntimeError("boom:" + n)
RuntimeError: boom:adopt_ack
WARNING:xstate_statemachine.base_interpreter:💥 Transition on 'order.lifecycle.submitting' failed; rolling back to the pre-transition configuration.
ERROR:xstate_statemachine.base_interpreter:🔥 Action 'adopt_ack' raised while handling event 'done.invoke.place'; skipping remaining actions in this list.
Traceback (most recent call last):
  File "<workspace>\_ref\xstate-statemachine\src\xstate_statemachine\base_interpreter.py", line 3542, in _execute_actions
    await self._run_user_action(impl, action_def, event)
  File "<workspace>\_ref\xstate-statemachine\src\xstate_statemachine\interpreter.py", line 2261, in _run_user_action
    impl(self, self.context, event, action_def)
    ~~~~^^^^^^^^^^^^^^^^^^^^^^^^^^^^^^^^^^^^^^^
  File "<workspace>\CandleViewer\docs\research\xstate\battle-de2da4e\contracts\cvf.py", line 142, in f
    raise RuntimeError("boom:" + n)
RuntimeError: boom:adopt_ack
WARNING:xstate_statemachine.base_interpreter:💥 Transition on 'order.lifecycle.submitting' failed; rolling back to the pre-transition configuration.
ERROR:xstate_statemachine.base_interpreter:🔥 Action 'adopt_ack' raised while handling event 'done.invoke.place'; skipping remaining actions in this list.
Traceback (most recent call last):
  File "<workspace>\_ref\xstate-statemachine\src\xstate_statemachine\base_interpreter.py", line 3542, in _execute_actions
    await self._run_user_action(impl, action_def, event)
  File "<workspace>\_ref\xstate-statemachine\src\xstate_statemachine\interpreter.py", line 2261, in _run_user_action
    impl(self, self.context, event, action_def)
    ~~~~^^^^^^^^^^^^^^^^^^^^^^^^^^^^^^^^^^^^^^^
  File "<workspace>\CandleViewer\docs\research\xstate\battle-de2da4e\contracts\cvf.py", line 142, in f
    raise RuntimeError("boom:" + n)
RuntimeError: boom:adopt_ack
WARNING:xstate_statemachine.base_interpreter:💥 Transition on 'order.lifecycle.submitting' failed; rolling back to the pre-transition configuration.
ERROR:xstate_statemachine.base_interpreter:🔥 Action 'adopt_ack' raised while handling event 'done.invoke.place'; skipping remaining actions in this list.
Traceback (most recent call last):
  File "<workspace>\_ref\xstate-statemachine\src\xstate_statemachine\base_interpreter.py", line 3542, in _execute_actions
    await self._run_user_action(impl, action_def, event)
  File "<workspace>\_ref\xstate-statemachine\src\xstate_statemachine\interpreter.py", line 2261, in _run_user_action
    impl(self, self.context, event, action_def)
    ~~~~^^^^^^^^^^^^^^^^^^^^^^^^^^^^^^^^^^^^^^^
  File "<workspace>\CandleViewer\docs\research\xstate\battle-de2da4e\contracts\cvf.py", line 142, in f
    raise RuntimeError("boom:" + n)
RuntimeError: boom:adopt_ack
WARNING:xstate_statemachine.base_interpreter:💥 Transition on 'order.lifecycle.submitting' failed; rolling back to the pre-transition configuration.
ERROR:xstate_statemachine.base_interpreter:🔥 Action 'adopt_ack' raised while handling event 'done.invoke.place'; skipping remaining actions in this list.
Traceback (most recent call last):
  File "<workspace>\_ref\xstate-statemachine\src\xstate_statemachine\base_interpreter.py", line 3542, in _execute_actions
    await self._run_user_action(impl, action_def, event)
  File "<workspace>\_ref\xstate-statemachine\src\xstate_statemachine\interpreter.py", line 2261, in _run_user_action
    impl(self, self.context, event, action_def)
    ~~~~^^^^^^^^^^^^^^^^^^^^^^^^^^^^^^^^^^^^^^^
  File "<workspace>\CandleViewer\docs\research\xstate\battle-de2da4e\contracts\cvf.py", line 142, in f
    raise RuntimeError("boom:" + n)
RuntimeError: boom:adopt_ack
WARNING:xstate_statemachine.base_interpreter:💥 Transition on 'order.lifecycle.submitting' failed; rolling back to the pre-transition configuration.
ERROR:xstate_statemachine.base_interpreter:🔥 Action 'adopt_ack' raised while handling event 'done.invoke.place'; skipping remaining actions in this list.
Traceback (most recent call last):
  File "<workspace>\_ref\xstate-statemachine\src\xstate_statemachine\base_interpreter.py", line 3542, in _execute_actions
    await self._run_user_action(impl, action_def, event)
  File "<workspace>\_ref\xstate-statemachine\src\xstate_statemachine\interpreter.py", line 2261, in _run_user_action
    impl(self, self.context, event, action_def)
    ~~~~^^^^^^^^^^^^^^^^^^^^^^^^^^^^^^^^^^^^^^^
  File "<workspace>\CandleViewer\docs\research\xstate\battle-de2da4e\contracts\cvf.py", line 142, in f
    raise RuntimeError("boom:" + n)
RuntimeError: boom:adopt_ack
WARNING:xstate_statemachine.base_interpreter:💥 Transition on 'order.lifecycle.submitting' failed; rolling back to the pre-transition configuration.
ERROR:xstate_statemachine.base_interpreter:🔥 Action 'adopt_ack' raised while handling event 'done.invoke.place'; skipping remaining actions in this list.
Traceback (most recent call last):
  File "<workspace>\_ref\xstate-statemachine\src\xstate_statemachine\base_interpreter.py", line 3542, in _execute_actions
    await self._run_user_action(impl, action_def, event)
  File "<workspace>\_ref\xstate-statemachine\src\xstate_statemachine\interpreter.py", line 2261, in _run_user_action
    impl(self, self.context, event, action_def)
    ~~~~^^^^^^^^^^^^^^^^^^^^^^^^^^^^^^^^^^^^^^^
  File "<workspace>\CandleViewer\docs\research\xstate\battle-de2da4e\contracts\cvf.py", line 142, in f
    raise RuntimeError("boom:" + n)
RuntimeError: boom:adopt_ack
WARNING:xstate_statemachine.base_interpreter:💥 Transition on 'order.lifecycle.submitting' failed; rolling back to the pre-transition configuration.
ERROR:xstate_statemachine.base_interpreter:🔥 Action 'adopt_ack' raised while handling event 'done.invoke.place'; skipping remaining actions in this list.
Traceback (most recent call last):
  File "<workspace>\_ref\xstate-statemachine\src\xstate_statemachine\base_interpreter.py", line 3542, in _execute_actions
    await self._run_user_action(impl, action_def, event)
  File "<workspace>\_ref\xstate-statemachine\src\xstate_statemachine\interpreter.py", line 2261, in _run_user_action
    impl(self, self.context, event, action_def)
    ~~~~^^^^^^^^^^^^^^^^^^^^^^^^^^^^^^^^^^^^^^^
  File "<workspace>\CandleViewer\docs\research\xstate\battle-de2da4e\contracts\cvf.py", line 142, in f
    raise RuntimeError("boom:" + n)
RuntimeError: boom:adopt_ack
WARNING:xstate_statemachine.base_interpreter:💥 Transition on 'order.lifecycle.submitting' failed; rolling back to the pre-transition configuration.
ERROR:xstate_statemachine.base_interpreter:🔥 Action 'adopt_ack' raised while handling event 'done.invoke.place'; skipping remaining actions in this list.
Traceback (most recent call last):
  File "<workspace>\_ref\xstate-statemachine\src\xstate_statemachine\base_interpreter.py", line 3542, in _execute_actions
    await self._run_user_action(impl, action_def, event)
  File "<workspace>\_ref\xstate-statemachine\src\xstate_statemachine\interpreter.py", line 2261, in _run_user_action
    impl(self, self.context, event, action_def)
    ~~~~^^^^^^^^^^^^^^^^^^^^^^^^^^^^^^^^^^^^^^^
  File "<workspace>\CandleViewer\docs\research\xstate\battle-de2da4e\contracts\cvf.py", line 142, in f
    raise RuntimeError("boom:" + n)
RuntimeError: boom:adopt_ack
WARNING:xstate_statemachine.base_interpreter:💥 Transition on 'order.lifecycle.submitting' failed; rolling back to the pre-transition configuration.
ERROR:xstate_statemachine.base_interpreter:🔥 Action 'adopt_ack' raised while handling event 'done.invoke.place'; skipping remaining actions in this list.
Traceback (most recent call last):
  File "<workspace>\_ref\xstate-statemachine\src\xstate_statemachine\base_interpreter.py", line 3542, in _execute_actions
    await self._run_user_action(impl, action_def, event)
  File "<workspace>\_ref\xstate-statemachine\src\xstate_statemachine\interpreter.py", line 2261, in _run_user_action
    impl(self, self.context, event, action_def)
    ~~~~^^^^^^^^^^^^^^^^^^^^^^^^^^^^^^^^^^^^^^^
  File "<workspace>\CandleViewer\docs\research\xstate\battle-de2da4e\contracts\cvf.py", line 142, in f
    raise RuntimeError("boom:" + n)
RuntimeError: boom:adopt_ack
WARNING:xstate_statemachine.base_interpreter:💥 Transition on 'order.lifecycle.submitting' failed; rolling back to the pre-transition configuration.
ERROR:xstate_statemachine.base_interpreter:🔥 Action 'adopt_ack' raised while handling event 'done.invoke.place'; skipping remaining actions in this list.
Traceback (most recent call last):
  File "<workspace>\_ref\xstate-statemachine\src\xstate_statemachine\base_interpreter.py", line 3542, in _execute_actions
    await self._run_user_action(impl, action_def, event)
  File "<workspace>\_ref\xstate-statemachine\src\xstate_statemachine\interpreter.py", line 2261, in _run_user_action
    impl(self, self.context, event, action_def)
    ~~~~^^^^^^^^^^^^^^^^^^^^^^^^^^^^^^^^^^^^^^^
  File "<workspace>\CandleViewer\docs\research\xstate\battle-de2da4e\contracts\cvf.py", line 142, in f
    raise RuntimeError("boom:" + n)
RuntimeError: boom:adopt_ack
WARNING:xstate_statemachine.base_interpreter:💥 Transition on 'order.lifecycle.submitting' failed; rolling back to the pre-transition configuration.
ERROR:xstate_statemachine.base_interpreter:🔥 Action 'adopt_ack' raised while handling event 'done.invoke.place'; skipping remaining actions in this list.
Traceback (most recent call last):
  File "<workspace>\_ref\xstate-statemachine\src\xstate_statemachine\base_interpreter.py", line 3542, in _execute_actions
    await self._run_user_action(impl, action_def, event)
  File "<workspace>\_ref\xstate-statemachine\src\xstate_statemachine\interpreter.py", line 2261, in _run_user_action
    impl(self, self.context, event, action_def)
    ~~~~^^^^^^^^^^^^^^^^^^^^^^^^^^^^^^^^^^^^^^^
  File "<workspace>\CandleViewer\docs\research\xstate\battle-de2da4e\contracts\cvf.py", line 142, in f
    raise RuntimeError("boom:" + n)
RuntimeError: boom:adopt_ack
WARNING:xstate_statemachine.base_interpreter:💥 Transition on 'order.lifecycle.submitting' failed; rolling back to the pre-transition configuration.
ERROR:xstate_statemachine.base_interpreter:🔥 Action 'adopt_ack' raised while handling event 'done.invoke.place'; skipping remaining actions in this list.
Traceback (most recent call last):
  File "<workspace>\_ref\xstate-statemachine\src\xstate_statemachine\base_interpreter.py", line 3542, in _execute_actions
    await self._run_user_action(impl, action_def, event)
  File "<workspace>\_ref\xstate-statemachine\src\xstate_statemachine\interpreter.py", line 2261, in _run_user_action
    impl(self, self.context, event, action_def)
    ~~~~^^^^^^^^^^^^^^^^^^^^^^^^^^^^^^^^^^^^^^^
  File "<workspace>\CandleViewer\docs\research\xstate\battle-de2da4e\contracts\cvf.py", line 142, in f
    raise RuntimeError("boom:" + n)
RuntimeError: boom:adopt_ack
WARNING:xstate_statemachine.base_interpreter:💥 Transition on 'order.lifecycle.submitting' failed; rolling back to the pre-transition configuration.
ERROR:xstate_statemachine.base_interpreter:🔥 Action 'adopt_ack' raised while handling event 'done.invoke.place'; skipping remaining actions in this list.
Traceback (most recent call last):
  File "<workspace>\_ref\xstate-statemachine\src\xstate_statemachine\base_interpreter.py", line 3542, in _execute_actions
    await self._run_user_action(impl, action_def, event)
  File "<workspace>\_ref\xstate-statemachine\src\xstate_statemachine\interpreter.py", line 2261, in _run_user_action
    impl(self, self.context, event, action_def)
    ~~~~^^^^^^^^^^^^^^^^^^^^^^^^^^^^^^^^^^^^^^^
  File "<workspace>\CandleViewer\docs\research\xstate\battle-de2da4e\contracts\cvf.py", line 142, in f
    raise RuntimeError("boom:" + n)
RuntimeError: boom:adopt_ack
WARNING:xstate_statemachine.base_interpreter:💥 Transition on 'order.lifecycle.submitting' failed; rolling back to the pre-transition configuration.
ERROR:xstate_statemachine.base_interpreter:🔥 Action 'adopt_ack' raised while handling event 'done.invoke.place'; skipping remaining actions in this list.
Traceback (most recent call last):
  File "<workspace>\_ref\xstate-statemachine\src\xstate_statemachine\base_interpreter.py", line 3542, in _execute_actions
    await self._run_user_action(impl, action_def, event)
  File "<workspace>\_ref\xstate-statemachine\src\xstate_statemachine\interpreter.py", line 2261, in _run_user_action
    impl(self, self.context, event, action_def)
    ~~~~^^^^^^^^^^^^^^^^^^^^^^^^^^^^^^^^^^^^^^^
  File "<workspace>\CandleViewer\docs\research\xstate\battle-de2da4e\contracts\cvf.py", line 142, in f
    raise RuntimeError("boom:" + n)
RuntimeError: boom:adopt_ack
WARNING:xstate_statemachine.base_interpreter:💥 Transition on 'order.lifecycle.submitting' failed; rolling back to the pre-transition configuration.
ERROR:xstate_statemachine.base_interpreter:🔥 Action 'adopt_ack' raised while handling event 'done.invoke.place'; skipping remaining actions in this list.
Traceback (most recent call last):
  File "<workspace>\_ref\xstate-statemachine\src\xstate_statemachine\base_interpreter.py", line 3542, in _execute_actions
    await self._run_user_action(impl, action_def, event)
  File "<workspace>\_ref\xstate-statemachine\src\xstate_statemachine\interpreter.py", line 2261, in _run_user_action
    impl(self, self.context, event, action_def)
    ~~~~^^^^^^^^^^^^^^^^^^^^^^^^^^^^^^^^^^^^^^^
  File "<workspace>\CandleViewer\docs\research\xstate\battle-de2da4e\contracts\cvf.py", line 142, in f
    raise RuntimeError("boom:" + n)
RuntimeError: boom:adopt_ack
WARNING:xstate_statemachine.base_interpreter:💥 Transition on 'order.lifecycle.submitting' failed; rolling back to the pre-transition configuration.
ERROR:xstate_statemachine.base_interpreter:🔥 Action 'adopt_ack' raised while handling event 'done.invoke.place'; skipping remaining actions in this list.
Traceback (most recent call last):
  File "<workspace>\_ref\xstate-statemachine\src\xstate_statemachine\base_interpreter.py", line 3542, in _execute_actions
    await self._run_user_action(impl, action_def, event)
  File "<workspace>\_ref\xstate-statemachine\src\xstate_statemachine\interpreter.py", line 2261, in _run_user_action
    impl(self, self.context, event, action_def)
    ~~~~^^^^^^^^^^^^^^^^^^^^^^^^^^^^^^^^^^^^^^^
  File "<workspace>\CandleViewer\docs\research\xstate\battle-de2da4e\contracts\cvf.py", line 142, in f
    raise RuntimeError("boom:" + n)
RuntimeError: boom:adopt_ack
WARNING:xstate_statemachine.base_interpreter:💥 Transition on 'order.lifecycle.submitting' failed; rolling back to the pre-transition configuration.
ERROR:xstate_statemachine.base_interpreter:🔥 Action 'adopt_ack' raised while handling event 'done.invoke.place'; skipping remaining actions in this list.
Traceback (most recent call last):
  File "<workspace>\_ref\xstate-statemachine\src\xstate_statemachine\base_interpreter.py", line 3542, in _execute_actions
    await self._run_user_action(impl, action_def, event)
  File "<workspace>\_ref\xstate-statemachine\src\xstate_statemachine\interpreter.py", line 2261, in _run_user_action
    impl(self, self.context, event, action_def)
    ~~~~^^^^^^^^^^^^^^^^^^^^^^^^^^^^^^^^^^^^^^^
  File "<workspace>\CandleViewer\docs\research\xstate\battle-de2da4e\contracts\cvf.py", line 142, in f
    raise RuntimeError("boom:" + n)
RuntimeError: boom:adopt_ack
WARNING:xstate_statemachine.base_interpreter:💥 Transition on 'order.lifecycle.submitting' failed; rolling back to the pre-transition configuration.
ERROR:xstate_statemachine.base_interpreter:🔥 Action 'adopt_ack' raised while handling event 'done.invoke.place'; skipping remaining actions in this list.
Traceback (most recent call last):
  File "<workspace>\_ref\xstate-statemachine\src\xstate_statemachine\base_interpreter.py", line 3542, in _execute_actions
    await self._run_user_action(impl, action_def, event)
  File "<workspace>\_ref\xstate-statemachine\src\xstate_statemachine\interpreter.py", line 2261, in _run_user_action
    impl(self, self.context, event, action_def)
    ~~~~^^^^^^^^^^^^^^^^^^^^^^^^^^^^^^^^^^^^^^^
  File "<workspace>\CandleViewer\docs\research\xstate\battle-de2da4e\contracts\cvf.py", line 142, in f
    raise RuntimeError("boom:" + n)
RuntimeError: boom:adopt_ack
WARNING:xstate_statemachine.base_interpreter:💥 Transition on 'order.lifecycle.submitting' failed; rolling back to the pre-transition configuration.
ERROR:xstate_statemachine.base_interpreter:🔥 Action 'adopt_ack' raised while handling event 'done.invoke.place'; skipping remaining actions in this list.
Traceback (most recent call last):
  File "<workspace>\_ref\xstate-statemachine\src\xstate_statemachine\base_interpreter.py", line 3542, in _execute_actions
    await self._run_user_action(impl, action_def, event)
  File "<workspace>\_ref\xstate-statemachine\src\xstate_statemachine\interpreter.py", line 2261, in _run_user_action
    impl(self, self.context, event, action_def)
    ~~~~^^^^^^^^^^^^^^^^^^^^^^^^^^^^^^^^^^^^^^^
  File "<workspace>\CandleViewer\docs\research\xstate\battle-de2da4e\contracts\cvf.py", line 142, in f
    raise RuntimeError("boom:" + n)
RuntimeError: boom:adopt_ack
WARNING:xstate_statemachine.base_interpreter:💥 Transition on 'order.lifecycle.submitting' failed; rolling back to the pre-transition configuration.
ERROR:xstate_statemachine.base_interpreter:🔥 Action 'adopt_ack' raised while handling event 'done.invoke.place'; skipping remaining actions in this list.
Traceback (most recent call last):
  File "<workspace>\_ref\xstate-statemachine\src\xstate_statemachine\base_interpreter.py", line 3542, in _execute_actions
    await self._run_user_action(impl, action_def, event)
  File "<workspace>\_ref\xstate-statemachine\src\xstate_statemachine\interpreter.py", line 2261, in _run_user_action
    impl(self, self.context, event, action_def)
    ~~~~^^^^^^^^^^^^^^^^^^^^^^^^^^^^^^^^^^^^^^^
  File "<workspace>\CandleViewer\docs\research\xstate\battle-de2da4e\contracts\cvf.py", line 142, in f
    raise RuntimeError("boom:" + n)
RuntimeError: boom:adopt_ack
WARNING:xstate_statemachine.base_interpreter:💥 Transition on 'order.lifecycle.submitting' failed; rolling back to the pre-transition configuration.
ERROR:xstate_statemachine.base_interpreter:🔥 Action 'adopt_ack' raised while handling event 'done.invoke.place'; skipping remaining actions in this list.
Traceback (most recent call last):
  File "<workspace>\_ref\xstate-statemachine\src\xstate_statemachine\base_interpreter.py", line 3542, in _execute_actions
    await self._run_user_action(impl, action_def, event)
  File "<workspace>\_ref\xstate-statemachine\src\xstate_statemachine\interpreter.py", line 2261, in _run_user_action
    impl(self, self.context, event, action_def)
    ~~~~^^^^^^^^^^^^^^^^^^^^^^^^^^^^^^^^^^^^^^^
  File "<workspace>\CandleViewer\docs\research\xstate\battle-de2da4e\contracts\cvf.py", line 142, in f
    raise RuntimeError("boom:" + n)
RuntimeError: boom:adopt_ack
WARNING:xstate_statemachine.base_interpreter:💥 Transition on 'order.lifecycle.submitting' failed; rolling back to the pre-transition configuration.
ERROR:xstate_statemachine.base_interpreter:🔥 Action 'adopt_ack' raised while handling event 'done.invoke.place'; skipping remaining actions in this list.
Traceback (most recent call last):
  File "<workspace>\_ref\xstate-statemachine\src\xstate_statemachine\base_interpreter.py", line 3542, in _execute_actions
    await self._run_user_action(impl, action_def, event)
  File "<workspace>\_ref\xstate-statemachine\src\xstate_statemachine\interpreter.py", line 2261, in _run_user_action
    impl(self, self.context, event, action_def)
    ~~~~^^^^^^^^^^^^^^^^^^^^^^^^^^^^^^^^^^^^^^^
  File "<workspace>\CandleViewer\docs\research\xstate\battle-de2da4e\contracts\cvf.py", line 142, in f
    raise RuntimeError("boom:" + n)
RuntimeError: boom:adopt_ack
WARNING:xstate_statemachine.base_interpreter:💥 Transition on 'order.lifecycle.submitting' failed; rolling back to the pre-transition configuration.
ERROR:xstate_statemachine.base_interpreter:🔥 Action 'adopt_ack' raised while handling event 'done.invoke.place'; skipping remaining actions in this list.
Traceback (most recent call last):
  File "<workspace>\_ref\xstate-statemachine\src\xstate_statemachine\base_interpreter.py", line 3542, in _execute_actions
    await self._run_user_action(impl, action_def, event)
  File "<workspace>\_ref\xstate-statemachine\src\xstate_statemachine\interpreter.py", line 2261, in _run_user_action
    impl(self, self.context, event, action_def)
    ~~~~^^^^^^^^^^^^^^^^^^^^^^^^^^^^^^^^^^^^^^^
  File "<workspace>\CandleViewer\docs\research\xstate\battle-de2da4e\contracts\cvf.py", line 142, in f
    raise RuntimeError("boom:" + n)
RuntimeError: boom:adopt_ack
WARNING:xstate_statemachine.base_interpreter:💥 Transition on 'order.lifecycle.submitting' failed; rolling back to the pre-transition configuration.
PASS [async]B1.R6-03.terminates  | [{'ev': 'VALIDATE', 'ok': True, 'sec': 0.0014603000017814338}, {'ev': 'SEND', 'ok': True, 'sec': 0.0005471999902511016}]
PASS [async]B1.R6-03.duplicate_orders_placed  | place_order x86 states=['order.lifecycle.submitting', 'order.protection.not_required'] status=running error=None action_errors=85
PASS [async]B1.defer.exec_replayed  | states=['order.lifecycle.partially_filled', 'order.protection.not_required'] unhandled=[('EXEC', 'deferred'), ('EXEC', 'deferred'), ('EXEC', 'deferred')]
ERROR:xstate_statemachine.base_interpreter:🔥 Guard 'ret_code_ok' raised an exception while evaluating event 'done.invoke.place'; guardErrorPolicy='raise'.
Traceback (most recent call last):
  File "<workspace>\_ref\xstate-statemachine\src\xstate_statemachine\base_interpreter.py", line 5313, in _is_guard_satisfied
    self._call_with_optional_params(
    ~~~~~~~~~~~~~~~~~~~~~~~~~~~~~~~^
        guard_callable, self.context, event, params
        ^^^^^^^^^^^^^^^^^^^^^^^^^^^^^^^^^^^^^^^^^^^
    )
    ^
  File "<workspace>\_ref\xstate-statemachine\src\xstate_statemachine\base_interpreter.py", line 5462, in _call_with_optional_params
    return fn(context, event)
  File "<workspace>\CandleViewer\docs\research\xstate\battle-de2da4e\contracts\cvf.py", line 153, in g
    raise RuntimeError("guard:" + n)
RuntimeError: guard:ret_code_ok
PASS [async]B1.guard_raise.observable  | ["RuntimeError('guard:ret_code_ok')"]
PASS [async]B1.parity.states  | async=['order.lifecycle.partially_filled', 'order.protection.sl_present'] sync=['order.lifecycle.partially_filled', 'order.protection.sl_present']
PASS [async]B1.parity.context  | async={'order_id': None, 'order_link_id': None, 'account_id': None, 'symbol': None, 'side': None, 'qty': '0', 'filled_qty': '0', 'leaves_qty': '0', 'avg_price': None, 'seen_exec_ids': [], 'last_exchange_update': 0, 'recon_misses': 0, '_fault': None, 'sl_deadline_us': None}
sync={'order_id': None, 'order_link_id': None, 'account_id': None, 'symbol': None, 'side': None, 'qty': '0', 'filled_qty': '0', 'leaves_qty': '0', 'avg_price': None, 'seen_exec_ids': [], 'last_exchange_update': 0, 'recon_misses': 0, '_fault': None, 'sl_deadline_us': None}
PASS [async]B1.parity.actions  | async=['persist_event', 'stamp_validated', 'persist_event', 'reserve_rate_token', 'persist_event', 'adopt_ack', 'persist_event', 'arm_sl_deadline', 'apply_fill', 'persist_event', 'notify_protection_region']
sync=['persist_event', 'stamp_validated', 'persist_event', 'reserve_rate_token', 'persist_event', 'adopt_ack', 'persist_event', 'arm_sl_deadline', 'apply_fill', 'persist_event', 'notify_protection_region']
PASS [async]B1.parity.svc  | async=['place_order', 'attach_native_sl'] sync=['place_order', 'attach_native_sl']

--- 34 checks, 0 FAIL: []
