ERROR:xstate_statemachine.base_interpreter:🚨 Machine 'kill_switch' entered the error state: UnhandledEventError("Event 'RELEASE' is not handled in any active state ['kill_switch.engaged'] and the machine's onUnhandled policy is 'error'.")
WARNING:xstate_statemachine.interpreter:⚠️ Interpreter 'kill_switch' is error; dropping event 'RELEASE'. Nothing drains the queue after shutdown, so queuing here would leak.
PASS [def]C-07b/denied RELEASE is fatal  | {"after_denied": ["kill_switch.engaged"], "status": "error", "err": "UnhandledEventError(\"Event 'RELEASE' is not handled in any active state ['kill_switch.engaged'] and the machine's onUnhandled policy is 'err"}
PASS [def]C-07b/kill switch BRICKED (valid RELEASE cannot land)  | {"final": ["kill_switch.engaged"], "r3": {"ok": true, "sec": 0.0004335000121500343}, "status": "error"}
ERROR:xstate_statemachine.base_interpreter:🔥 Action 'page_owner' raised while handling event 'done.invoke.fl'; skipping remaining actions in this list.
Traceback (most recent call last):
  File "C:\Users\basil\Desktop\Projects\FullStackProjects\_ref\xstate-statemachine\src\xstate_statemachine\base_interpreter.py", line 3542, in _execute_actions
    await self._run_user_action(impl, action_def, event)
  File "C:\Users\basil\Desktop\Projects\FullStackProjects\_ref\xstate-statemachine\src\xstate_statemachine\interpreter.py", line 2261, in _run_user_action
    impl(self, self.context, event, action_def)
    ~~~~^^^^^^^^^^^^^^^^^^^^^^^^^^^^^^^^^^^^^^^
  File "C:\Users\basil\Desktop\Projects\FullStackProjects\CandleViewer\docs\research\xstate\battle-de2da4e\contracts\cvf.py", line 142, in f
    raise RuntimeError("boom:" + n)
RuntimeError: boom:page_owner
WARNING:xstate_statemachine.base_interpreter:💥 Transition on 'kill_switch.flattening' failed; rolling back to the pre-transition configuration.
ERROR:xstate_statemachine.base_interpreter:🔥 Action 'page_owner' raised while handling event 'done.invoke.fl'; skipping remaining actions in this list.
Traceback (most recent call last):
  File "C:\Users\basil\Desktop\Projects\FullStackProjects\_ref\xstate-statemachine\src\xstate_statemachine\base_interpreter.py", line 3542, in _execute_actions
    await self._run_user_action(impl, action_def, event)
  File "C:\Users\basil\Desktop\Projects\FullStackProjects\_ref\xstate-statemachine\src\xstate_statemachine\interpreter.py", line 2261, in _run_user_action
    impl(self, self.context, event, action_def)
    ~~~~^^^^^^^^^^^^^^^^^^^^^^^^^^^^^^^^^^^^^^^
  File "C:\Users\basil\Desktop\Projects\FullStackProjects\CandleViewer\docs\research\xstate\battle-de2da4e\contracts\cvf.py", line 142, in f
    raise RuntimeError("boom:" + n)
RuntimeError: boom:page_owner
WARNING:xstate_statemachine.base_interpreter:💥 Transition on 'kill_switch.flattening' failed; rolling back to the pre-transition configuration.
ERROR:xstate_statemachine.base_interpreter:🔥 Action 'page_owner' raised while handling event 'done.invoke.fl'; skipping remaining actions in this list.
Traceback (most recent call last):
  File "C:\Users\basil\Desktop\Projects\FullStackProjects\_ref\xstate-statemachine\src\xstate_statemachine\base_interpreter.py", line 3542, in _execute_actions
    await self._run_user_action(impl, action_def, event)
  File "C:\Users\basil\Desktop\Projects\FullStackProjects\_ref\xstate-statemachine\src\xstate_statemachine\interpreter.py", line 2261, in _run_user_action
    impl(self, self.context, event, action_def)
    ~~~~^^^^^^^^^^^^^^^^^^^^^^^^^^^^^^^^^^^^^^^
  File "C:\Users\basil\Desktop\Projects\FullStackProjects\CandleViewer\docs\research\xstate\battle-de2da4e\contracts\cvf.py", line 142, in f
    raise RuntimeError("boom:" + n)
RuntimeError: boom:page_owner
WARNING:xstate_statemachine.base_interpreter:💥 Transition on 'kill_switch.flattening' failed; rolling back to the pre-transition configuration.
ERROR:xstate_statemachine.interpreter:🔁 Exceeded 5 microsteps while settling transient transitions in 'kill_switch'. Aborting to avoid an infinite loop; check for mutually-targeting 'always' transitions or an 'always' into an invoking state.
ERROR:xstate_statemachine.base_interpreter:🔥 Action 'page_owner' raised while handling event 'done.invoke.fl'; skipping remaining actions in this list.
Traceback (most recent call last):
  File "C:\Users\basil\Desktop\Projects\FullStackProjects\_ref\xstate-statemachine\src\xstate_statemachine\base_interpreter.py", line 3542, in _execute_actions
    await self._run_user_action(impl, action_def, event)
  File "C:\Users\basil\Desktop\Projects\FullStackProjects\_ref\xstate-statemachine\src\xstate_statemachine\interpreter.py", line 2261, in _run_user_action
    impl(self, self.context, event, action_def)
    ~~~~^^^^^^^^^^^^^^^^^^^^^^^^^^^^^^^^^^^^^^^
  File "C:\Users\basil\Desktop\Projects\FullStackProjects\CandleViewer\docs\research\xstate\battle-de2da4e\contracts\cvf.py", line 142, in f
    raise RuntimeError("boom:" + n)
RuntimeError: boom:page_owner
WARNING:xstate_statemachine.base_interpreter:💥 Transition on 'kill_switch.flattening' failed; rolling back to the pre-transition configuration.
WARNING:xstate_statemachine.interpreter:🛟 Chain budget reached on 'kill_switch' while an engine completion ('done.invoke.fl') was pending; delivering it, then cutting the self-generated tail.
ERROR:xstate_statemachine.base_interpreter:🔥 Action 'page_owner' raised while handling event 'done.invoke.fl'; skipping remaining actions in this list.
Traceback (most recent call last):
  File "C:\Users\basil\Desktop\Projects\FullStackProjects\_ref\xstate-statemachine\src\xstate_statemachine\base_interpreter.py", line 3542, in _execute_actions
    await self._run_user_action(impl, action_def, event)
  File "C:\Users\basil\Desktop\Projects\FullStackProjects\_ref\xstate-statemachine\src\xstate_statemachine\interpreter.py", line 2261, in _run_user_action
    impl(self, self.context, event, action_def)
    ~~~~^^^^^^^^^^^^^^^^^^^^^^^^^^^^^^^^^^^^^^^
  File "C:\Users\basil\Desktop\Projects\FullStackProjects\CandleViewer\docs\research\xstate\battle-de2da4e\contracts\cvf.py", line 142, in f
    raise RuntimeError("boom:" + n)
RuntimeError: boom:page_owner
WARNING:xstate_statemachine.base_interpreter:💥 Transition on 'kill_switch.flattening' failed; rolling back to the pre-transition configuration.
ERROR:xstate_statemachine.interpreter:🛑 Exceeded 5 chained self-raised events on 'kill_switch'. This means an action raises the event that triggers it. Breaking the chain; externally queued events are unaffected.
ERROR:xstate_statemachine.base_interpreter:🧷 Machine 'kill_switch' rests in state 'kill_switch.flattening' whose invocation 'fl' was cut by the chain budget and will never complete (#207). Exit the state with an event, or raise 'maxIterations' if the cycle is expected to converge.
PASS [def]#207/B18 rollback+onDone strands observably  | {"plateau": 7, "limit": 5, "state": ["kill_switch.flattening"], "stranded": [["kill_switch.flattening", "fl", "RunawayChainError(\"Machine 'kill_switch' exceeded 5 chained self-generated event"]], "dormant": true, "pending": ["PendingInvocation(state_id='kill_switch.flattening', invoke_id='fl', src='flatten_all_positions')"], "last_error": "RunawayChainError(\"Machine 'kill_switch' exceeded 5 chained self-generated events in one macrostep and discard", "laps": [7, 7]}
PASS [def]#207/B18 plateau == maxIterations+2 svc calls  | {"plateau": 7, "limit": 5}
ERROR:xstate_statemachine.base_interpreter:🔥 Action 'store_divergences' raised while handling event 'done.invoke.diff'; skipping remaining actions in this list.
Traceback (most recent call last):
  File "C:\Users\basil\Desktop\Projects\FullStackProjects\_ref\xstate-statemachine\src\xstate_statemachine\base_interpreter.py", line 3542, in _execute_actions
    await self._run_user_action(impl, action_def, event)
  File "C:\Users\basil\Desktop\Projects\FullStackProjects\_ref\xstate-statemachine\src\xstate_statemachine\interpreter.py", line 2261, in _run_user_action
    impl(self, self.context, event, action_def)
    ~~~~^^^^^^^^^^^^^^^^^^^^^^^^^^^^^^^^^^^^^^^
  File "C:\Users\basil\Desktop\Projects\FullStackProjects\CandleViewer\docs\research\xstate\battle-de2da4e\contracts\cvf.py", line 142, in f
    raise RuntimeError("boom:" + n)
RuntimeError: boom:store_divergences
WARNING:xstate_statemachine.base_interpreter:💥 Transition on 'reconciliation.diffing' failed; rolling back to the pre-transition configuration.
ERROR:xstate_statemachine.base_interpreter:🔥 Action 'store_divergences' raised while handling event 'done.invoke.diff'; skipping remaining actions in this list.
Traceback (most recent call last):
  File "C:\Users\basil\Desktop\Projects\FullStackProjects\_ref\xstate-statemachine\src\xstate_statemachine\base_interpreter.py", line 3542, in _execute_actions
    await self._run_user_action(impl, action_def, event)
  File "C:\Users\basil\Desktop\Projects\FullStackProjects\_ref\xstate-statemachine\src\xstate_statemachine\interpreter.py", line 2261, in _run_user_action
    impl(self, self.context, event, action_def)
    ~~~~^^^^^^^^^^^^^^^^^^^^^^^^^^^^^^^^^^^^^^^
  File "C:\Users\basil\Desktop\Projects\FullStackProjects\CandleViewer\docs\research\xstate\battle-de2da4e\contracts\cvf.py", line 142, in f
    raise RuntimeError("boom:" + n)
RuntimeError: boom:store_divergences
WARNING:xstate_statemachine.base_interpreter:💥 Transition on 'reconciliation.diffing' failed; rolling back to the pre-transition configuration.
ERROR:xstate_statemachine.base_interpreter:🔥 Action 'store_divergences' raised while handling event 'done.invoke.diff'; skipping remaining actions in this list.
Traceback (most recent call last):
  File "C:\Users\basil\Desktop\Projects\FullStackProjects\_ref\xstate-statemachine\src\xstate_statemachine\base_interpreter.py", line 3542, in _execute_actions
    await self._run_user_action(impl, action_def, event)
  File "C:\Users\basil\Desktop\Projects\FullStackProjects\_ref\xstate-statemachine\src\xstate_statemachine\interpreter.py", line 2261, in _run_user_action
    impl(self, self.context, event, action_def)
    ~~~~^^^^^^^^^^^^^^^^^^^^^^^^^^^^^^^^^^^^^^^
  File "C:\Users\basil\Desktop\Projects\FullStackProjects\CandleViewer\docs\research\xstate\battle-de2da4e\contracts\cvf.py", line 142, in f
    raise RuntimeError("boom:" + n)
RuntimeError: boom:store_divergences
WARNING:xstate_statemachine.base_interpreter:💥 Transition on 'reconciliation.diffing' failed; rolling back to the pre-transition configuration.
ERROR:xstate_statemachine.base_interpreter:🔥 Action 'store_divergences' raised while handling event 'done.invoke.diff'; skipping remaining actions in this list.
Traceback (most recent call last):
  File "C:\Users\basil\Desktop\Projects\FullStackProjects\_ref\xstate-statemachine\src\xstate_statemachine\base_interpreter.py", line 3542, in _execute_actions
    await self._run_user_action(impl, action_def, event)
  File "C:\Users\basil\Desktop\Projects\FullStackProjects\_ref\xstate-statemachine\src\xstate_statemachine\interpreter.py", line 2261, in _run_user_action
    impl(self, self.context, event, action_def)
    ~~~~^^^^^^^^^^^^^^^^^^^^^^^^^^^^^^^^^^^^^^^
  File "C:\Users\basil\Desktop\Projects\FullStackProjects\CandleViewer\docs\research\xstate\battle-de2da4e\contracts\cvf.py", line 142, in f
    raise RuntimeError("boom:" + n)
RuntimeError: boom:store_divergences
WARNING:xstate_statemachine.base_interpreter:💥 Transition on 'reconciliation.diffing' failed; rolling back to the pre-transition configuration.
ERROR:xstate_statemachine.base_interpreter:🔥 Action 'store_divergences' raised while handling event 'done.invoke.diff'; skipping remaining actions in this list.
Traceback (most recent call last):
  File "C:\Users\basil\Desktop\Projects\FullStackProjects\_ref\xstate-statemachine\src\xstate_statemachine\base_interpreter.py", line 3542, in _execute_actions
    await self._run_user_action(impl, action_def, event)
  File "C:\Users\basil\Desktop\Projects\FullStackProjects\_ref\xstate-statemachine\src\xstate_statemachine\interpreter.py", line 2261, in _run_user_action
    impl(self, self.context, event, action_def)
    ~~~~^^^^^^^^^^^^^^^^^^^^^^^^^^^^^^^^^^^^^^^
  File "C:\Users\basil\Desktop\Projects\FullStackProjects\CandleViewer\docs\research\xstate\battle-de2da4e\contracts\cvf.py", line 142, in f
    raise RuntimeError("boom:" + n)
RuntimeError: boom:store_divergences
WARNING:xstate_statemachine.base_interpreter:💥 Transition on 'reconciliation.diffing' failed; rolling back to the pre-transition configuration.
ERROR:xstate_statemachine.base_interpreter:🔥 Action 'store_divergences' raised while handling event 'done.invoke.diff'; skipping remaining actions in this list.
Traceback (most recent call last):
  File "C:\Users\basil\Desktop\Projects\FullStackProjects\_ref\xstate-statemachine\src\xstate_statemachine\base_interpreter.py", line 3542, in _execute_actions
    await self._run_user_action(impl, action_def, event)
  File "C:\Users\basil\Desktop\Projects\FullStackProjects\_ref\xstate-statemachine\src\xstate_statemachine\interpreter.py", line 2261, in _run_user_action
    impl(self, self.context, event, action_def)
    ~~~~^^^^^^^^^^^^^^^^^^^^^^^^^^^^^^^^^^^^^^^
  File "C:\Users\basil\Desktop\Projects\FullStackProjects\CandleViewer\docs\research\xstate\battle-de2da4e\contracts\cvf.py", line 142, in f
    raise RuntimeError("boom:" + n)
RuntimeError: boom:store_divergences
WARNING:xstate_statemachine.base_interpreter:💥 Transition on 'reconciliation.diffing' failed; rolling back to the pre-transition configuration.
ERROR:xstate_statemachine.base_interpreter:🔥 Action 'store_divergences' raised while handling event 'done.invoke.diff'; skipping remaining actions in this list.
Traceback (most recent call last):
  File "C:\Users\basil\Desktop\Projects\FullStackProjects\_ref\xstate-statemachine\src\xstate_statemachine\base_interpreter.py", line 3542, in _execute_actions
    await self._run_user_action(impl, action_def, event)
  File "C:\Users\basil\Desktop\Projects\FullStackProjects\_ref\xstate-statemachine\src\xstate_statemachine\interpreter.py", line 2261, in _run_user_action
    impl(self, self.context, event, action_def)
    ~~~~^^^^^^^^^^^^^^^^^^^^^^^^^^^^^^^^^^^^^^^
  File "C:\Users\basil\Desktop\Projects\FullStackProjects\CandleViewer\docs\research\xstate\battle-de2da4e\contracts\cvf.py", line 142, in f
    raise RuntimeError("boom:" + n)
RuntimeError: boom:store_divergences
WARNING:xstate_statemachine.base_interpreter:💥 Transition on 'reconciliation.diffing' failed; rolling back to the pre-transition configuration.
ERROR:xstate_statemachine.base_interpreter:🔥 Action 'store_divergences' raised while handling event 'done.invoke.diff'; skipping remaining actions in this list.
Traceback (most recent call last):
  File "C:\Users\basil\Desktop\Projects\FullStackProjects\_ref\xstate-statemachine\src\xstate_statemachine\base_interpreter.py", line 3542, in _execute_actions
    await self._run_user_action(impl, action_def, event)
  File "C:\Users\basil\Desktop\Projects\FullStackProjects\_ref\xstate-statemachine\src\xstate_statemachine\interpreter.py", line 2261, in _run_user_action
    impl(self, self.context, event, action_def)
    ~~~~^^^^^^^^^^^^^^^^^^^^^^^^^^^^^^^^^^^^^^^
  File "C:\Users\basil\Desktop\Projects\FullStackProjects\CandleViewer\docs\research\xstate\battle-de2da4e\contracts\cvf.py", line 142, in f
    raise RuntimeError("boom:" + n)
RuntimeError: boom:store_divergences
WARNING:xstate_statemachine.base_interpreter:💥 Transition on 'reconciliation.diffing' failed; rolling back to the pre-transition configuration.
ERROR:xstate_statemachine.base_interpreter:🔥 Action 'store_divergences' raised while handling event 'done.invoke.diff'; skipping remaining actions in this list.
Traceback (most recent call last):
  File "C:\Users\basil\Desktop\Projects\FullStackProjects\_ref\xstate-statemachine\src\xstate_statemachine\base_interpreter.py", line 3542, in _execute_actions
    await self._run_user_action(impl, action_def, event)
  File "C:\Users\basil\Desktop\Projects\FullStackProjects\_ref\xstate-statemachine\src\xstate_statemachine\interpreter.py", line 2261, in _run_user_action
    impl(self, self.context, event, action_def)
    ~~~~^^^^^^^^^^^^^^^^^^^^^^^^^^^^^^^^^^^^^^^
  File "C:\Users\basil\Desktop\Projects\FullStackProjects\CandleViewer\docs\research\xstate\battle-de2da4e\contracts\cvf.py", line 142, in f
    raise RuntimeError("boom:" + n)
RuntimeError: boom:store_divergences
WARNING:xstate_statemachine.base_interpreter:💥 Transition on 'reconciliation.diffing' failed; rolling back to the pre-transition configuration.
ERROR:xstate_statemachine.base_interpreter:🔥 Action 'store_divergences' raised while handling event 'done.invoke.diff'; skipping remaining actions in this list.
Traceback (most recent call last):
  File "C:\Users\basil\Desktop\Projects\FullStackProjects\_ref\xstate-statemachine\src\xstate_statemachine\base_interpreter.py", line 3542, in _execute_actions
    await self._run_user_action(impl, action_def, event)
  File "C:\Users\basil\Desktop\Projects\FullStackProjects\_ref\xstate-statemachine\src\xstate_statemachine\interpreter.py", line 2261, in _run_user_action
    impl(self, self.context, event, action_def)
    ~~~~^^^^^^^^^^^^^^^^^^^^^^^^^^^^^^^^^^^^^^^
  File "C:\Users\basil\Desktop\Projects\FullStackProjects\CandleViewer\docs\research\xstate\battle-de2da4e\contracts\cvf.py", line 142, in f
    raise RuntimeError("boom:" + n)
RuntimeError: boom:store_divergences
WARNING:xstate_statemachine.base_interpreter:💥 Transition on 'reconciliation.diffing' failed; rolling back to the pre-transition configuration.
ERROR:xstate_statemachine.base_interpreter:🔥 Action 'store_divergences' raised while handling event 'done.invoke.diff'; skipping remaining actions in this list.
Traceback (most recent call last):
  File "C:\Users\basil\Desktop\Projects\FullStackProjects\_ref\xstate-statemachine\src\xstate_statemachine\base_interpreter.py", line 3542, in _execute_actions
    await self._run_user_action(impl, action_def, event)
  File "C:\Users\basil\Desktop\Projects\FullStackProjects\_ref\xstate-statemachine\src\xstate_statemachine\interpreter.py", line 2261, in _run_user_action
    impl(self, self.context, event, action_def)
    ~~~~^^^^^^^^^^^^^^^^^^^^^^^^^^^^^^^^^^^^^^^
  File "C:\Users\basil\Desktop\Projects\FullStackProjects\CandleViewer\docs\research\xstate\battle-de2da4e\contracts\cvf.py", line 142, in f
    raise RuntimeError("boom:" + n)
RuntimeError: boom:store_divergences
WARNING:xstate_statemachine.base_interpreter:💥 Transition on 'reconciliation.diffing' failed; rolling back to the pre-transition configuration.
ERROR:xstate_statemachine.base_interpreter:🔥 Action 'store_divergences' raised while handling event 'done.invoke.diff'; skipping remaining actions in this list.
Traceback (most recent call last):
  File "C:\Users\basil\Desktop\Projects\FullStackProjects\_ref\xstate-statemachine\src\xstate_statemachine\base_interpreter.py", line 3542, in _execute_actions
    await self._run_user_action(impl, action_def, event)
  File "C:\Users\basil\Desktop\Projects\FullStackProjects\_ref\xstate-statemachine\src\xstate_statemachine\interpreter.py", line 2261, in _run_user_action
    impl(self, self.context, event, action_def)
    ~~~~^^^^^^^^^^^^^^^^^^^^^^^^^^^^^^^^^^^^^^^
  File "C:\Users\basil\Desktop\Projects\FullStackProjects\CandleViewer\docs\research\xstate\battle-de2da4e\contracts\cvf.py", line 142, in f
    raise RuntimeError("boom:" + n)
RuntimeError: boom:store_divergences
WARNING:xstate_statemachine.base_interpreter:💥 Transition on 'reconciliation.diffing' failed; rolling back to the pre-transition configuration.
ERROR:xstate_statemachine.base_interpreter:🔥 Action 'store_divergences' raised while handling event 'done.invoke.diff'; skipping remaining actions in this list.
Traceback (most recent call last):
  File "C:\Users\basil\Desktop\Projects\FullStackProjects\_ref\xstate-statemachine\src\xstate_statemachine\base_interpreter.py", line 3542, in _execute_actions
    await self._run_user_action(impl, action_def, event)
  File "C:\Users\basil\Desktop\Projects\FullStackProjects\_ref\xstate-statemachine\src\xstate_statemachine\interpreter.py", line 2261, in _run_user_action
    impl(self, self.context, event, action_def)
    ~~~~^^^^^^^^^^^^^^^^^^^^^^^^^^^^^^^^^^^^^^^
  File "C:\Users\basil\Desktop\Projects\FullStackProjects\CandleViewer\docs\research\xstate\battle-de2da4e\contracts\cvf.py", line 142, in f
    raise RuntimeError("boom:" + n)
RuntimeError: boom:store_divergences
WARNING:xstate_statemachine.base_interpreter:💥 Transition on 'reconciliation.diffing' failed; rolling back to the pre-transition configuration.
ERROR:xstate_statemachine.base_interpreter:🔥 Action 'store_divergences' raised while handling event 'done.invoke.diff'; skipping remaining actions in this list.
Traceback (most recent call last):
  File "C:\Users\basil\Desktop\Projects\FullStackProjects\_ref\xstate-statemachine\src\xstate_statemachine\base_interpreter.py", line 3542, in _execute_actions
    await self._run_user_action(impl, action_def, event)
  File "C:\Users\basil\Desktop\Projects\FullStackProjects\_ref\xstate-statemachine\src\xstate_statemachine\interpreter.py", line 2261, in _run_user_action
    impl(self, self.context, event, action_def)
    ~~~~^^^^^^^^^^^^^^^^^^^^^^^^^^^^^^^^^^^^^^^
  File "C:\Users\basil\Desktop\Projects\FullStackProjects\CandleViewer\docs\research\xstate\battle-de2da4e\contracts\cvf.py", line 142, in f
    raise RuntimeError("boom:" + n)
RuntimeError: boom:store_divergences
WARNING:xstate_statemachine.base_interpreter:💥 Transition on 'reconciliation.diffing' failed; rolling back to the pre-transition configuration.
ERROR:xstate_statemachine.base_interpreter:🔥 Action 'store_divergences' raised while handling event 'done.invoke.diff'; skipping remaining actions in this list.
Traceback (most recent call last):
  File "C:\Users\basil\Desktop\Projects\FullStackProjects\_ref\xstate-statemachine\src\xstate_statemachine\base_interpreter.py", line 3542, in _execute_actions
    await self._run_user_action(impl, action_def, event)
  File "C:\Users\basil\Desktop\Projects\FullStackProjects\_ref\xstate-statemachine\src\xstate_statemachine\interpreter.py", line 2261, in _run_user_action
    impl(self, self.context, event, action_def)
    ~~~~^^^^^^^^^^^^^^^^^^^^^^^^^^^^^^^^^^^^^^^
  File "C:\Users\basil\Desktop\Projects\FullStackProjects\CandleViewer\docs\research\xstate\battle-de2da4e\contracts\cvf.py", line 142, in f
    raise RuntimeError("boom:" + n)
RuntimeError: boom:store_divergences
WARNING:xstate_statemachine.base_interpreter:💥 Transition on 'reconciliation.diffing' failed; rolling back to the pre-transition configuration.
ERROR:xstate_statemachine.base_interpreter:🔥 Action 'store_divergences' raised while handling event 'done.invoke.diff'; skipping remaining actions in this list.
Traceback (most recent call last):
  File "C:\Users\basil\Desktop\Projects\FullStackProjects\_ref\xstate-statemachine\src\xstate_statemachine\base_interpreter.py", line 3542, in _execute_actions
    await self._run_user_action(impl, action_def, event)
  File "C:\Users\basil\Desktop\Projects\FullStackProjects\_ref\xstate-statemachine\src\xstate_statemachine\interpreter.py", line 2261, in _run_user_action
    impl(self, self.context, event, action_def)
    ~~~~^^^^^^^^^^^^^^^^^^^^^^^^^^^^^^^^^^^^^^^
  File "C:\Users\basil\Desktop\Projects\FullStackProjects\CandleViewer\docs\research\xstate\battle-de2da4e\contracts\cvf.py", line 142, in f
    raise RuntimeError("boom:" + n)
RuntimeError: boom:store_divergences
WARNING:xstate_statemachine.base_interpreter:💥 Transition on 'reconciliation.diffing' failed; rolling back to the pre-transition configuration.
ERROR:xstate_statemachine.base_interpreter:🔥 Action 'store_divergences' raised while handling event 'done.invoke.diff'; skipping remaining actions in this list.
Traceback (most recent call last):
  File "C:\Users\basil\Desktop\Projects\FullStackProjects\_ref\xstate-statemachine\src\xstate_statemachine\base_interpreter.py", line 3542, in _execute_actions
    await self._run_user_action(impl, action_def, event)
  File "C:\Users\basil\Desktop\Projects\FullStackProjects\_ref\xstate-statemachine\src\xstate_statemachine\interpreter.py", line 2261, in _run_user_action
    impl(self, self.context, event, action_def)
    ~~~~^^^^^^^^^^^^^^^^^^^^^^^^^^^^^^^^^^^^^^^
  File "C:\Users\basil\Desktop\Projects\FullStackProjects\CandleViewer\docs\research\xstate\battle-de2da4e\contracts\cvf.py", line 142, in f
    raise RuntimeError("boom:" + n)
RuntimeError: boom:store_divergences
WARNING:xstate_statemachine.base_interpreter:💥 Transition on 'reconciliation.diffing' failed; rolling back to the pre-transition configuration.
ERROR:xstate_statemachine.base_interpreter:🔥 Action 'store_divergences' raised while handling event 'done.invoke.diff'; skipping remaining actions in this list.
Traceback (most recent call last):
  File "C:\Users\basil\Desktop\Projects\FullStackProjects\_ref\xstate-statemachine\src\xstate_statemachine\base_interpreter.py", line 3542, in _execute_actions
    await self._run_user_action(impl, action_def, event)
  File "C:\Users\basil\Desktop\Projects\FullStackProjects\_ref\xstate-statemachine\src\xstate_statemachine\interpreter.py", line 2261, in _run_user_action
    impl(self, self.context, event, action_def)
    ~~~~^^^^^^^^^^^^^^^^^^^^^^^^^^^^^^^^^^^^^^^
  File "C:\Users\basil\Desktop\Projects\FullStackProjects\CandleViewer\docs\research\xstate\battle-de2da4e\contracts\cvf.py", line 142, in f
    raise RuntimeError("boom:" + n)
RuntimeError: boom:store_divergences
WARNING:xstate_statemachine.base_interpreter:💥 Transition on 'reconciliation.diffing' failed; rolling back to the pre-transition configuration.
ERROR:xstate_statemachine.base_interpreter:🔥 Action 'store_divergences' raised while handling event 'done.invoke.diff'; skipping remaining actions in this list.
Traceback (most recent call last):
  File "C:\Users\basil\Desktop\Projects\FullStackProjects\_ref\xstate-statemachine\src\xstate_statemachine\base_interpreter.py", line 3542, in _execute_actions
    await self._run_user_action(impl, action_def, event)
  File "C:\Users\basil\Desktop\Projects\FullStackProjects\_ref\xstate-statemachine\src\xstate_statemachine\interpreter.py", line 2261, in _run_user_action
    impl(self, self.context, event, action_def)
    ~~~~^^^^^^^^^^^^^^^^^^^^^^^^^^^^^^^^^^^^^^^
  File "C:\Users\basil\Desktop\Projects\FullStackProjects\CandleViewer\docs\research\xstate\battle-de2da4e\contracts\cvf.py", line 142, in f
    raise RuntimeError("boom:" + n)
RuntimeError: boom:store_divergences
WARNING:xstate_statemachine.base_interpreter:💥 Transition on 'reconciliation.diffing' failed; rolling back to the pre-transition configuration.
ERROR:xstate_statemachine.base_interpreter:🔥 Action 'store_divergences' raised while handling event 'done.invoke.diff'; skipping remaining actions in this list.
Traceback (most recent call last):
  File "C:\Users\basil\Desktop\Projects\FullStackProjects\_ref\xstate-statemachine\src\xstate_statemachine\base_interpreter.py", line 3542, in _execute_actions
    await self._run_user_action(impl, action_def, event)
  File "C:\Users\basil\Desktop\Projects\FullStackProjects\_ref\xstate-statemachine\src\xstate_statemachine\interpreter.py", line 2261, in _run_user_action
    impl(self, self.context, event, action_def)
    ~~~~^^^^^^^^^^^^^^^^^^^^^^^^^^^^^^^^^^^^^^^
  File "C:\Users\basil\Desktop\Projects\FullStackProjects\CandleViewer\docs\research\xstate\battle-de2da4e\contracts\cvf.py", line 142, in f
    raise RuntimeError("boom:" + n)
RuntimeError: boom:store_divergences
WARNING:xstate_statemachine.base_interpreter:💥 Transition on 'reconciliation.diffing' failed; rolling back to the pre-transition configuration.
ERROR:xstate_statemachine.base_interpreter:🔥 Action 'store_divergences' raised while handling event 'done.invoke.diff'; skipping remaining actions in this list.
Traceback (most recent call last):
  File "C:\Users\basil\Desktop\Projects\FullStackProjects\_ref\xstate-statemachine\src\xstate_statemachine\base_interpreter.py", line 3542, in _execute_actions
    await self._run_user_action(impl, action_def, event)
  File "C:\Users\basil\Desktop\Projects\FullStackProjects\_ref\xstate-statemachine\src\xstate_statemachine\interpreter.py", line 2261, in _run_user_action
    impl(self, self.context, event, action_def)
    ~~~~^^^^^^^^^^^^^^^^^^^^^^^^^^^^^^^^^^^^^^^
  File "C:\Users\basil\Desktop\Projects\FullStackProjects\CandleViewer\docs\research\xstate\battle-de2da4e\contracts\cvf.py", line 142, in f
    raise RuntimeError("boom:" + n)
RuntimeError: boom:store_divergences
WARNING:xstate_statemachine.base_interpreter:💥 Transition on 'reconciliation.diffing' failed; rolling back to the pre-transition configuration.
ERROR:xstate_statemachine.base_interpreter:🔥 Action 'store_divergences' raised while handling event 'done.invoke.diff'; skipping remaining actions in this list.
Traceback (most recent call last):
  File "C:\Users\basil\Desktop\Projects\FullStackProjects\_ref\xstate-statemachine\src\xstate_statemachine\base_interpreter.py", line 3542, in _execute_actions
    await self._run_user_action(impl, action_def, event)
  File "C:\Users\basil\Desktop\Projects\FullStackProjects\_ref\xstate-statemachine\src\xstate_statemachine\interpreter.py", line 2261, in _run_user_action
    impl(self, self.context, event, action_def)
    ~~~~^^^^^^^^^^^^^^^^^^^^^^^^^^^^^^^^^^^^^^^
  File "C:\Users\basil\Desktop\Projects\FullStackProjects\CandleViewer\docs\research\xstate\battle-de2da4e\contracts\cvf.py", line 142, in f
    raise RuntimeError("boom:" + n)
RuntimeError: boom:store_divergences
WARNING:xstate_statemachine.base_interpreter:💥 Transition on 'reconciliation.diffing' failed; rolling back to the pre-transition configuration.
ERROR:xstate_statemachine.base_interpreter:🔥 Action 'store_divergences' raised while handling event 'done.invoke.diff'; skipping remaining actions in this list.
Traceback (most recent call last):
  File "C:\Users\basil\Desktop\Projects\FullStackProjects\_ref\xstate-statemachine\src\xstate_statemachine\base_interpreter.py", line 3542, in _execute_actions
    await self._run_user_action(impl, action_def, event)
  File "C:\Users\basil\Desktop\Projects\FullStackProjects\_ref\xstate-statemachine\src\xstate_statemachine\interpreter.py", line 2261, in _run_user_action
    impl(self, self.context, event, action_def)
    ~~~~^^^^^^^^^^^^^^^^^^^^^^^^^^^^^^^^^^^^^^^
  File "C:\Users\basil\Desktop\Projects\FullStackProjects\CandleViewer\docs\research\xstate\battle-de2da4e\contracts\cvf.py", line 142, in f
    raise RuntimeError("boom:" + n)
RuntimeError: boom:store_divergences
WARNING:xstate_statemachine.base_interpreter:💥 Transition on 'reconciliation.diffing' failed; rolling back to the pre-transition configuration.
ERROR:xstate_statemachine.base_interpreter:🔥 Action 'store_divergences' raised while handling event 'done.invoke.diff'; skipping remaining actions in this list.
Traceback (most recent call last):
  File "C:\Users\basil\Desktop\Projects\FullStackProjects\_ref\xstate-statemachine\src\xstate_statemachine\base_interpreter.py", line 3542, in _execute_actions
    await self._run_user_action(impl, action_def, event)
  File "C:\Users\basil\Desktop\Projects\FullStackProjects\_ref\xstate-statemachine\src\xstate_statemachine\interpreter.py", line 2261, in _run_user_action
    impl(self, self.context, event, action_def)
    ~~~~^^^^^^^^^^^^^^^^^^^^^^^^^^^^^^^^^^^^^^^
  File "C:\Users\basil\Desktop\Projects\FullStackProjects\CandleViewer\docs\research\xstate\battle-de2da4e\contracts\cvf.py", line 142, in f
    raise RuntimeError("boom:" + n)
RuntimeError: boom:store_divergences
WARNING:xstate_statemachine.base_interpreter:💥 Transition on 'reconciliation.diffing' failed; rolling back to the pre-transition configuration.
ERROR:xstate_statemachine.interpreter:🔁 Exceeded 25 microsteps while settling transient transitions in 'reconciliation'. Aborting to avoid an infinite loop; check for mutually-targeting 'always' transitions or an 'always' into an invoking state.
WARNING:xstate_statemachine.interpreter:🛟 Chain budget reached on 'reconciliation' while an engine completion ('done.invoke.diff') was pending; delivering it, then cutting the self-generated tail.
ERROR:xstate_statemachine.base_interpreter:🔥 Action 'store_divergences' raised while handling event 'done.invoke.diff'; skipping remaining actions in this list.
Traceback (most recent call last):
  File "C:\Users\basil\Desktop\Projects\FullStackProjects\_ref\xstate-statemachine\src\xstate_statemachine\base_interpreter.py", line 3542, in _execute_actions
    await self._run_user_action(impl, action_def, event)
  File "C:\Users\basil\Desktop\Projects\FullStackProjects\_ref\xstate-statemachine\src\xstate_statemachine\interpreter.py", line 2261, in _run_user_action
    impl(self, self.context, event, action_def)
    ~~~~^^^^^^^^^^^^^^^^^^^^^^^^^^^^^^^^^^^^^^^
  File "C:\Users\basil\Desktop\Projects\FullStackProjects\CandleViewer\docs\research\xstate\battle-de2da4e\contracts\cvf.py", line 142, in f
    raise RuntimeError("boom:" + n)
RuntimeError: boom:store_divergences
WARNING:xstate_statemachine.base_interpreter:💥 Transition on 'reconciliation.diffing' failed; rolling back to the pre-transition configuration.
ERROR:xstate_statemachine.interpreter:🛑 Exceeded 25 chained self-raised events on 'reconciliation'. This means an action raises the event that triggers it. Breaking the chain; externally queued events are unaffected.
ERROR:xstate_statemachine.base_interpreter:🧷 Machine 'reconciliation' rests in state 'reconciliation.diffing' whose invocation 'diff' was cut by the chain budget and will never complete (#207). Exit the state with an event, or raise 'maxIterations' if the cycle is expected to converge.
PASS [def]#207/B19 rollback+onDone strands observably  | {"plateau": 27, "limit": 25, "state": ["reconciliation.diffing"], "stranded": [["reconciliation.diffing", "diff", "RunawayChainError(\"Machine 'reconciliation' exceeded 25 chained self-generated e"]], "dormant": true, "pending": ["PendingInvocation(state_id='reconciliation.diffing', invoke_id='diff', src='diff_against_local')"], "last_error": "RunawayChainError(\"Machine 'reconciliation' exceeded 25 chained self-generated events in one macrostep and dis", "laps": [27, 27]}
PASS [def]#207/B19 plateau == maxIterations+2 svc calls  | {"plateau": 27, "limit": 25}
PASS [def]#204/invoke never arms for a state exited in the same macrostep  | {"st": ["kill_switch.engaged"], "svc": []}
PASS [def]#204/sync engine same  | {"st": ["kill_switch.engaged"], "svc": []}
PASS [def]parity/B16 config+action+service trace  | {"async": {"st": ["session.auth.active", "session.elevation.elevated"], "n_act": 12, "svc": []}, "sync": {"st": ["session.auth.active", "session.elevation.elevated"], "n_act": 12, "svc": []}, "act_delta": []}
PASS [def]parity/B17 config+action+service trace  | {"async": {"st": ["live_gate.eligible"], "n_act": 7, "svc": []}, "sync": {"st": ["live_gate.eligible"], "n_act": 7, "svc": []}, "act_delta": []}
PASS [def]parity/B18 config+action+service trace  | {"async": {"st": ["kill_switch.clear"], "n_act": 6, "svc": ["cancel_all_working_orders", "flatten_all_positions"]}, "sync": {"st": ["kill_switch.clear"], "n_act": 6, "svc": ["cancel_all_working_orders", "flatten_all_positions"]}, "act_delta": []}
PASS [def]parity/B19 config+action+service trace  | {"async": {"st": ["reconciliation.idle"], "n_act": 10, "svc": ["fetch_exchange_state", "diff_against_local", "apply_remediations"]}, "sync": {"st": ["reconciliation.idle"], "n_act": 10, "svc": ["fetch_exchange_state", "diff_against_local", "apply_remediations"]}, "act_delta": []}
PASS [def]parity/B20 config+action+service trace  | {"async": {"st": ["risk_lockout.clear"], "n_act": 9, "svc": []}, "sync": {"st": ["risk_lockout.clear"], "n_act": 9, "svc": []}, "act_delta": []}

--- 13 checks, 0 FAIL: []
