PASS [async]B3.happy.terminal  | ['leg.closed']
PASS [async]B3.happy.entry_always  | ['size_from_profile', 'submit_entry_order', 'arm_submit_timeout']
PASS [async]B3.happy.snapshot  | []
PASS [async]B3.skip.first_wins  | ['leg.skipped']
PASS [async]B3.preflight_fail.error  | ['leg.error']
PASS [async]B3.resolving.live_to_open  | ['leg.open']
PASS [async]B3.resolving.svc_once  | ['lookup_by_link_id']
PASS [async]B3.resolving.onError_error  | ['leg.error']
PASS [async]B3.unwind.flat_to_closed  | ['leg.closed']
PASS [async]B3.unwind.chain_order  | ['cancel_children_svc', 'reduce_only_close', 'poll_until_flat']
PASS [async]B3.unwind.snapshot  | []
PASS [async]B3.unwind.retry_bounded  | reduce_only_close x3 states=['leg.error']
PASS [async]B3.unwind.retry_terminal  | ['leg.error']
PASS [async]B3.unwind.naked_alert_path  | ['bump_close_attempts', 'read_authoritative_position_qty', 'bump_close_attempts', 'mark_incomplete']
PASS [async]B3.unwind.naked_alert_fired  | ['bump_close_attempts', 'mark_incomplete', 'raise_naked_position_alert']
PASS [async]B3.R6-03.terminates  | [{'ev': 'ORDER_OPEN', 'ok': True, 'sec': 0.0006046000053174794}, {'ev': 'UNWIND', 'ok': True, 'sec': 0.0004885999951511621}]
PASS [async]B3.R6-03.bounded  | cancel_children_svc x15 states=['leg.unwinding.cancel_children'] status=running err=None
PASS [async]B3.defer.flat_before_close  | states=['leg.closed'] unhandled=[('FLAT', 'deferred')]
PASS [async]B3.parity.states  | async=['leg.closed'] sync=['leg.closed']
PASS [async]B3.parity.actions  | async=['size_from_profile', 'submit_entry_order', 'arm_submit_timeout', 'read_authoritative_position_qty', 'bump_close_attempts']
sync=['size_from_profile', 'submit_entry_order', 'arm_submit_timeout', 'read_authoritative_position_qty', 'bump_close_attempts']
PASS [async]B3.parity.svc  | async=['cancel_children_svc', 'reduce_only_close', 'poll_until_flat'] sync=['cancel_children_svc', 'reduce_only_close', 'poll_until_flat']

--- 21 checks, 0 FAIL: []
