ERROR:xstate_statemachine.base_interpreter:🔥 Action 'bump_slices_done' raised while handling event 'SLICE_DUE'; skipping remaining actions in this list.
Traceback (most recent call last):
  File "<workspace>\_ref\xstate-statemachine\src\xstate_statemachine\base_interpreter.py", line 3630, in _execute_actions
    await self._run_user_action(impl, action_def, event)
  File "<workspace>\_ref\xstate-statemachine\src\xstate_statemachine\interpreter.py", line 2363, in _run_user_action
    impl(self, self.context, event, action_def)
    ~~~~^^^^^^^^^^^^^^^^^^^^^^^^^^^^^^^^^^^^^^^
  File "<workspace>\CandleViewer\docs\research\xstate\battle-v0.9.1\contracts\b6b10\e2_drives.py", line 114, in f
    raise RuntimeError("boom:" + n)
RuntimeError: boom:bump_slices_done
WARNING:xstate_statemachine.base_interpreter:💥 Transition on 'twap.armed' failed; rolling back to the pre-transition configuration.
PASS [def]D1/B6 rollback: configuration returns to armed  | {"states": ["twap.armed"], "svc_calls": [], "trace": ["precompute_all_slice_deadlines", "register_deadlines_with_scheduler", "compute_slice_qty_with_participation_cap", "apply_catch_up", "bump_slices_done"], "slices_done": 0}
PASS [def]D1/B6 rollback: onDone action record_child never ran  | {"states": ["twap.armed"], "svc_calls": [], "trace": ["precompute_all_slice_deadlines", "register_deadlines_with_scheduler", "compute_slice_qty_with_participation_cap", "apply_catch_up", "bump_slices_done"], "slices_done": 0}
PASS [def]D1/B6 rollback: context not half-committed  | {"states": ["twap.armed"], "svc_calls": [], "trace": ["precompute_all_slice_deadlines", "register_deadlines_with_scheduler", "compute_slice_qty_with_participation_cap", "apply_catch_up", "bump_slices_done"], "slices_done": 0}
PASS [def]D1/B6 rollback: service never submitted  | {"states": ["twap.armed"], "svc_calls": [], "trace": ["precompute_all_slice_deadlines", "register_deadlines_with_scheduler", "compute_slice_qty_with_participation_cap", "apply_catch_up", "bump_slices_done"], "slices_done": 0}
PASS [def]D2/B6 always roll-forward: back in armed  | {"states": ["twap.armed"], "svc_calls": []}
PASS [def]D2/B6 always roll-forward: submit_child NEVER called  | {"states": ["twap.armed"], "svc_calls": []}
PASS [def]D2/B6 always roll-forward [SYNC]: submit_child NEVER called  | {"states": ["twap.armed"], "svc_calls": []}
ERROR:xstate_statemachine.base_interpreter:🚨 Machine 'kill_switch' entered the error state: UnhandledEventError("Event 'RELEASE' is not handled in any active state ['kill_switch.cancelling'] and the machine's onUnhandled policy is 'error'.")
WARNING:xstate_statemachine.interpreter:⚠️ Interpreter 'kill_switch' is error; dropping event 'RELEASE'. Nothing drains the queue after shutdown, so queuing here would leak.
WARNING:xstate_statemachine.interpreter:⚠️ Interpreter 'kill_switch' is error; dropping event 'RELEASE'. Nothing drains the queue after shutdown, so queuing here would leak.
WARNING:xstate_statemachine.interpreter:⚠️ Interpreter 'kill_switch' is error; dropping event 'RELEASE'. Nothing drains the queue after shutdown, so queuing here would leak.
WARNING:xstate_statemachine.interpreter:⚠️ Interpreter 'kill_switch' is error; dropping event 'RELEASE'. Nothing drains the queue after shutdown, so queuing here would leak.
WARNING:xstate_statemachine.interpreter:⚠️ Interpreter 'kill_switch' is error; dropping event 'RELEASE'. Nothing drains the queue after shutdown, so queuing here would leak.
WARNING:xstate_statemachine.interpreter:⚠️ Interpreter 'kill_switch' is error; dropping event 'RELEASE'. Nothing drains the queue after shutdown, so queuing here would leak.
WARNING:xstate_statemachine.interpreter:⚠️ Interpreter 'kill_switch' is error; dropping event 'RELEASE'. Nothing drains the queue after shutdown, so queuing here would leak.
WARNING:xstate_statemachine.interpreter:⚠️ Interpreter 'kill_switch' is error; dropping event 'RELEASE'. Nothing drains the queue after shutdown, so queuing here would leak.
WARNING:xstate_statemachine.interpreter:⚠️ Interpreter 'kill_switch' is error; dropping event 'RELEASE'. Nothing drains the queue after shutdown, so queuing here would leak.
WARNING:xstate_statemachine.interpreter:⚠️ Interpreter 'kill_switch' is error; dropping event 'RELEASE'. Nothing drains the queue after shutdown, so queuing here would leak.
WARNING:xstate_statemachine.interpreter:⚠️ Interpreter 'kill_switch' is error; dropping event 'RELEASE'. Nothing drains the queue after shutdown, so queuing here would leak.
WARNING:xstate_statemachine.interpreter:⚠️ Interpreter 'kill_switch' is error; dropping event 'RELEASE'. Nothing drains the queue after shutdown, so queuing here would leak.
WARNING:xstate_statemachine.interpreter:⚠️ Interpreter 'kill_switch' is error; dropping event 'RELEASE'. Nothing drains the queue after shutdown, so queuing here would leak.
WARNING:xstate_statemachine.interpreter:⚠️ Interpreter 'kill_switch' is error; dropping event 'RELEASE'. Nothing drains the queue after shutdown, so queuing here would leak.
WARNING:xstate_statemachine.interpreter:⚠️ Interpreter 'kill_switch' is error; dropping event 'RELEASE'. Nothing drains the queue after shutdown, so queuing here would leak.
WARNING:xstate_statemachine.interpreter:⚠️ Interpreter 'kill_switch' is error; dropping event 'RELEASE'. Nothing drains the queue after shutdown, so queuing here would leak.
WARNING:xstate_statemachine.interpreter:⚠️ Interpreter 'kill_switch' is error; dropping event 'RELEASE'. Nothing drains the queue after shutdown, so queuing here would leak.
WARNING:xstate_statemachine.interpreter:⚠️ Interpreter 'kill_switch' is error; dropping event 'RELEASE'. Nothing drains the queue after shutdown, so queuing here would leak.
WARNING:xstate_statemachine.interpreter:⚠️ Interpreter 'kill_switch' is error; dropping event 'RELEASE'. Nothing drains the queue after shutdown, so queuing here would leak.
PASS [def]D3/B18[onUnhandled=error] all 40 external priority sends accepted  | {"onUnhandled": "error", "states": ["kill_switch.cancelling"], "status": "error", "sent_ok": 40, "n_dropped": 19, "n_charged": 0, "dispositions": ["errored"], "svc_calls": ["cancel_all_working_orders"], "sec": 1.232}
PASS [def]D3/B18[onUnhandled=error] 0 shed as chain_budget (#192 provenance)  | {"onUnhandled": "error", "states": ["kill_switch.cancelling"], "status": "error", "sent_ok": 40, "n_dropped": 19, "n_charged": 0, "dispositions": ["errored"], "svc_calls": ["cancel_all_working_orders"], "sec": 1.232}
PASS [def]D3/B18[onUnhandled=defer] all 40 external priority sends accepted  | {"onUnhandled": "defer", "states": ["kill_switch.clear"], "status": "running", "sent_ok": 40, "n_dropped": 0, "n_charged": 0, "dispositions": ["deferred"], "svc_calls": ["cancel_all_working_orders", "flatten_all_positions"], "sec": 1.232}
PASS [def]D3/B18[onUnhandled=defer] 0 shed as chain_budget (#192 provenance)  | {"onUnhandled": "defer", "states": ["kill_switch.clear"], "status": "running", "sent_ok": 40, "n_dropped": 0, "n_charged": 0, "dispositions": ["deferred"], "svc_calls": ["cancel_all_working_orders", "flatten_all_positions"], "sec": 1.232}
PASS [def]D3/B18 under `defer`: 0 dropped and chain completes  | {"onUnhandled": "defer", "states": ["kill_switch.clear"], "status": "running", "sent_ok": 40, "n_dropped": 0, "n_charged": 0, "dispositions": ["deferred"], "svc_calls": ["cancel_all_working_orders", "flatten_all_positions"], "sec": 1.232}
PASS [def]D3/B18 under catalogued `error`: halt is policy, not the lane  | {"onUnhandled": "error", "states": ["kill_switch.cancelling"], "status": "error", "sent_ok": 40, "n_dropped": 19, "n_charged": 0, "dispositions": ["errored"], "svc_calls": ["cancel_all_working_orders"], "sec": 1.232}
PASS [def]D3/B18 kill preempts a 30-deep backlog  | {"states": ["kill_switch.engaged"], "latency_s": 0.0014, "status": "running"}

--- 14 checks, 0 FAIL: []
