ERROR:xstate_statemachine.base_interpreter:🔥 Action 'record_child' raised while handling event 'done.invoke.arm'; skipping remaining actions in this list.
Traceback (most recent call last):
  File "C:\Users\basil\Desktop\Projects\FullStackProjects\_ref\xstate-statemachine\src\xstate_statemachine\base_interpreter.py", line 3630, in _execute_actions
    await self._run_user_action(impl, action_def, event)
  File "C:\Users\basil\Desktop\Projects\FullStackProjects\_ref\xstate-statemachine\src\xstate_statemachine\interpreter.py", line 2363, in _run_user_action
    impl(self, self.context, event, action_def)
    ~~~~^^^^^^^^^^^^^^^^^^^^^^^^^^^^^^^^^^^^^^^
  File "C:\Users\basil\Desktop\Projects\FullStackProjects\CandleViewer\docs\research\xstate\battle-v0.9.1\contracts\b6b10\cv09.py", line 143, in f
    raise RuntimeError("boom:" + n)
RuntimeError: boom:record_child
WARNING:xstate_statemachine.base_interpreter:💥 Transition on 'chase.arming' failed; rolling back to the pre-transition configuration.
ERROR:xstate_statemachine.base_interpreter:🔥 Action 'record_child' raised while handling event 'done.invoke.arm'; skipping remaining actions in this list.
Traceback (most recent call last):
  File "C:\Users\basil\Desktop\Projects\FullStackProjects\_ref\xstate-statemachine\src\xstate_statemachine\base_interpreter.py", line 3630, in _execute_actions
    await self._run_user_action(impl, action_def, event)
  File "C:\Users\basil\Desktop\Projects\FullStackProjects\_ref\xstate-statemachine\src\xstate_statemachine\interpreter.py", line 2363, in _run_user_action
    impl(self, self.context, event, action_def)
    ~~~~^^^^^^^^^^^^^^^^^^^^^^^^^^^^^^^^^^^^^^^
  File "C:\Users\basil\Desktop\Projects\FullStackProjects\CandleViewer\docs\research\xstate\battle-v0.9.1\contracts\b6b10\cv09.py", line 143, in f
    raise RuntimeError("boom:" + n)
RuntimeError: boom:record_child
WARNING:xstate_statemachine.base_interpreter:💥 Transition on 'chase.arming' failed; rolling back to the pre-transition configuration.
ERROR:xstate_statemachine.base_interpreter:🔥 Action 'record_child' raised while handling event 'done.invoke.arm'; skipping remaining actions in this list.
Traceback (most recent call last):
  File "C:\Users\basil\Desktop\Projects\FullStackProjects\_ref\xstate-statemachine\src\xstate_statemachine\base_interpreter.py", line 3630, in _execute_actions
    await self._run_user_action(impl, action_def, event)
  File "C:\Users\basil\Desktop\Projects\FullStackProjects\_ref\xstate-statemachine\src\xstate_statemachine\interpreter.py", line 2363, in _run_user_action
    impl(self, self.context, event, action_def)
    ~~~~^^^^^^^^^^^^^^^^^^^^^^^^^^^^^^^^^^^^^^^
  File "C:\Users\basil\Desktop\Projects\FullStackProjects\CandleViewer\docs\research\xstate\battle-v0.9.1\contracts\b6b10\cv09.py", line 143, in f
    raise RuntimeError("boom:" + n)
RuntimeError: boom:record_child
WARNING:xstate_statemachine.base_interpreter:💥 Transition on 'chase.arming' failed; rolling back to the pre-transition configuration.
ERROR:xstate_statemachine.base_interpreter:🔥 Action 'record_child' raised while handling event 'done.invoke.arm'; skipping remaining actions in this list.
Traceback (most recent call last):
  File "C:\Users\basil\Desktop\Projects\FullStackProjects\_ref\xstate-statemachine\src\xstate_statemachine\base_interpreter.py", line 3630, in _execute_actions
    await self._run_user_action(impl, action_def, event)
  File "C:\Users\basil\Desktop\Projects\FullStackProjects\_ref\xstate-statemachine\src\xstate_statemachine\interpreter.py", line 2363, in _run_user_action
    impl(self, self.context, event, action_def)
    ~~~~^^^^^^^^^^^^^^^^^^^^^^^^^^^^^^^^^^^^^^^
  File "C:\Users\basil\Desktop\Projects\FullStackProjects\CandleViewer\docs\research\xstate\battle-v0.9.1\contracts\b6b10\cv09.py", line 143, in f
    raise RuntimeError("boom:" + n)
RuntimeError: boom:record_child
WARNING:xstate_statemachine.base_interpreter:💥 Transition on 'chase.arming' failed; rolling back to the pre-transition configuration.
ERROR:xstate_statemachine.base_interpreter:🔥 Action 'record_child' raised while handling event 'done.invoke.arm'; skipping remaining actions in this list.
Traceback (most recent call last):
  File "C:\Users\basil\Desktop\Projects\FullStackProjects\_ref\xstate-statemachine\src\xstate_statemachine\base_interpreter.py", line 3630, in _execute_actions
    await self._run_user_action(impl, action_def, event)
  File "C:\Users\basil\Desktop\Projects\FullStackProjects\_ref\xstate-statemachine\src\xstate_statemachine\interpreter.py", line 2363, in _run_user_action
    impl(self, self.context, event, action_def)
    ~~~~^^^^^^^^^^^^^^^^^^^^^^^^^^^^^^^^^^^^^^^
  File "C:\Users\basil\Desktop\Projects\FullStackProjects\CandleViewer\docs\research\xstate\battle-v0.9.1\contracts\b6b10\cv09.py", line 143, in f
    raise RuntimeError("boom:" + n)
RuntimeError: boom:record_child
WARNING:xstate_statemachine.base_interpreter:💥 Transition on 'chase.arming' failed; rolling back to the pre-transition configuration.
ERROR:xstate_statemachine.base_interpreter:🔥 Action 'record_child' raised while handling event 'done.invoke.arm'; skipping remaining actions in this list.
Traceback (most recent call last):
  File "C:\Users\basil\Desktop\Projects\FullStackProjects\_ref\xstate-statemachine\src\xstate_statemachine\base_interpreter.py", line 3630, in _execute_actions
    await self._run_user_action(impl, action_def, event)
  File "C:\Users\basil\Desktop\Projects\FullStackProjects\_ref\xstate-statemachine\src\xstate_statemachine\interpreter.py", line 2363, in _run_user_action
    impl(self, self.context, event, action_def)
    ~~~~^^^^^^^^^^^^^^^^^^^^^^^^^^^^^^^^^^^^^^^
  File "C:\Users\basil\Desktop\Projects\FullStackProjects\CandleViewer\docs\research\xstate\battle-v0.9.1\contracts\b6b10\cv09.py", line 143, in f
    raise RuntimeError("boom:" + n)
RuntimeError: boom:record_child
WARNING:xstate_statemachine.base_interpreter:💥 Transition on 'chase.arming' failed; rolling back to the pre-transition configuration.
ERROR:xstate_statemachine.base_interpreter:🔥 Action 'record_child' raised while handling event 'done.invoke.arm'; skipping remaining actions in this list.
Traceback (most recent call last):
  File "C:\Users\basil\Desktop\Projects\FullStackProjects\_ref\xstate-statemachine\src\xstate_statemachine\base_interpreter.py", line 3630, in _execute_actions
    await self._run_user_action(impl, action_def, event)
  File "C:\Users\basil\Desktop\Projects\FullStackProjects\_ref\xstate-statemachine\src\xstate_statemachine\interpreter.py", line 2363, in _run_user_action
    impl(self, self.context, event, action_def)
    ~~~~^^^^^^^^^^^^^^^^^^^^^^^^^^^^^^^^^^^^^^^
  File "C:\Users\basil\Desktop\Projects\FullStackProjects\CandleViewer\docs\research\xstate\battle-v0.9.1\contracts\b6b10\cv09.py", line 143, in f
    raise RuntimeError("boom:" + n)
RuntimeError: boom:record_child
WARNING:xstate_statemachine.base_interpreter:💥 Transition on 'chase.arming' failed; rolling back to the pre-transition configuration.
ERROR:xstate_statemachine.base_interpreter:🔥 Action 'record_child' raised while handling event 'done.invoke.arm'; skipping remaining actions in this list.
Traceback (most recent call last):
  File "C:\Users\basil\Desktop\Projects\FullStackProjects\_ref\xstate-statemachine\src\xstate_statemachine\base_interpreter.py", line 3630, in _execute_actions
    await self._run_user_action(impl, action_def, event)
  File "C:\Users\basil\Desktop\Projects\FullStackProjects\_ref\xstate-statemachine\src\xstate_statemachine\interpreter.py", line 2363, in _run_user_action
    impl(self, self.context, event, action_def)
    ~~~~^^^^^^^^^^^^^^^^^^^^^^^^^^^^^^^^^^^^^^^
  File "C:\Users\basil\Desktop\Projects\FullStackProjects\CandleViewer\docs\research\xstate\battle-v0.9.1\contracts\b6b10\cv09.py", line 143, in f
    raise RuntimeError("boom:" + n)
RuntimeError: boom:record_child
WARNING:xstate_statemachine.base_interpreter:💥 Transition on 'chase.arming' failed; rolling back to the pre-transition configuration.
ERROR:xstate_statemachine.interpreter:🔁 Exceeded 7 microsteps while settling transient transitions in 'chase'. Aborting to avoid an infinite loop; check for mutually-targeting 'always' transitions or an 'always' into an invoking state.
WARNING:xstate_statemachine.interpreter:🛟 Chain budget reached on 'chase' while an engine completion ('done.invoke.arm') was pending; delivering it, then cutting the self-generated tail.
ERROR:xstate_statemachine.base_interpreter:🔥 Action 'record_child' raised while handling event 'done.invoke.arm'; skipping remaining actions in this list.
Traceback (most recent call last):
  File "C:\Users\basil\Desktop\Projects\FullStackProjects\_ref\xstate-statemachine\src\xstate_statemachine\base_interpreter.py", line 3630, in _execute_actions
    await self._run_user_action(impl, action_def, event)
  File "C:\Users\basil\Desktop\Projects\FullStackProjects\_ref\xstate-statemachine\src\xstate_statemachine\interpreter.py", line 2363, in _run_user_action
    impl(self, self.context, event, action_def)
    ~~~~^^^^^^^^^^^^^^^^^^^^^^^^^^^^^^^^^^^^^^^
  File "C:\Users\basil\Desktop\Projects\FullStackProjects\CandleViewer\docs\research\xstate\battle-v0.9.1\contracts\b6b10\cv09.py", line 143, in f
    raise RuntimeError("boom:" + n)
RuntimeError: boom:record_child
WARNING:xstate_statemachine.base_interpreter:💥 Transition on 'chase.arming' failed; rolling back to the pre-transition configuration.
ERROR:xstate_statemachine.interpreter:🛑 Exceeded 7 chained self-raised events on 'chase'. This means an action raises the event that triggers it. Breaking the chain; externally queued events are unaffected.
ERROR:xstate_statemachine.base_interpreter:🧷 Machine 'chase' rests in state 'chase.arming' whose invocation 'arm' was cut by the chain budget and will never complete (#207). Exit the state with an event, or raise 'maxIterations' if the cycle is expected to converge.
PASS [def]#207/B7 (native shape): chain cut is observable (stranded hook + dormant)  | {"plateau": 10, "limit": 7, "state": ["chase.arming"], "stranded": [["chase.arming", "arm", "RunawayChainError(\"Machine 'chase' exceeded 7 chained self-generated events in o"]], "dormant": true, "last_error": "RunawayChainError(\"Machine 'chase' exceeded 7 chained self-generated events in one macrostep and discarded 1 of them. An action ra", "laps": [10, 10]}
PASS [def]#207/B7 (native shape): plateau is maxIterations+2/+3 (deterministic)  | {"plateau": 10, "limit": 7, "over": 3, "state": ["chase.arming"], "tripped": true}
ERROR:xstate_statemachine.base_interpreter:🔥 Action 'record_child' raised while handling event 'done.invoke.slice'; skipping remaining actions in this list.
Traceback (most recent call last):
  File "C:\Users\basil\Desktop\Projects\FullStackProjects\_ref\xstate-statemachine\src\xstate_statemachine\base_interpreter.py", line 3630, in _execute_actions
    await self._run_user_action(impl, action_def, event)
  File "C:\Users\basil\Desktop\Projects\FullStackProjects\_ref\xstate-statemachine\src\xstate_statemachine\interpreter.py", line 2363, in _run_user_action
    impl(self, self.context, event, action_def)
    ~~~~^^^^^^^^^^^^^^^^^^^^^^^^^^^^^^^^^^^^^^^
  File "C:\Users\basil\Desktop\Projects\FullStackProjects\CandleViewer\docs\research\xstate\battle-v0.9.1\contracts\b6b10\cv09.py", line 143, in f
    raise RuntimeError("boom:" + n)
RuntimeError: boom:record_child
WARNING:xstate_statemachine.base_interpreter:💥 Transition on 'twap.submitting_slice' failed; rolling back to the pre-transition configuration.
ERROR:xstate_statemachine.base_interpreter:🔥 Action 'record_child' raised while handling event 'done.invoke.slice'; skipping remaining actions in this list.
Traceback (most recent call last):
  File "C:\Users\basil\Desktop\Projects\FullStackProjects\_ref\xstate-statemachine\src\xstate_statemachine\base_interpreter.py", line 3630, in _execute_actions
    await self._run_user_action(impl, action_def, event)
  File "C:\Users\basil\Desktop\Projects\FullStackProjects\_ref\xstate-statemachine\src\xstate_statemachine\interpreter.py", line 2363, in _run_user_action
    impl(self, self.context, event, action_def)
    ~~~~^^^^^^^^^^^^^^^^^^^^^^^^^^^^^^^^^^^^^^^
  File "C:\Users\basil\Desktop\Projects\FullStackProjects\CandleViewer\docs\research\xstate\battle-v0.9.1\contracts\b6b10\cv09.py", line 143, in f
    raise RuntimeError("boom:" + n)
RuntimeError: boom:record_child
WARNING:xstate_statemachine.base_interpreter:💥 Transition on 'twap.submitting_slice' failed; rolling back to the pre-transition configuration.
ERROR:xstate_statemachine.base_interpreter:🔥 Action 'record_child' raised while handling event 'done.invoke.slice'; skipping remaining actions in this list.
Traceback (most recent call last):
  File "C:\Users\basil\Desktop\Projects\FullStackProjects\_ref\xstate-statemachine\src\xstate_statemachine\base_interpreter.py", line 3630, in _execute_actions
    await self._run_user_action(impl, action_def, event)
  File "C:\Users\basil\Desktop\Projects\FullStackProjects\_ref\xstate-statemachine\src\xstate_statemachine\interpreter.py", line 2363, in _run_user_action
    impl(self, self.context, event, action_def)
    ~~~~^^^^^^^^^^^^^^^^^^^^^^^^^^^^^^^^^^^^^^^
  File "C:\Users\basil\Desktop\Projects\FullStackProjects\CandleViewer\docs\research\xstate\battle-v0.9.1\contracts\b6b10\cv09.py", line 143, in f
    raise RuntimeError("boom:" + n)
RuntimeError: boom:record_child
WARNING:xstate_statemachine.base_interpreter:💥 Transition on 'twap.submitting_slice' failed; rolling back to the pre-transition configuration.
ERROR:xstate_statemachine.base_interpreter:🔥 Action 'record_child' raised while handling event 'done.invoke.slice'; skipping remaining actions in this list.
Traceback (most recent call last):
  File "C:\Users\basil\Desktop\Projects\FullStackProjects\_ref\xstate-statemachine\src\xstate_statemachine\base_interpreter.py", line 3630, in _execute_actions
    await self._run_user_action(impl, action_def, event)
  File "C:\Users\basil\Desktop\Projects\FullStackProjects\_ref\xstate-statemachine\src\xstate_statemachine\interpreter.py", line 2363, in _run_user_action
    impl(self, self.context, event, action_def)
    ~~~~^^^^^^^^^^^^^^^^^^^^^^^^^^^^^^^^^^^^^^^
  File "C:\Users\basil\Desktop\Projects\FullStackProjects\CandleViewer\docs\research\xstate\battle-v0.9.1\contracts\b6b10\cv09.py", line 143, in f
    raise RuntimeError("boom:" + n)
RuntimeError: boom:record_child
WARNING:xstate_statemachine.base_interpreter:💥 Transition on 'twap.submitting_slice' failed; rolling back to the pre-transition configuration.
ERROR:xstate_statemachine.base_interpreter:🔥 Action 'record_child' raised while handling event 'done.invoke.slice'; skipping remaining actions in this list.
Traceback (most recent call last):
  File "C:\Users\basil\Desktop\Projects\FullStackProjects\_ref\xstate-statemachine\src\xstate_statemachine\base_interpreter.py", line 3630, in _execute_actions
    await self._run_user_action(impl, action_def, event)
  File "C:\Users\basil\Desktop\Projects\FullStackProjects\_ref\xstate-statemachine\src\xstate_statemachine\interpreter.py", line 2363, in _run_user_action
    impl(self, self.context, event, action_def)
    ~~~~^^^^^^^^^^^^^^^^^^^^^^^^^^^^^^^^^^^^^^^
  File "C:\Users\basil\Desktop\Projects\FullStackProjects\CandleViewer\docs\research\xstate\battle-v0.9.1\contracts\b6b10\cv09.py", line 143, in f
    raise RuntimeError("boom:" + n)
RuntimeError: boom:record_child
WARNING:xstate_statemachine.base_interpreter:💥 Transition on 'twap.submitting_slice' failed; rolling back to the pre-transition configuration.
ERROR:xstate_statemachine.interpreter:🔁 Exceeded 5 microsteps while settling transient transitions in 'twap'. Aborting to avoid an infinite loop; check for mutually-targeting 'always' transitions or an 'always' into an invoking state.
WARNING:xstate_statemachine.interpreter:🛟 Chain budget reached on 'twap' while an engine completion ('done.invoke.slice') was pending; delivering it, then cutting the self-generated tail.
ERROR:xstate_statemachine.base_interpreter:🔥 Action 'record_child' raised while handling event 'done.invoke.slice'; skipping remaining actions in this list.
Traceback (most recent call last):
  File "C:\Users\basil\Desktop\Projects\FullStackProjects\_ref\xstate-statemachine\src\xstate_statemachine\base_interpreter.py", line 3630, in _execute_actions
    await self._run_user_action(impl, action_def, event)
  File "C:\Users\basil\Desktop\Projects\FullStackProjects\_ref\xstate-statemachine\src\xstate_statemachine\interpreter.py", line 2363, in _run_user_action
    impl(self, self.context, event, action_def)
    ~~~~^^^^^^^^^^^^^^^^^^^^^^^^^^^^^^^^^^^^^^^
  File "C:\Users\basil\Desktop\Projects\FullStackProjects\CandleViewer\docs\research\xstate\battle-v0.9.1\contracts\b6b10\cv09.py", line 143, in f
    raise RuntimeError("boom:" + n)
RuntimeError: boom:record_child
WARNING:xstate_statemachine.base_interpreter:💥 Transition on 'twap.submitting_slice' failed; rolling back to the pre-transition configuration.
ERROR:xstate_statemachine.interpreter:🛑 Exceeded 5 chained self-raised events on 'twap'. This means an action raises the event that triggers it. Breaking the chain; externally queued events are unaffected.
ERROR:xstate_statemachine.base_interpreter:🧷 Machine 'twap' rests in state 'twap.submitting_slice' whose invocation 'slice' was cut by the chain budget and will never complete (#207). Exit the state with an event, or raise 'maxIterations' if the cycle is expected to converge.
PASS [def]#207/B6 (overlay): chain cut is observable (stranded hook + dormant)  | {"plateau": 7, "limit": 5, "state": ["twap.submitting_slice"], "stranded": [["twap.submitting_slice", "slice", "RunawayChainError(\"Machine 'twap' exceeded 5 chained self-generated events in on"]], "dormant": true, "last_error": "RunawayChainError(\"Machine 'twap' exceeded 5 chained self-generated events in one macrostep and discarded 1 of them. An action rai", "laps": [7, 7]}
PASS [def]#207/B6 (overlay): plateau is maxIterations+2/+3 (deterministic)  | {"plateau": 7, "limit": 5, "over": 2, "state": ["twap.submitting_slice"], "tripped": true}
ERROR:xstate_statemachine.base_interpreter:🔥 Action 'record_fire' raised while handling event 'done.invoke.act'; skipping remaining actions in this list.
Traceback (most recent call last):
  File "C:\Users\basil\Desktop\Projects\FullStackProjects\_ref\xstate-statemachine\src\xstate_statemachine\base_interpreter.py", line 3630, in _execute_actions
    await self._run_user_action(impl, action_def, event)
  File "C:\Users\basil\Desktop\Projects\FullStackProjects\_ref\xstate-statemachine\src\xstate_statemachine\interpreter.py", line 2363, in _run_user_action
    impl(self, self.context, event, action_def)
    ~~~~^^^^^^^^^^^^^^^^^^^^^^^^^^^^^^^^^^^^^^^
  File "C:\Users\basil\Desktop\Projects\FullStackProjects\CandleViewer\docs\research\xstate\battle-v0.9.1\contracts\b6b10\cv09.py", line 143, in f
    raise RuntimeError("boom:" + n)
RuntimeError: boom:record_fire
WARNING:xstate_statemachine.base_interpreter:💥 Transition on 'rule_instance.acting' failed; rolling back to the pre-transition configuration.
ERROR:xstate_statemachine.base_interpreter:🔥 Action 'record_fire' raised while handling event 'done.invoke.act'; skipping remaining actions in this list.
Traceback (most recent call last):
  File "C:\Users\basil\Desktop\Projects\FullStackProjects\_ref\xstate-statemachine\src\xstate_statemachine\base_interpreter.py", line 3630, in _execute_actions
    await self._run_user_action(impl, action_def, event)
  File "C:\Users\basil\Desktop\Projects\FullStackProjects\_ref\xstate-statemachine\src\xstate_statemachine\interpreter.py", line 2363, in _run_user_action
    impl(self, self.context, event, action_def)
    ~~~~^^^^^^^^^^^^^^^^^^^^^^^^^^^^^^^^^^^^^^^
  File "C:\Users\basil\Desktop\Projects\FullStackProjects\CandleViewer\docs\research\xstate\battle-v0.9.1\contracts\b6b10\cv09.py", line 143, in f
    raise RuntimeError("boom:" + n)
RuntimeError: boom:record_fire
WARNING:xstate_statemachine.base_interpreter:💥 Transition on 'rule_instance.acting' failed; rolling back to the pre-transition configuration.
ERROR:xstate_statemachine.base_interpreter:🔥 Action 'record_fire' raised while handling event 'done.invoke.act'; skipping remaining actions in this list.
Traceback (most recent call last):
  File "C:\Users\basil\Desktop\Projects\FullStackProjects\_ref\xstate-statemachine\src\xstate_statemachine\base_interpreter.py", line 3630, in _execute_actions
    await self._run_user_action(impl, action_def, event)
  File "C:\Users\basil\Desktop\Projects\FullStackProjects\_ref\xstate-statemachine\src\xstate_statemachine\interpreter.py", line 2363, in _run_user_action
    impl(self, self.context, event, action_def)
    ~~~~^^^^^^^^^^^^^^^^^^^^^^^^^^^^^^^^^^^^^^^
  File "C:\Users\basil\Desktop\Projects\FullStackProjects\CandleViewer\docs\research\xstate\battle-v0.9.1\contracts\b6b10\cv09.py", line 143, in f
    raise RuntimeError("boom:" + n)
RuntimeError: boom:record_fire
WARNING:xstate_statemachine.base_interpreter:💥 Transition on 'rule_instance.acting' failed; rolling back to the pre-transition configuration.
ERROR:xstate_statemachine.base_interpreter:🔥 Action 'record_fire' raised while handling event 'done.invoke.act'; skipping remaining actions in this list.
Traceback (most recent call last):
  File "C:\Users\basil\Desktop\Projects\FullStackProjects\_ref\xstate-statemachine\src\xstate_statemachine\base_interpreter.py", line 3630, in _execute_actions
    await self._run_user_action(impl, action_def, event)
  File "C:\Users\basil\Desktop\Projects\FullStackProjects\_ref\xstate-statemachine\src\xstate_statemachine\interpreter.py", line 2363, in _run_user_action
    impl(self, self.context, event, action_def)
    ~~~~^^^^^^^^^^^^^^^^^^^^^^^^^^^^^^^^^^^^^^^
  File "C:\Users\basil\Desktop\Projects\FullStackProjects\CandleViewer\docs\research\xstate\battle-v0.9.1\contracts\b6b10\cv09.py", line 143, in f
    raise RuntimeError("boom:" + n)
RuntimeError: boom:record_fire
WARNING:xstate_statemachine.base_interpreter:💥 Transition on 'rule_instance.acting' failed; rolling back to the pre-transition configuration.
ERROR:xstate_statemachine.base_interpreter:🔥 Action 'record_fire' raised while handling event 'done.invoke.act'; skipping remaining actions in this list.
Traceback (most recent call last):
  File "C:\Users\basil\Desktop\Projects\FullStackProjects\_ref\xstate-statemachine\src\xstate_statemachine\base_interpreter.py", line 3630, in _execute_actions
    await self._run_user_action(impl, action_def, event)
  File "C:\Users\basil\Desktop\Projects\FullStackProjects\_ref\xstate-statemachine\src\xstate_statemachine\interpreter.py", line 2363, in _run_user_action
    impl(self, self.context, event, action_def)
    ~~~~^^^^^^^^^^^^^^^^^^^^^^^^^^^^^^^^^^^^^^^
  File "C:\Users\basil\Desktop\Projects\FullStackProjects\CandleViewer\docs\research\xstate\battle-v0.9.1\contracts\b6b10\cv09.py", line 143, in f
    raise RuntimeError("boom:" + n)
RuntimeError: boom:record_fire
WARNING:xstate_statemachine.base_interpreter:💥 Transition on 'rule_instance.acting' failed; rolling back to the pre-transition configuration.
ERROR:xstate_statemachine.interpreter:🔁 Exceeded 6 microsteps while settling transient transitions in 'rule_instance'. Aborting to avoid an infinite loop; check for mutually-targeting 'always' transitions or an 'always' into an invoking state.
WARNING:xstate_statemachine.interpreter:🛟 Chain budget reached on 'rule_instance' while an engine completion ('done.invoke.act') was pending; delivering it, then cutting the self-generated tail.
ERROR:xstate_statemachine.base_interpreter:🔥 Action 'record_fire' raised while handling event 'done.invoke.act'; skipping remaining actions in this list.
Traceback (most recent call last):
  File "C:\Users\basil\Desktop\Projects\FullStackProjects\_ref\xstate-statemachine\src\xstate_statemachine\base_interpreter.py", line 3630, in _execute_actions
    await self._run_user_action(impl, action_def, event)
  File "C:\Users\basil\Desktop\Projects\FullStackProjects\_ref\xstate-statemachine\src\xstate_statemachine\interpreter.py", line 2363, in _run_user_action
    impl(self, self.context, event, action_def)
    ~~~~^^^^^^^^^^^^^^^^^^^^^^^^^^^^^^^^^^^^^^^
  File "C:\Users\basil\Desktop\Projects\FullStackProjects\CandleViewer\docs\research\xstate\battle-v0.9.1\contracts\b6b10\cv09.py", line 143, in f
    raise RuntimeError("boom:" + n)
RuntimeError: boom:record_fire
WARNING:xstate_statemachine.base_interpreter:💥 Transition on 'rule_instance.acting' failed; rolling back to the pre-transition configuration.
ERROR:xstate_statemachine.interpreter:🛑 Exceeded 6 chained self-raised events on 'rule_instance'. This means an action raises the event that triggers it. Breaking the chain; externally queued events are unaffected.
ERROR:xstate_statemachine.base_interpreter:🧷 Machine 'rule_instance' rests in state 'rule_instance.acting' whose invocation 'act' was cut by the chain budget and will never complete (#207). Exit the state with an event, or raise 'maxIterations' if the cycle is expected to converge.
PASS [def]#207/B9 (overlay): chain cut is observable (stranded hook + dormant)  | {"plateau": 8, "limit": 6, "state": ["rule_instance.acting"], "stranded": [["rule_instance.acting", "act", "RunawayChainError(\"Machine 'rule_instance' exceeded 6 chained self-generated eve"]], "dormant": true, "last_error": "RunawayChainError(\"Machine 'rule_instance' exceeded 6 chained self-generated events in one macrostep and discarded 1 of them. An a", "laps": [8, 8]}
PASS [def]#207/B9 (overlay): plateau is maxIterations+2/+3 (deterministic)  | {"plateau": 8, "limit": 6, "over": 2, "state": ["rule_instance.acting"], "tripped": true}
WARNING:xstate_statemachine.interpreter:🛟 Chain budget reached on 'alert' while an engine completion ('done.invoke.deliver') was pending; delivering it, then cutting the self-generated tail.
ERROR:xstate_statemachine.interpreter:🛑 Exceeded 4 chained self-raised events on 'alert'. This means an action raises the event that triggers it. Breaking the chain; externally queued events are unaffected.
ERROR:xstate_statemachine.base_interpreter:🧷 Machine 'alert' rests in state 'alert.firing' whose invocation 'deliver' was cut by the chain budget and will never complete (#207). Exit the state with an event, or raise 'maxIterations' if the cycle is expected to converge.
PASS [def]#207/B10 (overlay): chain cut is observable (stranded hook + dormant)  | {"plateau": 6, "limit": 4, "state": ["alert.firing"], "stranded": [["alert.firing", "deliver", "RunawayChainError(\"Machine 'alert' exceeded 4 chained self-generated events in o"]], "dormant": true, "last_error": "RunawayChainError(\"Machine 'alert' exceeded 4 chained self-generated events in one macrostep and discarded 1 of them. An action ra", "laps": [6, 6]}
PASS [def]#207/B10 (overlay): plateau is maxIterations+2/+3 (deterministic)  | {"plateau": 6, "limit": 4, "over": 2, "state": ["alert.firing"], "tripped": true}
PASS [def]#204/B6.submitting_slice: invoke never arms on same-macrostep exit  | {"st": ["twap.armed"], "svc": []}
PASS [def]#204/B6.submitting_slice [SYNC] same  | {"st": ["twap.armed"], "svc": []}
PASS [def]#204/B9.evaluating: invoke never arms on same-macrostep exit  | {"st": ["rule_instance.armed"], "svc": []}
PASS [def]#204/B9.evaluating [SYNC] same  | {"st": ["rule_instance.armed"], "svc": []}
PASS [def]#204/B10.firing: invoke never arms on same-macrostep exit  | {"st": ["alert.armed"], "svc": []}
PASS [def]#204/B10.firing [SYNC] same  | {"st": ["alert.armed"], "svc": []}

--- 14 checks, 0 FAIL: []
