{
 "after1/plain": {
  "beats": 65,
  "beats_later": 98,
  "still_beating": true,
  "chain_budget_drops": 0,
  "last_error": null
 },
 "raise_delay1/plain": {
  "beats": 66,
  "beats_later": 98,
  "still_beating": true,
  "chain_budget_drops": 0,
  "last_error": null
 },
 "raise_delay50/plain": {
  "beats": 17,
  "beats_later": 25,
  "still_beating": true,
  "chain_budget_drops": 0,
  "last_error": null
 },
 "raise_delay0/plain": {
  "beats": 12,
  "beats_later": 12,
  "still_beating": false,
  "chain_budget_drops": 1,
  "last_error": "RunawayChainError"
 },
 "after1/async": {
  "beats": 65,
  "beats_later": 97,
  "still_beating": true,
  "chain_budget_drops": 0,
  "last_error": null
 },
 "raise_delay1/async": {
  "beats": 65,
  "beats_later": 97,
  "still_beating": true,
  "chain_budget_drops": 0,
  "last_error": null
 },
 "raise_delay50/async": {
  "beats": 17,
  "beats_later": 25,
  "still_beating": true,
  "chain_budget_drops": 0,
  "last_error": null
 },
 "raise_delay0/async": {
  "beats": 12,
  "beats_later": 12,
  "still_beating": false,
  "chain_budget_drops": 1,
  "last_error": "RunawayChainError"
 },
 "VIOLATIONS": [],
 "REPRODUCED": false
}
