{
 "after/plain": {
  "beats": 638,
  "timer_handles_retained": 1,
  "armed_self_sends": 0,
  "scheduled_sends": 0,
  "retained_per_beat": 0.002
 },
 "raise_delay/plain": {
  "beats": 630,
  "timer_handles_retained": 1,
  "armed_self_sends": 1,
  "scheduled_sends": 0,
  "retained_per_beat": 0.002
 },
 "after/async": {
  "beats": 638,
  "timer_handles_retained": 1,
  "armed_self_sends": 0,
  "scheduled_sends": 0,
  "retained_per_beat": 0.002
 },
 "raise_delay/async": {
  "beats": 636,
  "timer_handles_retained": 0,
  "armed_self_sends": 0,
  "scheduled_sends": 0,
  "retained_per_beat": 0.0
 },
 "REPRODUCED": false,
 "leaking_cells": [],
 "note": "`after` reclaims its handles on state exit; a delayed self-send is owned by the machine id and never reclaimed"
}
