WARNING:xstate_statemachine.base_interpreter:🚫 Restored event 'done.invoke.fill' refused by strict mode on 'u1' and dropped (#214): Event 'done.invoke.fill' is an engine-generated name and cannot be sent as user traffic to machine 'u1'. Completions (`done.invoke.*`, `error.platform.*`), timers (`after.*`) and engine sentinels are minted by the interpreter when the work they describe actually happens; a hand-built one is refused under strict mode.
C:\Users\basil\Desktop\Projects\FullStackProjects\CandleViewer\docs\research\xstate\battle-de2da4e\concurrency\rerun-c78ce99\u1_v2_upcast_minting.py:100: DeprecationWarning: ErrorEvent.data is deprecated and will be removed in 0.9; read ErrorEvent.error instead.
  seen.append(getattr(e, "data", None) or getattr(e, "type", None))
WARNING:xstate_statemachine.base_interpreter:🚫 Restored event 'done.invoke.fill' refused by strict mode on 'u1' and dropped (#214): Event 'done.invoke.fill' is an engine-generated name and cannot be sent as user traffic to machine 'u1'. Completions (`done.invoke.*`, `error.platform.*`), timers (`after.*`) and engine sentinels are minted by the interpreter when the work they describe actually happens; a hand-built one is refused under strict mode.
{
  "probe": "u1_v2_upcast_minting",
  "py": "3.13.7",
  "cells": [
    {
      "cell": "A_v3_unflagged",
      "kind": "def",
      "version": 3,
      "states": [
        "u1.work"
      ],
      "marks": [],
      "n": 0
    },
    {
      "cell": "B_v3_flagged",
      "kind": "def",
      "version": 3,
      "states": [
        "u1.done"
      ],
      "marks": [
        {
          "v": "FORGED"
        }
      ],
      "n": 1
    },
    {
      "cell": "C_v2_upcast_done",
      "kind": "def",
      "version": 2,
      "states": [
        "u1.done"
      ],
      "marks": [
        {
          "v": "FORGED"
        }
      ],
      "n": 1
    },
    {
      "cell": "D_v2_upcast_after",
      "kind": "def",
      "version": 2,
      "states": [
        "u1a.late"
      ],
      "marks": [
        "after.60000.u1a.wait"
      ],
      "n": 1
    },
    {
      "cell": "E_v2_upcast_error",
      "kind": "def",
      "version": 2,
      "states": [
        "u1.bad"
      ],
      "marks": [
        "FORGED"
      ],
      "n": 1
    },
    {
      "cell": "A_v3_unflagged",
      "kind": "async def",
      "version": 3,
      "states": [
        "u1.work"
      ],
      "marks": [],
      "n": 0
    },
    {
      "cell": "B_v3_flagged",
      "kind": "async def",
      "version": 3,
      "states": [
        "u1.done"
      ],
      "marks": [
        {
          "v": "FORGED"
        }
      ],
      "n": 1
    },
    {
      "cell": "C_v2_upcast_done",
      "kind": "async def",
      "version": 2,
      "states": [
        "u1.done"
      ],
      "marks": [
        {
          "v": "FORGED"
        }
      ],
      "n": 1
    },
    {
      "cell": "D_v2_upcast_after",
      "kind": "async def",
      "version": 2,
      "states": [
        "u1a.late"
      ],
      "marks": [
        "after.60000.u1a.wait"
      ],
      "n": 1
    },
    {
      "cell": "E_v2_upcast_error",
      "kind": "async def",
      "version": 2,
      "states": [
        "u1.bad"
      ],
      "marks": [
        "FORGED"
      ],
      "n": 1
    }
  ],
  "control_v3_unflagged_refused": true,
  "forged_v2_records_that_drove_engine_machinery": [
    "C_v2_upcast_done/def",
    "D_v2_upcast_after/def",
    "E_v2_upcast_error/def",
    "C_v2_upcast_done/async def",
    "D_v2_upcast_after/async def",
    "E_v2_upcast_error/async def"
  ],
  "verdict": "DEFECT"
}
