<workspace>\_ref\xstate-statemachine\src\xstate_statemachine\interpreter.py:1531: RuntimeWarning: coroutine 'hang' was never awaited
  event, from_inbox = await self._next_event()
RuntimeWarning: Enable tracemalloc to get the object allocation traceback
ERROR:xstate_statemachine.interpreter:💥 Service 'fetch_exchange_state' (ID: 'fetch') failed: net
Traceback (most recent call last):
  File "<workspace>\_ref\xstate-statemachine\src\xstate_statemachine\interpreter.py", line 2405, in _invoke_service_task
    await produced if inspect.isawaitable(produced) else produced
    ^^^^^^^^^^^^^^
  File "<workspace>\CandleViewer\docs\research\xstate\battle-221ce7c\contracts\charness.py", line 99, in s
    if isinstance(v, BaseException): raise v
                                     ^^^^^^^
RuntimeError: net
ERROR:xstate_statemachine.interpreter:💥 Service 'fetch_exchange_state' (ID: 'fetch') failed: net
Traceback (most recent call last):
  File "<workspace>\_ref\xstate-statemachine\src\xstate_statemachine\interpreter.py", line 2405, in _invoke_service_task
    await produced if inspect.isawaitable(produced) else produced
    ^^^^^^^^^^^^^^
  File "<workspace>\CandleViewer\docs\research\xstate\battle-221ce7c\contracts\charness.py", line 99, in s
    if isinstance(v, BaseException): raise v
                                     ^^^^^^^
RuntimeError: net
ERROR:xstate_statemachine.interpreter:💥 Service 'fetch_exchange_state' (ID: 'fetch') failed: net
Traceback (most recent call last):
  File "<workspace>\_ref\xstate-statemachine\src\xstate_statemachine\interpreter.py", line 2405, in _invoke_service_task
    await produced if inspect.isawaitable(produced) else produced
    ^^^^^^^^^^^^^^
  File "<workspace>\CandleViewer\docs\research\xstate\battle-221ce7c\contracts\charness.py", line 99, in s
    if isinstance(v, BaseException): raise v
                                     ^^^^^^^
RuntimeError: net
ERROR:xstate_statemachine.interpreter:💥 Service 'fetch_exchange_state' (ID: 'fetch') failed: net
Traceback (most recent call last):
  File "<workspace>\_ref\xstate-statemachine\src\xstate_statemachine\interpreter.py", line 2405, in _invoke_service_task
    await produced if inspect.isawaitable(produced) else produced
    ^^^^^^^^^^^^^^
  File "<workspace>\CandleViewer\docs\research\xstate\battle-221ce7c\contracts\charness.py", line 99, in s
    if isinstance(v, BaseException): raise v
                                     ^^^^^^^
RuntimeError: net
ERROR:xstate_statemachine.interpreter:💥 Service 'fetch_exchange_state' (ID: 'fetch') failed: net
Traceback (most recent call last):
  File "<workspace>\_ref\xstate-statemachine\src\xstate_statemachine\interpreter.py", line 2405, in _invoke_service_task
    await produced if inspect.isawaitable(produced) else produced
    ^^^^^^^^^^^^^^
  File "<workspace>\CandleViewer\docs\research\xstate\battle-221ce7c\contracts\charness.py", line 99, in s
    if isinstance(v, BaseException): raise v
                                     ^^^^^^^
RuntimeError: net
ERROR:xstate_statemachine.interpreter:💥 Service 'fetch_exchange_state' (ID: 'fetch') failed: net
Traceback (most recent call last):
  File "<workspace>\_ref\xstate-statemachine\src\xstate_statemachine\interpreter.py", line 2405, in _invoke_service_task
    await produced if inspect.isawaitable(produced) else produced
    ^^^^^^^^^^^^^^
  File "<workspace>\CandleViewer\docs\research\xstate\battle-221ce7c\contracts\charness.py", line 99, in s
    if isinstance(v, BaseException): raise v
                                     ^^^^^^^
RuntimeError: net
ERROR:xstate_statemachine.interpreter:💥 Service 'fetch_exchange_state' (ID: 'fetch') failed: net
Traceback (most recent call last):
  File "<workspace>\_ref\xstate-statemachine\src\xstate_statemachine\interpreter.py", line 2405, in _invoke_service_task
    await produced if inspect.isawaitable(produced) else produced
    ^^^^^^^^^^^^^^
  File "<workspace>\CandleViewer\docs\research\xstate\battle-221ce7c\contracts\charness.py", line 99, in s
    if isinstance(v, BaseException): raise v
                                     ^^^^^^^
  File "<workspace>\_ref\xstate-statemachine\src\xstate_statemachine\interpreter.py", line 2405, in _invoke_service_task
    await produced if inspect.isawaitable(produced) else produced
    ^^^^^^^^^^^^^^
  File "<workspace>\CandleViewer\docs\research\xstate\battle-221ce7c\contracts\charness.py", line 99, in s
    if isinstance(v, BaseException): raise v
                                     ^^^^^^^
RuntimeError: net
ERROR:xstate_statemachine.base_interpreter:🔥 Action 'broadcast_lockout' raised while handling event 'MANUAL_LOCK'; skipping remaining actions in this list.
Traceback (most recent call last):
  File "<workspace>\_ref\xstate-statemachine\src\xstate_statemachine\base_interpreter.py", line 3196, in _execute_actions
    await self._run_user_action(impl, action_def, event)
  File "<workspace>\_ref\xstate-statemachine\src\xstate_statemachine\interpreter.py", line 1910, in _run_user_action
    impl(self, self.context, event, action_def)
    ~~~~^^^^^^^^^^^^^^^^^^^^^^^^^^^^^^^^^^^^^^^
  File "<workspace>\CandleViewer\docs\research\xstate\battle-221ce7c\contracts\charness.py", line 81, in f
    raise RuntimeError("boom:" + n)
RuntimeError: boom:broadcast_lockout
WARNING:xstate_statemachine.base_interpreter:💥 Transition on 'risk_lockout.clear' failed; rolling back to the pre-transition configuration.
ERROR:xstate_statemachine.sync_interpreter:🚫 Service 'fetch_exchange_state' is async and not supported by SyncInterpreter.
ERROR:xstate_statemachine.base_interpreter:💥 Transition on 'reconciliation.idle' failed; rolling back to the pre-transition configuration.
Traceback (most recent call last):
  File "<workspace>\_ref\xstate-statemachine\src\xstate_statemachine\base_interpreter.py", line 2966, in _execute_transition
    await self._enter_states(path_to_enter, event)
  File "<workspace>\_ref\xstate-statemachine\src\xstate_statemachine\base_interpreter.py", line 3531, in _enter_states
    self._schedule_state_tasks(state)
    ~~~~~~~~~~~~~~~~~~~~~~~~~~^^^^^^^
  File "<workspace>\_ref\xstate-statemachine\src\xstate_statemachine\base_interpreter.py", line 4750, in _schedule_state_tasks
    self._schedule_state_invokes(state)
    ~~~~~~~~~~~~~~~~~~~~~~~~~~~~^^^^^^^
  File "<workspace>\_ref\xstate-statemachine\src\xstate_statemachine\base_interpreter.py", line 4802, in _schedule_state_invokes
    self._invoke_service(
    ~~~~~~~~~~~~~~~~~~~~^
        invocation, service_callable, owner_id=state.id
        ^^^^^^^^^^^^^^^^^^^^^^^^^^^^^^^^^^^^^^^^^^^^^^^
    )
    ^
  File "<workspace>\_ref\xstate-statemachine\src\xstate_statemachine\sync_interpreter.py", line 1592, in _invoke_service
    raise NotSupportedError(
        f"Service '{invocation.src}' is async and not supported."
    )
xstate_statemachine.exceptions.NotSupportedError: Service 'fetch_exchange_state' is async and not supported.
